<!doctype html public "-//w3c//dtd html 4.0 transitional//en">
<html><head>
<title>Static Call Graph - [.\Obj\Tarena.axf]</title></head>
<body><HR>
<H1>Static Call Graph for image .\Obj\Tarena.axf</H1><HR>
<BR><P>#&#060CALLGRAPH&#062# ARM Linker, 5060750: Last Updated: Sun Jan 11 19:20:52 2026
<BR><P>
<H3>Maximum Stack Usage =        192 bytes + Unknown(Cycles, Untraceable Function Pointers)</H3><H3>
Call chain for Maximum Stack Depth:</H3>
main &rArr; vTaskStartScheduler &rArr; xTaskCreate &rArr; pvPortMalloc &rArr; xTaskResumeAll &rArr; xTaskIncrementTick &rArr; __2printf
<P>
<H3>
Mutually Recursive functions
</H3> <LI><a href="#[1c]">ADC1_2_IRQHandler</a>&nbsp;&nbsp;&nbsp;&rArr;&nbsp;&nbsp;&nbsp;<a href="#[1c]">ADC1_2_IRQHandler</a><BR>
 <LI><a href="#[bd]">WIFI_Connect</a>&nbsp;&nbsp;&nbsp;&rArr;&nbsp;&nbsp;&nbsp;<a href="#[bd]">WIFI_Connect</a><BR>
</UL>
<P>
<H3>
Function Pointers
</H3><UL>
 <LI><a href="#[1c]">ADC1_2_IRQHandler</a> from startup_stm32f10x_hd.o(.text) referenced from startup_stm32f10x_hd.o(RESET)
 <LI><a href="#[39]">ADC3_IRQHandler</a> from startup_stm32f10x_hd.o(.text) referenced from startup_stm32f10x_hd.o(RESET)
 <LI><a href="#[56]">AT24C02_Init</a> from at24c02.o(i.AT24C02_Init) referenced from init.o(.data)
 <LI><a href="#[52]">BEEP_Init</a> from beep.o(i.BEEP_Init) referenced from init.o(.data)
 <LI><a href="#[4]">BusFault_Handler</a> from stm32f10x_it.o(i.BusFault_Handler) referenced from startup_stm32f10x_hd.o(RESET)
 <LI><a href="#[1f]">CAN1_RX1_IRQHandler</a> from startup_stm32f10x_hd.o(.text) referenced from startup_stm32f10x_hd.o(RESET)
 <LI><a href="#[20]">CAN1_SCE_IRQHandler</a> from startup_stm32f10x_hd.o(.text) referenced from startup_stm32f10x_hd.o(RESET)
 <LI><a href="#[15]">DMA1_Channel1_IRQHandler</a> from startup_stm32f10x_hd.o(.text) referenced from startup_stm32f10x_hd.o(RESET)
 <LI><a href="#[16]">DMA1_Channel2_IRQHandler</a> from interrupt.o(i.DMA1_Channel2_IRQHandler) referenced from startup_stm32f10x_hd.o(RESET)
 <LI><a href="#[17]">DMA1_Channel3_IRQHandler</a> from startup_stm32f10x_hd.o(.text) referenced from startup_stm32f10x_hd.o(RESET)
 <LI><a href="#[18]">DMA1_Channel4_IRQHandler</a> from interrupt.o(i.DMA1_Channel4_IRQHandler) referenced from startup_stm32f10x_hd.o(RESET)
 <LI><a href="#[19]">DMA1_Channel5_IRQHandler</a> from startup_stm32f10x_hd.o(.text) referenced from startup_stm32f10x_hd.o(RESET)
 <LI><a href="#[1a]">DMA1_Channel6_IRQHandler</a> from startup_stm32f10x_hd.o(.text) referenced from startup_stm32f10x_hd.o(RESET)
 <LI><a href="#[1b]">DMA1_Channel7_IRQHandler</a> from startup_stm32f10x_hd.o(.text) referenced from startup_stm32f10x_hd.o(RESET)
 <LI><a href="#[42]">DMA2_Channel1_IRQHandler</a> from startup_stm32f10x_hd.o(.text) referenced from startup_stm32f10x_hd.o(RESET)
 <LI><a href="#[43]">DMA2_Channel2_IRQHandler</a> from startup_stm32f10x_hd.o(.text) referenced from startup_stm32f10x_hd.o(RESET)
 <LI><a href="#[44]">DMA2_Channel3_IRQHandler</a> from startup_stm32f10x_hd.o(.text) referenced from startup_stm32f10x_hd.o(RESET)
 <LI><a href="#[45]">DMA2_Channel4_5_IRQHandler</a> from startup_stm32f10x_hd.o(.text) referenced from startup_stm32f10x_hd.o(RESET)
 <LI><a href="#[57]">DS18B20_Init</a> from ds18b20.o(i.DS18B20_Init) referenced from init.o(.data)
 <LI><a href="#[7]">DebugMon_Handler</a> from stm32f10x_it.o(i.DebugMon_Handler) referenced from startup_stm32f10x_hd.o(RESET)
 <LI><a href="#[10]">EXTI0_IRQHandler</a> from exti.o(i.EXTI0_IRQHandler) referenced from startup_stm32f10x_hd.o(RESET)
 <LI><a href="#[32]">EXTI15_10_IRQHandler</a> from startup_stm32f10x_hd.o(.text) referenced from startup_stm32f10x_hd.o(RESET)
 <LI><a href="#[11]">EXTI1_IRQHandler</a> from startup_stm32f10x_hd.o(.text) referenced from startup_stm32f10x_hd.o(RESET)
 <LI><a href="#[12]">EXTI2_IRQHandler</a> from startup_stm32f10x_hd.o(.text) referenced from startup_stm32f10x_hd.o(RESET)
 <LI><a href="#[13]">EXTI3_IRQHandler</a> from exti.o(i.EXTI3_IRQHandler) referenced from startup_stm32f10x_hd.o(RESET)
 <LI><a href="#[14]">EXTI4_IRQHandler</a> from exti.o(i.EXTI4_IRQHandler) referenced from startup_stm32f10x_hd.o(RESET)
 <LI><a href="#[21]">EXTI9_5_IRQHandler</a> from startup_stm32f10x_hd.o(.text) referenced from startup_stm32f10x_hd.o(RESET)
 <LI><a href="#[e]">FLASH_IRQHandler</a> from startup_stm32f10x_hd.o(.text) referenced from startup_stm32f10x_hd.o(RESET)
 <LI><a href="#[3a]">FSMC_IRQHandler</a> from startup_stm32f10x_hd.o(.text) referenced from startup_stm32f10x_hd.o(RESET)
 <LI><a href="#[2]">HardFault_Handler</a> from stm32f10x_it.o(i.HardFault_Handler) referenced from startup_stm32f10x_hd.o(RESET)
 <LI><a href="#[2a]">I2C1_ER_IRQHandler</a> from startup_stm32f10x_hd.o(.text) referenced from startup_stm32f10x_hd.o(RESET)
 <LI><a href="#[29]">I2C1_EV_IRQHandler</a> from startup_stm32f10x_hd.o(.text) referenced from startup_stm32f10x_hd.o(RESET)
 <LI><a href="#[2c]">I2C2_ER_IRQHandler</a> from startup_stm32f10x_hd.o(.text) referenced from startup_stm32f10x_hd.o(RESET)
 <LI><a href="#[2b]">I2C2_EV_IRQHandler</a> from startup_stm32f10x_hd.o(.text) referenced from startup_stm32f10x_hd.o(RESET)
 <LI><a href="#[54]">KEY_Init</a> from key.o(i.KEY_Init) referenced from init.o(.data)
 <LI><a href="#[51]">LED_Init</a> from led.o(i.LED_Init) referenced from init.o(.data)
 <LI><a href="#[5c]">MOTOR_Init</a> from motor.o(i.MOTOR_Init) referenced from init.o(.data)
 <LI><a href="#[55]">MY_EXTI_Init</a> from exti.o(i.MY_EXTI_Init) referenced from init.o(.data)
 <LI><a href="#[3]">MemManage_Handler</a> from stm32f10x_it.o(i.MemManage_Handler) referenced from startup_stm32f10x_hd.o(RESET)
 <LI><a href="#[1]">NMI_Handler</a> from stm32f10x_it.o(i.NMI_Handler) referenced from startup_stm32f10x_hd.o(RESET)
 <LI><a href="#[5e]">OLED_Init</a> from oled.o(i.OLED_Init) referenced from init.o(.data)
 <LI><a href="#[b]">PVD_IRQHandler</a> from startup_stm32f10x_hd.o(.text) referenced from startup_stm32f10x_hd.o(RESET)
 <LI><a href="#[8]">PendSV_Handler</a> from port.o(.emb_text) referenced from startup_stm32f10x_hd.o(RESET)
 <LI><a href="#[f]">RCC_IRQHandler</a> from startup_stm32f10x_hd.o(.text) referenced from startup_stm32f10x_hd.o(RESET)
 <LI><a href="#[33]">RTCAlarm_IRQHandler</a> from startup_stm32f10x_hd.o(.text) referenced from startup_stm32f10x_hd.o(RESET)
 <LI><a href="#[d]">RTC_IRQHandler</a> from startup_stm32f10x_hd.o(.text) referenced from startup_stm32f10x_hd.o(RESET)
 <LI><a href="#[0]">Reset_Handler</a> from startup_stm32f10x_hd.o(.text) referenced from startup_stm32f10x_hd.o(RESET)
 <LI><a href="#[3b]">SDIO_IRQHandler</a> from startup_stm32f10x_hd.o(.text) referenced from startup_stm32f10x_hd.o(RESET)
 <LI><a href="#[2d]">SPI1_IRQHandler</a> from startup_stm32f10x_hd.o(.text) referenced from startup_stm32f10x_hd.o(RESET)
 <LI><a href="#[2e]">SPI2_IRQHandler</a> from startup_stm32f10x_hd.o(.text) referenced from startup_stm32f10x_hd.o(RESET)
 <LI><a href="#[3d]">SPI3_IRQHandler</a> from startup_stm32f10x_hd.o(.text) referenced from startup_stm32f10x_hd.o(RESET)
 <LI><a href="#[6]">SVC_Handler</a> from port.o(.emb_text) referenced from startup_stm32f10x_hd.o(RESET)
 <LI><a href="#[9]">SysTick_Handler</a> from stm32f10x_it.o(i.SysTick_Handler) referenced from startup_stm32f10x_hd.o(RESET)
 <LI><a href="#[50]">SysTick_Init</a> from systick.o(i.SysTick_Init) referenced from init.o(.data)
 <LI><a href="#[47]">SystemInit</a> from system_stm32f10x.o(i.SystemInit) referenced from startup_stm32f10x_hd.o(.text)
 <LI><a href="#[c]">TAMPER_IRQHandler</a> from startup_stm32f10x_hd.o(.text) referenced from startup_stm32f10x_hd.o(RESET)
 <LI><a href="#[22]">TIM1_BRK_IRQHandler</a> from startup_stm32f10x_hd.o(.text) referenced from startup_stm32f10x_hd.o(RESET)
 <LI><a href="#[25]">TIM1_CC_IRQHandler</a> from startup_stm32f10x_hd.o(.text) referenced from startup_stm32f10x_hd.o(RESET)
 <LI><a href="#[24]">TIM1_TRG_COM_IRQHandler</a> from startup_stm32f10x_hd.o(.text) referenced from startup_stm32f10x_hd.o(RESET)
 <LI><a href="#[23]">TIM1_UP_IRQHandler</a> from startup_stm32f10x_hd.o(.text) referenced from startup_stm32f10x_hd.o(RESET)
 <LI><a href="#[26]">TIM2_IRQHandler</a> from startup_stm32f10x_hd.o(.text) referenced from startup_stm32f10x_hd.o(RESET)
 <LI><a href="#[27]">TIM3_IRQHandler</a> from startup_stm32f10x_hd.o(.text) referenced from startup_stm32f10x_hd.o(RESET)
 <LI><a href="#[28]">TIM4_IRQHandler</a> from timer4.o(i.TIM4_IRQHandler) referenced from startup_stm32f10x_hd.o(RESET)
 <LI><a href="#[3c]">TIM5_IRQHandler</a> from startup_stm32f10x_hd.o(.text) referenced from startup_stm32f10x_hd.o(RESET)
 <LI><a href="#[40]">TIM6_IRQHandler</a> from startup_stm32f10x_hd.o(.text) referenced from startup_stm32f10x_hd.o(RESET)
 <LI><a href="#[41]">TIM7_IRQHandler</a> from startup_stm32f10x_hd.o(.text) referenced from startup_stm32f10x_hd.o(RESET)
 <LI><a href="#[35]">TIM8_BRK_IRQHandler</a> from startup_stm32f10x_hd.o(.text) referenced from startup_stm32f10x_hd.o(RESET)
 <LI><a href="#[38]">TIM8_CC_IRQHandler</a> from startup_stm32f10x_hd.o(.text) referenced from startup_stm32f10x_hd.o(RESET)
 <LI><a href="#[37]">TIM8_TRG_COM_IRQHandler</a> from startup_stm32f10x_hd.o(.text) referenced from startup_stm32f10x_hd.o(RESET)
 <LI><a href="#[36]">TIM8_UP_IRQHandler</a> from startup_stm32f10x_hd.o(.text) referenced from startup_stm32f10x_hd.o(RESET)
 <LI><a href="#[59]">TIMER4_Init</a> from timer4.o(i.TIMER4_Init) referenced from init.o(.data)
 <LI><a href="#[58]">UART1DMA_Init</a> from dma.o(i.UART1DMA_Init) referenced from init.o(.data)
 <LI><a href="#[5d]">UART2_INIT</a> from uart2.o(i.UART2_INIT) referenced from init.o(.data)
 <LI><a href="#[5b]">UART3_Init</a> from uart3.o(i.UART3_Init) referenced from init.o(.data)
 <LI><a href="#[3e]">UART4_IRQHandler</a> from startup_stm32f10x_hd.o(.text) referenced from startup_stm32f10x_hd.o(RESET)
 <LI><a href="#[3f]">UART5_IRQHandler</a> from startup_stm32f10x_hd.o(.text) referenced from startup_stm32f10x_hd.o(RESET)
 <LI><a href="#[53]">UART_IDLEInit</a> from uart.o(i.UART_IDLEInit) referenced from init.o(.data)
 <LI><a href="#[2f]">USART1_IRQHandler</a> from interrupt.o(i.USART1_IRQHandler) referenced from startup_stm32f10x_hd.o(RESET)
 <LI><a href="#[30]">USART2_IRQHandler</a> from interrupt.o(i.USART2_IRQHandler) referenced from startup_stm32f10x_hd.o(RESET)
 <LI><a href="#[31]">USART3_IRQHandler</a> from interrupt.o(i.USART3_IRQHandler) referenced from startup_stm32f10x_hd.o(RESET)
 <LI><a href="#[34]">USBWakeUp_IRQHandler</a> from startup_stm32f10x_hd.o(.text) referenced from startup_stm32f10x_hd.o(RESET)
 <LI><a href="#[1d]">USB_HP_CAN1_TX_IRQHandler</a> from startup_stm32f10x_hd.o(.text) referenced from startup_stm32f10x_hd.o(RESET)
 <LI><a href="#[1e]">USB_LP_CAN1_RX0_IRQHandler</a> from startup_stm32f10x_hd.o(.text) referenced from startup_stm32f10x_hd.o(RESET)
 <LI><a href="#[5]">UsageFault_Handler</a> from stm32f10x_it.o(i.UsageFault_Handler) referenced from startup_stm32f10x_hd.o(RESET)
 <LI><a href="#[5a]">WIFI_ResetIO_Init</a> from esp8266.o(i.WIFI_ResetIO_Init) referenced from init.o(.data)
 <LI><a href="#[a]">WWDG_IRQHandler</a> from startup_stm32f10x_hd.o(.text) referenced from startup_stm32f10x_hd.o(RESET)
 <LI><a href="#[48]">__main</a> from entry.o(.ARM.Collect$$$$00000000) referenced from startup_stm32f10x_hd.o(.text)
 <LI><a href="#[4a]">_sputc</a> from printfa.o(i._sputc) referenced from printfa.o(i.__0sprintf)
 <LI><a href="#[4a]">_sputc</a> from printfa.o(i._sputc) referenced from printfa.o(i.__0vsprintf)
 <LI><a href="#[49]">fputc</a> from uart.o(i.fputc) referenced from printfa.o(i.__0printf)
 <LI><a href="#[46]">main</a> from main.o(i.main) referenced from entry9a.o(.ARM.Collect$$$$0000000B)
 <LI><a href="#[4f]">prvIdleTask</a> from tasks.o(i.prvIdleTask) referenced from tasks.o(i.vTaskStartScheduler)
 <LI><a href="#[4e]">prvTaskExitError</a> from port.o(i.prvTaskExitError) referenced from port.o(i.pxPortInitialiseStack)
 <LI><a href="#[4d]">vTaskFor485</a> from main.o(i.vTaskFor485) referenced from main.o(i.main)
 <LI><a href="#[4c]">vTaskForLed</a> from main.o(i.vTaskForLed) referenced from main.o(i.main)
 <LI><a href="#[4b]">vTaskForTemp</a> from main.o(i.vTaskForTemp) referenced from main.o(i.main)
</UL>
<P>
<H3>
Global Symbols
</H3>
<P><STRONG><a name="[48]"></a>__main</STRONG> (Thumb, 0 bytes, Stack size unknown bytes, entry.o(.ARM.Collect$$$$00000000))
<BR>[Address Reference Count : 1]<UL><LI> startup_stm32f10x_hd.o(.text)
</UL>
<P><STRONG><a name="[f3]"></a>_main_stk</STRONG> (Thumb, 0 bytes, Stack size unknown bytes, entry2.o(.ARM.Collect$$$$00000001))

<P><STRONG><a name="[5f]"></a>_main_scatterload</STRONG> (Thumb, 0 bytes, Stack size unknown bytes, entry5.o(.ARM.Collect$$$$00000004))
<BR><BR>[Calls]<UL><LI><a href="#[60]">&gt;&gt;</a>&nbsp;&nbsp;&nbsp;__scatterload
</UL>

<P><STRONG><a name="[75]"></a>__main_after_scatterload</STRONG> (Thumb, 0 bytes, Stack size unknown bytes, entry5.o(.ARM.Collect$$$$00000004))
<BR><BR>[Called By]<UL><LI><a href="#[60]">&gt;&gt;</a>&nbsp;&nbsp;&nbsp;__scatterload
</UL>

<P><STRONG><a name="[f4]"></a>_main_clock</STRONG> (Thumb, 0 bytes, Stack size unknown bytes, entry7b.o(.ARM.Collect$$$$00000008))

<P><STRONG><a name="[f5]"></a>_main_cpp_init</STRONG> (Thumb, 0 bytes, Stack size unknown bytes, entry8b.o(.ARM.Collect$$$$0000000A))

<P><STRONG><a name="[f6]"></a>_main_init</STRONG> (Thumb, 0 bytes, Stack size unknown bytes, entry9a.o(.ARM.Collect$$$$0000000B))

<P><STRONG><a name="[f7]"></a>__rt_final_cpp</STRONG> (Thumb, 0 bytes, Stack size unknown bytes, entry10a.o(.ARM.Collect$$$$0000000D))

<P><STRONG><a name="[f8]"></a>__rt_final_exit</STRONG> (Thumb, 0 bytes, Stack size unknown bytes, entry11a.o(.ARM.Collect$$$$0000000F))

<P><STRONG><a name="[6]"></a>SVC_Handler</STRONG> (Thumb, 32 bytes, Stack size 0 bytes, port.o(.emb_text))
<BR>[Address Reference Count : 1]<UL><LI> startup_stm32f10x_hd.o(RESET)
</UL>
<P><STRONG><a name="[f0]"></a>__asm___6_port_c_39a90d8d__prvStartFirstTask</STRONG> (Thumb, 28 bytes, Stack size 0 bytes, port.o(.emb_text))
<BR><BR>[Called By]<UL><LI><a href="#[ee]">&gt;&gt;</a>&nbsp;&nbsp;&nbsp;xPortStartScheduler
</UL>

<P><STRONG><a name="[8]"></a>PendSV_Handler</STRONG> (Thumb, 72 bytes, Stack size 0 bytes, port.o(.emb_text))
<BR><BR>[Stack]<UL><LI>Max Depth = 32<LI>Call Chain = PendSV_Handler &rArr; vTaskSwitchContext &rArr; __2printf
</UL>
<BR>[Calls]<UL><LI><a href="#[61]">&gt;&gt;</a>&nbsp;&nbsp;&nbsp;vTaskSwitchContext
</UL>
<BR>[Address Reference Count : 1]<UL><LI> startup_stm32f10x_hd.o(RESET)
</UL>
<P><STRONG><a name="[f9]"></a>vPortGetIPSR</STRONG> (Thumb, 6 bytes, Stack size 0 bytes, port.o(.emb_text), UNUSED)

<P><STRONG><a name="[0]"></a>Reset_Handler</STRONG> (Thumb, 8 bytes, Stack size 0 bytes, startup_stm32f10x_hd.o(.text))
<BR>[Address Reference Count : 1]<UL><LI> startup_stm32f10x_hd.o(RESET)
</UL>
<P><STRONG><a name="[1c]"></a>ADC1_2_IRQHandler</STRONG> (Thumb, 0 bytes, Stack size 0 bytes, startup_stm32f10x_hd.o(.text))
<BR><BR>[Calls]<UL><LI><a href="#[1c]">&gt;&gt;</a>&nbsp;&nbsp;&nbsp;ADC1_2_IRQHandler
</UL>
<BR>[Called By]<UL><LI><a href="#[1c]">&gt;&gt;</a>&nbsp;&nbsp;&nbsp;ADC1_2_IRQHandler
</UL>
<BR>[Address Reference Count : 1]<UL><LI> startup_stm32f10x_hd.o(RESET)
</UL>
<P><STRONG><a name="[39]"></a>ADC3_IRQHandler</STRONG> (Thumb, 0 bytes, Stack size 0 bytes, startup_stm32f10x_hd.o(.text))
<BR>[Address Reference Count : 1]<UL><LI> startup_stm32f10x_hd.o(RESET)
</UL>
<P><STRONG><a name="[1f]"></a>CAN1_RX1_IRQHandler</STRONG> (Thumb, 0 bytes, Stack size 0 bytes, startup_stm32f10x_hd.o(.text))
<BR>[Address Reference Count : 1]<UL><LI> startup_stm32f10x_hd.o(RESET)
</UL>
<P><STRONG><a name="[20]"></a>CAN1_SCE_IRQHandler</STRONG> (Thumb, 0 bytes, Stack size 0 bytes, startup_stm32f10x_hd.o(.text))
<BR>[Address Reference Count : 1]<UL><LI> startup_stm32f10x_hd.o(RESET)
</UL>
<P><STRONG><a name="[15]"></a>DMA1_Channel1_IRQHandler</STRONG> (Thumb, 0 bytes, Stack size 0 bytes, startup_stm32f10x_hd.o(.text))
<BR>[Address Reference Count : 1]<UL><LI> startup_stm32f10x_hd.o(RESET)
</UL>
<P><STRONG><a name="[17]"></a>DMA1_Channel3_IRQHandler</STRONG> (Thumb, 0 bytes, Stack size 0 bytes, startup_stm32f10x_hd.o(.text))
<BR>[Address Reference Count : 1]<UL><LI> startup_stm32f10x_hd.o(RESET)
</UL>
<P><STRONG><a name="[19]"></a>DMA1_Channel5_IRQHandler</STRONG> (Thumb, 0 bytes, Stack size 0 bytes, startup_stm32f10x_hd.o(.text))
<BR>[Address Reference Count : 1]<UL><LI> startup_stm32f10x_hd.o(RESET)
</UL>
<P><STRONG><a name="[1a]"></a>DMA1_Channel6_IRQHandler</STRONG> (Thumb, 0 bytes, Stack size 0 bytes, startup_stm32f10x_hd.o(.text))
<BR>[Address Reference Count : 1]<UL><LI> startup_stm32f10x_hd.o(RESET)
</UL>
<P><STRONG><a name="[1b]"></a>DMA1_Channel7_IRQHandler</STRONG> (Thumb, 0 bytes, Stack size 0 bytes, startup_stm32f10x_hd.o(.text))
<BR>[Address Reference Count : 1]<UL><LI> startup_stm32f10x_hd.o(RESET)
</UL>
<P><STRONG><a name="[42]"></a>DMA2_Channel1_IRQHandler</STRONG> (Thumb, 0 bytes, Stack size 0 bytes, startup_stm32f10x_hd.o(.text))
<BR>[Address Reference Count : 1]<UL><LI> startup_stm32f10x_hd.o(RESET)
</UL>
<P><STRONG><a name="[43]"></a>DMA2_Channel2_IRQHandler</STRONG> (Thumb, 0 bytes, Stack size 0 bytes, startup_stm32f10x_hd.o(.text))
<BR>[Address Reference Count : 1]<UL><LI> startup_stm32f10x_hd.o(RESET)
</UL>
<P><STRONG><a name="[44]"></a>DMA2_Channel3_IRQHandler</STRONG> (Thumb, 0 bytes, Stack size 0 bytes, startup_stm32f10x_hd.o(.text))
<BR>[Address Reference Count : 1]<UL><LI> startup_stm32f10x_hd.o(RESET)
</UL>
<P><STRONG><a name="[45]"></a>DMA2_Channel4_5_IRQHandler</STRONG> (Thumb, 0 bytes, Stack size 0 bytes, startup_stm32f10x_hd.o(.text))
<BR>[Address Reference Count : 1]<UL><LI> startup_stm32f10x_hd.o(RESET)
</UL>
<P><STRONG><a name="[32]"></a>EXTI15_10_IRQHandler</STRONG> (Thumb, 0 bytes, Stack size 0 bytes, startup_stm32f10x_hd.o(.text))
<BR>[Address Reference Count : 1]<UL><LI> startup_stm32f10x_hd.o(RESET)
</UL>
<P><STRONG><a name="[11]"></a>EXTI1_IRQHandler</STRONG> (Thumb, 0 bytes, Stack size 0 bytes, startup_stm32f10x_hd.o(.text))
<BR>[Address Reference Count : 1]<UL><LI> startup_stm32f10x_hd.o(RESET)
</UL>
<P><STRONG><a name="[12]"></a>EXTI2_IRQHandler</STRONG> (Thumb, 0 bytes, Stack size 0 bytes, startup_stm32f10x_hd.o(.text))
<BR>[Address Reference Count : 1]<UL><LI> startup_stm32f10x_hd.o(RESET)
</UL>
<P><STRONG><a name="[21]"></a>EXTI9_5_IRQHandler</STRONG> (Thumb, 0 bytes, Stack size 0 bytes, startup_stm32f10x_hd.o(.text))
<BR>[Address Reference Count : 1]<UL><LI> startup_stm32f10x_hd.o(RESET)
</UL>
<P><STRONG><a name="[e]"></a>FLASH_IRQHandler</STRONG> (Thumb, 0 bytes, Stack size 0 bytes, startup_stm32f10x_hd.o(.text))
<BR>[Address Reference Count : 1]<UL><LI> startup_stm32f10x_hd.o(RESET)
</UL>
<P><STRONG><a name="[3a]"></a>FSMC_IRQHandler</STRONG> (Thumb, 0 bytes, Stack size 0 bytes, startup_stm32f10x_hd.o(.text))
<BR>[Address Reference Count : 1]<UL><LI> startup_stm32f10x_hd.o(RESET)
</UL>
<P><STRONG><a name="[2a]"></a>I2C1_ER_IRQHandler</STRONG> (Thumb, 0 bytes, Stack size 0 bytes, startup_stm32f10x_hd.o(.text))
<BR>[Address Reference Count : 1]<UL><LI> startup_stm32f10x_hd.o(RESET)
</UL>
<P><STRONG><a name="[29]"></a>I2C1_EV_IRQHandler</STRONG> (Thumb, 0 bytes, Stack size 0 bytes, startup_stm32f10x_hd.o(.text))
<BR>[Address Reference Count : 1]<UL><LI> startup_stm32f10x_hd.o(RESET)
</UL>
<P><STRONG><a name="[2c]"></a>I2C2_ER_IRQHandler</STRONG> (Thumb, 0 bytes, Stack size 0 bytes, startup_stm32f10x_hd.o(.text))
<BR>[Address Reference Count : 1]<UL><LI> startup_stm32f10x_hd.o(RESET)
</UL>
<P><STRONG><a name="[2b]"></a>I2C2_EV_IRQHandler</STRONG> (Thumb, 0 bytes, Stack size 0 bytes, startup_stm32f10x_hd.o(.text))
<BR>[Address Reference Count : 1]<UL><LI> startup_stm32f10x_hd.o(RESET)
</UL>
<P><STRONG><a name="[b]"></a>PVD_IRQHandler</STRONG> (Thumb, 0 bytes, Stack size 0 bytes, startup_stm32f10x_hd.o(.text))
<BR>[Address Reference Count : 1]<UL><LI> startup_stm32f10x_hd.o(RESET)
</UL>
<P><STRONG><a name="[f]"></a>RCC_IRQHandler</STRONG> (Thumb, 0 bytes, Stack size 0 bytes, startup_stm32f10x_hd.o(.text))
<BR>[Address Reference Count : 1]<UL><LI> startup_stm32f10x_hd.o(RESET)
</UL>
<P><STRONG><a name="[33]"></a>RTCAlarm_IRQHandler</STRONG> (Thumb, 0 bytes, Stack size 0 bytes, startup_stm32f10x_hd.o(.text))
<BR>[Address Reference Count : 1]<UL><LI> startup_stm32f10x_hd.o(RESET)
</UL>
<P><STRONG><a name="[d]"></a>RTC_IRQHandler</STRONG> (Thumb, 0 bytes, Stack size 0 bytes, startup_stm32f10x_hd.o(.text))
<BR>[Address Reference Count : 1]<UL><LI> startup_stm32f10x_hd.o(RESET)
</UL>
<P><STRONG><a name="[3b]"></a>SDIO_IRQHandler</STRONG> (Thumb, 0 bytes, Stack size 0 bytes, startup_stm32f10x_hd.o(.text))
<BR>[Address Reference Count : 1]<UL><LI> startup_stm32f10x_hd.o(RESET)
</UL>
<P><STRONG><a name="[2d]"></a>SPI1_IRQHandler</STRONG> (Thumb, 0 bytes, Stack size 0 bytes, startup_stm32f10x_hd.o(.text))
<BR>[Address Reference Count : 1]<UL><LI> startup_stm32f10x_hd.o(RESET)
</UL>
<P><STRONG><a name="[2e]"></a>SPI2_IRQHandler</STRONG> (Thumb, 0 bytes, Stack size 0 bytes, startup_stm32f10x_hd.o(.text))
<BR>[Address Reference Count : 1]<UL><LI> startup_stm32f10x_hd.o(RESET)
</UL>
<P><STRONG><a name="[3d]"></a>SPI3_IRQHandler</STRONG> (Thumb, 0 bytes, Stack size 0 bytes, startup_stm32f10x_hd.o(.text))
<BR>[Address Reference Count : 1]<UL><LI> startup_stm32f10x_hd.o(RESET)
</UL>
<P><STRONG><a name="[c]"></a>TAMPER_IRQHandler</STRONG> (Thumb, 0 bytes, Stack size 0 bytes, startup_stm32f10x_hd.o(.text))
<BR>[Address Reference Count : 1]<UL><LI> startup_stm32f10x_hd.o(RESET)
</UL>
<P><STRONG><a name="[22]"></a>TIM1_BRK_IRQHandler</STRONG> (Thumb, 0 bytes, Stack size 0 bytes, startup_stm32f10x_hd.o(.text))
<BR>[Address Reference Count : 1]<UL><LI> startup_stm32f10x_hd.o(RESET)
</UL>
<P><STRONG><a name="[25]"></a>TIM1_CC_IRQHandler</STRONG> (Thumb, 0 bytes, Stack size 0 bytes, startup_stm32f10x_hd.o(.text))
<BR>[Address Reference Count : 1]<UL><LI> startup_stm32f10x_hd.o(RESET)
</UL>
<P><STRONG><a name="[24]"></a>TIM1_TRG_COM_IRQHandler</STRONG> (Thumb, 0 bytes, Stack size 0 bytes, startup_stm32f10x_hd.o(.text))
<BR>[Address Reference Count : 1]<UL><LI> startup_stm32f10x_hd.o(RESET)
</UL>
<P><STRONG><a name="[23]"></a>TIM1_UP_IRQHandler</STRONG> (Thumb, 0 bytes, Stack size 0 bytes, startup_stm32f10x_hd.o(.text))
<BR>[Address Reference Count : 1]<UL><LI> startup_stm32f10x_hd.o(RESET)
</UL>
<P><STRONG><a name="[26]"></a>TIM2_IRQHandler</STRONG> (Thumb, 0 bytes, Stack size 0 bytes, startup_stm32f10x_hd.o(.text))
<BR>[Address Reference Count : 1]<UL><LI> startup_stm32f10x_hd.o(RESET)
</UL>
<P><STRONG><a name="[27]"></a>TIM3_IRQHandler</STRONG> (Thumb, 0 bytes, Stack size 0 bytes, startup_stm32f10x_hd.o(.text))
<BR>[Address Reference Count : 1]<UL><LI> startup_stm32f10x_hd.o(RESET)
</UL>
<P><STRONG><a name="[3c]"></a>TIM5_IRQHandler</STRONG> (Thumb, 0 bytes, Stack size 0 bytes, startup_stm32f10x_hd.o(.text))
<BR>[Address Reference Count : 1]<UL><LI> startup_stm32f10x_hd.o(RESET)
</UL>
<P><STRONG><a name="[40]"></a>TIM6_IRQHandler</STRONG> (Thumb, 0 bytes, Stack size 0 bytes, startup_stm32f10x_hd.o(.text))
<BR>[Address Reference Count : 1]<UL><LI> startup_stm32f10x_hd.o(RESET)
</UL>
<P><STRONG><a name="[41]"></a>TIM7_IRQHandler</STRONG> (Thumb, 0 bytes, Stack size 0 bytes, startup_stm32f10x_hd.o(.text))
<BR>[Address Reference Count : 1]<UL><LI> startup_stm32f10x_hd.o(RESET)
</UL>
<P><STRONG><a name="[35]"></a>TIM8_BRK_IRQHandler</STRONG> (Thumb, 0 bytes, Stack size 0 bytes, startup_stm32f10x_hd.o(.text))
<BR>[Address Reference Count : 1]<UL><LI> startup_stm32f10x_hd.o(RESET)
</UL>
<P><STRONG><a name="[38]"></a>TIM8_CC_IRQHandler</STRONG> (Thumb, 0 bytes, Stack size 0 bytes, startup_stm32f10x_hd.o(.text))
<BR>[Address Reference Count : 1]<UL><LI> startup_stm32f10x_hd.o(RESET)
</UL>
<P><STRONG><a name="[37]"></a>TIM8_TRG_COM_IRQHandler</STRONG> (Thumb, 0 bytes, Stack size 0 bytes, startup_stm32f10x_hd.o(.text))
<BR>[Address Reference Count : 1]<UL><LI> startup_stm32f10x_hd.o(RESET)
</UL>
<P><STRONG><a name="[36]"></a>TIM8_UP_IRQHandler</STRONG> (Thumb, 0 bytes, Stack size 0 bytes, startup_stm32f10x_hd.o(.text))
<BR>[Address Reference Count : 1]<UL><LI> startup_stm32f10x_hd.o(RESET)
</UL>
<P><STRONG><a name="[3e]"></a>UART4_IRQHandler</STRONG> (Thumb, 0 bytes, Stack size 0 bytes, startup_stm32f10x_hd.o(.text))
<BR>[Address Reference Count : 1]<UL><LI> startup_stm32f10x_hd.o(RESET)
</UL>
<P><STRONG><a name="[3f]"></a>UART5_IRQHandler</STRONG> (Thumb, 0 bytes, Stack size 0 bytes, startup_stm32f10x_hd.o(.text))
<BR>[Address Reference Count : 1]<UL><LI> startup_stm32f10x_hd.o(RESET)
</UL>
<P><STRONG><a name="[34]"></a>USBWakeUp_IRQHandler</STRONG> (Thumb, 0 bytes, Stack size 0 bytes, startup_stm32f10x_hd.o(.text))
<BR>[Address Reference Count : 1]<UL><LI> startup_stm32f10x_hd.o(RESET)
</UL>
<P><STRONG><a name="[1d]"></a>USB_HP_CAN1_TX_IRQHandler</STRONG> (Thumb, 0 bytes, Stack size 0 bytes, startup_stm32f10x_hd.o(.text))
<BR>[Address Reference Count : 1]<UL><LI> startup_stm32f10x_hd.o(RESET)
</UL>
<P><STRONG><a name="[1e]"></a>USB_LP_CAN1_RX0_IRQHandler</STRONG> (Thumb, 0 bytes, Stack size 0 bytes, startup_stm32f10x_hd.o(.text))
<BR>[Address Reference Count : 1]<UL><LI> startup_stm32f10x_hd.o(RESET)
</UL>
<P><STRONG><a name="[a]"></a>WWDG_IRQHandler</STRONG> (Thumb, 0 bytes, Stack size 0 bytes, startup_stm32f10x_hd.o(.text))
<BR>[Address Reference Count : 1]<UL><LI> startup_stm32f10x_hd.o(RESET)
</UL>
<P><STRONG><a name="[ed]"></a>__aeabi_memcpy</STRONG> (Thumb, 36 bytes, Stack size 0 bytes, memcpya.o(.text))
<BR><BR>[Called By]<UL><LI><a href="#[4c]">&gt;&gt;</a>&nbsp;&nbsp;&nbsp;vTaskForLed
</UL>

<P><STRONG><a name="[fa]"></a>__aeabi_memcpy4</STRONG> (Thumb, 0 bytes, Stack size 0 bytes, memcpya.o(.text), UNUSED)

<P><STRONG><a name="[fb]"></a>__aeabi_memcpy8</STRONG> (Thumb, 0 bytes, Stack size 0 bytes, memcpya.o(.text), UNUSED)

<P><STRONG><a name="[63]"></a>__aeabi_memset</STRONG> (Thumb, 14 bytes, Stack size 0 bytes, memseta.o(.text))
<BR><BR>[Called By]<UL><LI><a href="#[64]">&gt;&gt;</a>&nbsp;&nbsp;&nbsp;_memset$wrapper
<LI><a href="#[62]">&gt;&gt;</a>&nbsp;&nbsp;&nbsp;__aeabi_memclr
</UL>

<P><STRONG><a name="[fc]"></a>__aeabi_memset4</STRONG> (Thumb, 0 bytes, Stack size 0 bytes, memseta.o(.text), UNUSED)

<P><STRONG><a name="[fd]"></a>__aeabi_memset8</STRONG> (Thumb, 0 bytes, Stack size 0 bytes, memseta.o(.text), UNUSED)

<P><STRONG><a name="[62]"></a>__aeabi_memclr</STRONG> (Thumb, 4 bytes, Stack size 0 bytes, memseta.o(.text))
<BR><BR>[Calls]<UL><LI><a href="#[63]">&gt;&gt;</a>&nbsp;&nbsp;&nbsp;__aeabi_memset
</UL>
<BR>[Called By]<UL><LI><a href="#[4c]">&gt;&gt;</a>&nbsp;&nbsp;&nbsp;vTaskForLed
<LI><a href="#[c0]">&gt;&gt;</a>&nbsp;&nbsp;&nbsp;WIFI_SendCmd
<LI><a href="#[c1]">&gt;&gt;</a>&nbsp;&nbsp;&nbsp;WIFI_JoinAP
<LI><a href="#[c2]">&gt;&gt;</a>&nbsp;&nbsp;&nbsp;WIFI_Connect_Server
</UL>

<P><STRONG><a name="[e8]"></a>__aeabi_memclr4</STRONG> (Thumb, 0 bytes, Stack size 0 bytes, memseta.o(.text))
<BR><BR>[Called By]<UL><LI><a href="#[4d]">&gt;&gt;</a>&nbsp;&nbsp;&nbsp;vTaskFor485
</UL>

<P><STRONG><a name="[fe]"></a>__aeabi_memclr8</STRONG> (Thumb, 0 bytes, Stack size 0 bytes, memseta.o(.text), UNUSED)

<P><STRONG><a name="[64]"></a>_memset$wrapper</STRONG> (Thumb, 18 bytes, Stack size 8 bytes, memseta.o(.text), UNUSED)
<BR><BR>[Calls]<UL><LI><a href="#[63]">&gt;&gt;</a>&nbsp;&nbsp;&nbsp;__aeabi_memset
</UL>

<P><STRONG><a name="[c3]"></a>strstr</STRONG> (Thumb, 36 bytes, Stack size 12 bytes, strstr.o(.text))
<BR><BR>[Stack]<UL><LI>Max Depth = 12<LI>Call Chain = strstr
</UL>
<BR>[Called By]<UL><LI><a href="#[c0]">&gt;&gt;</a>&nbsp;&nbsp;&nbsp;WIFI_SendCmd
<LI><a href="#[bf]">&gt;&gt;</a>&nbsp;&nbsp;&nbsp;WIFI_Reset
<LI><a href="#[c1]">&gt;&gt;</a>&nbsp;&nbsp;&nbsp;WIFI_JoinAP
<LI><a href="#[c2]">&gt;&gt;</a>&nbsp;&nbsp;&nbsp;WIFI_Connect_Server
</UL>

<P><STRONG><a name="[65]"></a>__aeabi_dmul</STRONG> (Thumb, 228 bytes, Stack size 48 bytes, dmul.o(.text))
<BR><BR>[Stack]<UL><LI>Max Depth = 88<LI>Call Chain = __aeabi_dmul &rArr; _double_epilogue &rArr; _double_round
</UL>
<BR>[Calls]<UL><LI><a href="#[66]">&gt;&gt;</a>&nbsp;&nbsp;&nbsp;_double_epilogue
</UL>
<BR>[Called By]<UL><LI><a href="#[81]">&gt;&gt;</a>&nbsp;&nbsp;&nbsp;DS18B20_GetTemperture
<LI><a href="#[c8]">&gt;&gt;</a>&nbsp;&nbsp;&nbsp;_fp_digits
</UL>

<P><STRONG><a name="[67]"></a>__aeabi_ddiv</STRONG> (Thumb, 222 bytes, Stack size 32 bytes, ddiv.o(.text))
<BR><BR>[Stack]<UL><LI>Max Depth = 40<LI>Call Chain = __aeabi_ddiv &rArr; _double_round
</UL>
<BR>[Calls]<UL><LI><a href="#[68]">&gt;&gt;</a>&nbsp;&nbsp;&nbsp;_double_round
</UL>
<BR>[Called By]<UL><LI><a href="#[4d]">&gt;&gt;</a>&nbsp;&nbsp;&nbsp;vTaskFor485
<LI><a href="#[c8]">&gt;&gt;</a>&nbsp;&nbsp;&nbsp;_fp_digits
</UL>

<P><STRONG><a name="[69]"></a>__aeabi_i2d</STRONG> (Thumb, 34 bytes, Stack size 16 bytes, dflti.o(.text))
<BR><BR>[Stack]<UL><LI>Max Depth = 56<LI>Call Chain = __aeabi_i2d &rArr; _double_epilogue &rArr; _double_round
</UL>
<BR>[Calls]<UL><LI><a href="#[66]">&gt;&gt;</a>&nbsp;&nbsp;&nbsp;_double_epilogue
</UL>
<BR>[Called By]<UL><LI><a href="#[4d]">&gt;&gt;</a>&nbsp;&nbsp;&nbsp;vTaskFor485
</UL>

<P><STRONG><a name="[6a]"></a>__aeabi_ui2d</STRONG> (Thumb, 26 bytes, Stack size 16 bytes, dfltui.o(.text))
<BR><BR>[Stack]<UL><LI>Max Depth = 56<LI>Call Chain = __aeabi_ui2d &rArr; _double_epilogue &rArr; _double_round
</UL>
<BR>[Calls]<UL><LI><a href="#[66]">&gt;&gt;</a>&nbsp;&nbsp;&nbsp;_double_epilogue
</UL>
<BR>[Called By]<UL><LI><a href="#[81]">&gt;&gt;</a>&nbsp;&nbsp;&nbsp;DS18B20_GetTemperture
</UL>

<P><STRONG><a name="[eb]"></a>__aeabi_f2iz</STRONG> (Thumb, 50 bytes, Stack size 0 bytes, ffixi.o(.text))
<BR><BR>[Called By]<UL><LI><a href="#[4d]">&gt;&gt;</a>&nbsp;&nbsp;&nbsp;vTaskFor485
</UL>

<P><STRONG><a name="[ea]"></a>__aeabi_f2d</STRONG> (Thumb, 38 bytes, Stack size 0 bytes, f2d.o(.text))
<BR><BR>[Called By]<UL><LI><a href="#[4b]">&gt;&gt;</a>&nbsp;&nbsp;&nbsp;vTaskForTemp
<LI><a href="#[4d]">&gt;&gt;</a>&nbsp;&nbsp;&nbsp;vTaskFor485
</UL>

<P><STRONG><a name="[6b]"></a>__aeabi_d2f</STRONG> (Thumb, 56 bytes, Stack size 8 bytes, d2f.o(.text))
<BR><BR>[Stack]<UL><LI>Max Depth = 8<LI>Call Chain = __aeabi_d2f
</UL>
<BR>[Calls]<UL><LI><a href="#[6c]">&gt;&gt;</a>&nbsp;&nbsp;&nbsp;_float_round
</UL>
<BR>[Called By]<UL><LI><a href="#[81]">&gt;&gt;</a>&nbsp;&nbsp;&nbsp;DS18B20_GetTemperture
<LI><a href="#[4d]">&gt;&gt;</a>&nbsp;&nbsp;&nbsp;vTaskFor485
</UL>

<P><STRONG><a name="[ff]"></a>__aeabi_uidiv</STRONG> (Thumb, 0 bytes, Stack size 12 bytes, uidiv.o(.text), UNUSED)

<P><STRONG><a name="[cc]"></a>__aeabi_uidivmod</STRONG> (Thumb, 44 bytes, Stack size 12 bytes, uidiv.o(.text), UNUSED)
<BR><BR>[Called By]<UL><LI><a href="#[c5]">&gt;&gt;</a>&nbsp;&nbsp;&nbsp;_printf_core
</UL>

<P><STRONG><a name="[6d]"></a>__aeabi_uldivmod</STRONG> (Thumb, 98 bytes, Stack size 40 bytes, uldiv.o(.text), UNUSED)
<BR><BR>[Calls]<UL><LI><a href="#[6e]">&gt;&gt;</a>&nbsp;&nbsp;&nbsp;__aeabi_llsr
<LI><a href="#[6f]">&gt;&gt;</a>&nbsp;&nbsp;&nbsp;__aeabi_llsl
</UL>
<BR>[Called By]<UL><LI><a href="#[c5]">&gt;&gt;</a>&nbsp;&nbsp;&nbsp;_printf_core
<LI><a href="#[c8]">&gt;&gt;</a>&nbsp;&nbsp;&nbsp;_fp_digits
</UL>

<P><STRONG><a name="[100]"></a>__I$use$fp</STRONG> (Thumb, 0 bytes, Stack size 0 bytes, iusefp.o(.text), UNUSED)

<P><STRONG><a name="[6c]"></a>_float_round</STRONG> (Thumb, 18 bytes, Stack size 0 bytes, fepilogue.o(.text))
<BR><BR>[Called By]<UL><LI><a href="#[6b]">&gt;&gt;</a>&nbsp;&nbsp;&nbsp;__aeabi_d2f
</UL>

<P><STRONG><a name="[101]"></a>_float_epilogue</STRONG> (Thumb, 92 bytes, Stack size 4 bytes, fepilogue.o(.text), UNUSED)

<P><STRONG><a name="[68]"></a>_double_round</STRONG> (Thumb, 30 bytes, Stack size 8 bytes, depilogue.o(.text))
<BR><BR>[Stack]<UL><LI>Max Depth = 8<LI>Call Chain = _double_round
</UL>
<BR>[Called By]<UL><LI><a href="#[67]">&gt;&gt;</a>&nbsp;&nbsp;&nbsp;__aeabi_ddiv
<LI><a href="#[66]">&gt;&gt;</a>&nbsp;&nbsp;&nbsp;_double_epilogue
<LI><a href="#[70]">&gt;&gt;</a>&nbsp;&nbsp;&nbsp;__aeabi_dadd
</UL>

<P><STRONG><a name="[66]"></a>_double_epilogue</STRONG> (Thumb, 156 bytes, Stack size 32 bytes, depilogue.o(.text))
<BR><BR>[Stack]<UL><LI>Max Depth = 40<LI>Call Chain = _double_epilogue &rArr; _double_round
</UL>
<BR>[Calls]<UL><LI><a href="#[6e]">&gt;&gt;</a>&nbsp;&nbsp;&nbsp;__aeabi_llsr
<LI><a href="#[6f]">&gt;&gt;</a>&nbsp;&nbsp;&nbsp;__aeabi_llsl
<LI><a href="#[68]">&gt;&gt;</a>&nbsp;&nbsp;&nbsp;_double_round
</UL>
<BR>[Called By]<UL><LI><a href="#[69]">&gt;&gt;</a>&nbsp;&nbsp;&nbsp;__aeabi_i2d
<LI><a href="#[6a]">&gt;&gt;</a>&nbsp;&nbsp;&nbsp;__aeabi_ui2d
<LI><a href="#[65]">&gt;&gt;</a>&nbsp;&nbsp;&nbsp;__aeabi_dmul
<LI><a href="#[70]">&gt;&gt;</a>&nbsp;&nbsp;&nbsp;__aeabi_dadd
</UL>

<P><STRONG><a name="[70]"></a>__aeabi_dadd</STRONG> (Thumb, 322 bytes, Stack size 48 bytes, dadd.o(.text), UNUSED)
<BR><BR>[Calls]<UL><LI><a href="#[71]">&gt;&gt;</a>&nbsp;&nbsp;&nbsp;__aeabi_lasr
<LI><a href="#[6f]">&gt;&gt;</a>&nbsp;&nbsp;&nbsp;__aeabi_llsl
<LI><a href="#[68]">&gt;&gt;</a>&nbsp;&nbsp;&nbsp;_double_round
<LI><a href="#[66]">&gt;&gt;</a>&nbsp;&nbsp;&nbsp;_double_epilogue
</UL>
<BR>[Called By]<UL><LI><a href="#[73]">&gt;&gt;</a>&nbsp;&nbsp;&nbsp;__aeabi_drsub
<LI><a href="#[72]">&gt;&gt;</a>&nbsp;&nbsp;&nbsp;__aeabi_dsub
<LI><a href="#[c8]">&gt;&gt;</a>&nbsp;&nbsp;&nbsp;_fp_digits
</UL>

<P><STRONG><a name="[72]"></a>__aeabi_dsub</STRONG> (Thumb, 6 bytes, Stack size 0 bytes, dadd.o(.text), UNUSED)
<BR><BR>[Calls]<UL><LI><a href="#[70]">&gt;&gt;</a>&nbsp;&nbsp;&nbsp;__aeabi_dadd
</UL>

<P><STRONG><a name="[73]"></a>__aeabi_drsub</STRONG> (Thumb, 6 bytes, Stack size 0 bytes, dadd.o(.text), UNUSED)
<BR><BR>[Calls]<UL><LI><a href="#[70]">&gt;&gt;</a>&nbsp;&nbsp;&nbsp;__aeabi_dadd
</UL>

<P><STRONG><a name="[74]"></a>__aeabi_d2ulz</STRONG> (Thumb, 48 bytes, Stack size 0 bytes, dfixul.o(.text), UNUSED)
<BR><BR>[Calls]<UL><LI><a href="#[6e]">&gt;&gt;</a>&nbsp;&nbsp;&nbsp;__aeabi_llsr
<LI><a href="#[6f]">&gt;&gt;</a>&nbsp;&nbsp;&nbsp;__aeabi_llsl
</UL>
<BR>[Called By]<UL><LI><a href="#[c8]">&gt;&gt;</a>&nbsp;&nbsp;&nbsp;_fp_digits
</UL>

<P><STRONG><a name="[c9]"></a>__aeabi_cdrcmple</STRONG> (Thumb, 48 bytes, Stack size 0 bytes, cdrcmple.o(.text), UNUSED)
<BR><BR>[Called By]<UL><LI><a href="#[c8]">&gt;&gt;</a>&nbsp;&nbsp;&nbsp;_fp_digits
</UL>

<P><STRONG><a name="[60]"></a>__scatterload</STRONG> (Thumb, 28 bytes, Stack size 0 bytes, init.o(.text))
<BR><BR>[Calls]<UL><LI><a href="#[75]">&gt;&gt;</a>&nbsp;&nbsp;&nbsp;__main_after_scatterload
</UL>
<BR>[Called By]<UL><LI><a href="#[5f]">&gt;&gt;</a>&nbsp;&nbsp;&nbsp;_main_scatterload
</UL>

<P><STRONG><a name="[102]"></a>__scatterload_rt2</STRONG> (Thumb, 0 bytes, Stack size 0 bytes, init.o(.text), UNUSED)

<P><STRONG><a name="[6f]"></a>__aeabi_llsl</STRONG> (Thumb, 30 bytes, Stack size 0 bytes, llshl.o(.text))
<BR><BR>[Called By]<UL><LI><a href="#[6d]">&gt;&gt;</a>&nbsp;&nbsp;&nbsp;__aeabi_uldivmod
<LI><a href="#[66]">&gt;&gt;</a>&nbsp;&nbsp;&nbsp;_double_epilogue
<LI><a href="#[70]">&gt;&gt;</a>&nbsp;&nbsp;&nbsp;__aeabi_dadd
<LI><a href="#[74]">&gt;&gt;</a>&nbsp;&nbsp;&nbsp;__aeabi_d2ulz
</UL>

<P><STRONG><a name="[103]"></a>_ll_shift_l</STRONG> (Thumb, 0 bytes, Stack size 0 bytes, llshl.o(.text), UNUSED)

<P><STRONG><a name="[6e]"></a>__aeabi_llsr</STRONG> (Thumb, 32 bytes, Stack size 0 bytes, llushr.o(.text))
<BR><BR>[Called By]<UL><LI><a href="#[6d]">&gt;&gt;</a>&nbsp;&nbsp;&nbsp;__aeabi_uldivmod
<LI><a href="#[66]">&gt;&gt;</a>&nbsp;&nbsp;&nbsp;_double_epilogue
<LI><a href="#[74]">&gt;&gt;</a>&nbsp;&nbsp;&nbsp;__aeabi_d2ulz
</UL>

<P><STRONG><a name="[104]"></a>_ll_ushift_r</STRONG> (Thumb, 0 bytes, Stack size 0 bytes, llushr.o(.text), UNUSED)

<P><STRONG><a name="[71]"></a>__aeabi_lasr</STRONG> (Thumb, 36 bytes, Stack size 0 bytes, llsshr.o(.text), UNUSED)
<BR><BR>[Called By]<UL><LI><a href="#[70]">&gt;&gt;</a>&nbsp;&nbsp;&nbsp;__aeabi_dadd
</UL>

<P><STRONG><a name="[105]"></a>_ll_sshift_r</STRONG> (Thumb, 0 bytes, Stack size 0 bytes, llsshr.o(.text), UNUSED)

<P><STRONG><a name="[56]"></a>AT24C02_Init</STRONG> (Thumb, 8 bytes, Stack size 8 bytes, at24c02.o(i.AT24C02_Init))
<BR><BR>[Stack]<UL><LI>Max Depth = 40<LI>Call Chain = AT24C02_Init &rArr; IIC_Init &rArr; GPIO_Init
</UL>
<BR>[Calls]<UL><LI><a href="#[76]">&gt;&gt;</a>&nbsp;&nbsp;&nbsp;IIC_Init
</UL>
<BR>[Address Reference Count : 1]<UL><LI> init.o(.data)
</UL>
<P><STRONG><a name="[52]"></a>BEEP_Init</STRONG> (Thumb, 50 bytes, Stack size 8 bytes, beep.o(i.BEEP_Init))
<BR><BR>[Stack]<UL><LI>Max Depth = 32<LI>Call Chain = BEEP_Init &rArr; GPIO_Init
</UL>
<BR>[Calls]<UL><LI><a href="#[77]">&gt;&gt;</a>&nbsp;&nbsp;&nbsp;RCC_APB2PeriphClockCmd
<LI><a href="#[78]">&gt;&gt;</a>&nbsp;&nbsp;&nbsp;GPIO_Init
<LI><a href="#[79]">&gt;&gt;</a>&nbsp;&nbsp;&nbsp;GPIO_ResetBits
</UL>
<BR>[Address Reference Count : 1]<UL><LI> init.o(.data)
</UL>
<P><STRONG><a name="[4]"></a>BusFault_Handler</STRONG> (Thumb, 4 bytes, Stack size 0 bytes, stm32f10x_it.o(i.BusFault_Handler))
<BR>[Address Reference Count : 1]<UL><LI> startup_stm32f10x_hd.o(RESET)
</UL>
<P><STRONG><a name="[d0]"></a>DEVICE_Init</STRONG> (Thumb, 20 bytes, Stack size 8 bytes, init.o(i.DEVICE_Init))
<BR><BR>[Stack]<UL><LI>Max Depth = 8<LI>Call Chain = DEVICE_Init
</UL>
<BR>[Called By]<UL><LI><a href="#[46]">&gt;&gt;</a>&nbsp;&nbsp;&nbsp;main
</UL>

<P><STRONG><a name="[16]"></a>DMA1_Channel2_IRQHandler</STRONG> (Thumb, 26 bytes, Stack size 8 bytes, interrupt.o(i.DMA1_Channel2_IRQHandler))
<BR><BR>[Stack]<UL><LI>Max Depth = 8<LI>Call Chain = DMA1_Channel2_IRQHandler
</UL>
<BR>[Calls]<UL><LI><a href="#[7a]">&gt;&gt;</a>&nbsp;&nbsp;&nbsp;DMA_GetITStatus
<LI><a href="#[7c]">&gt;&gt;</a>&nbsp;&nbsp;&nbsp;DMA_Cmd
<LI><a href="#[7b]">&gt;&gt;</a>&nbsp;&nbsp;&nbsp;DMA_ClearITPendingBit
</UL>
<BR>[Address Reference Count : 1]<UL><LI> startup_stm32f10x_hd.o(RESET)
</UL>
<P><STRONG><a name="[18]"></a>DMA1_Channel4_IRQHandler</STRONG> (Thumb, 36 bytes, Stack size 8 bytes, interrupt.o(i.DMA1_Channel4_IRQHandler))
<BR><BR>[Stack]<UL><LI>Max Depth = 8<LI>Call Chain = DMA1_Channel4_IRQHandler
</UL>
<BR>[Calls]<UL><LI><a href="#[7a]">&gt;&gt;</a>&nbsp;&nbsp;&nbsp;DMA_GetITStatus
<LI><a href="#[7c]">&gt;&gt;</a>&nbsp;&nbsp;&nbsp;DMA_Cmd
<LI><a href="#[7b]">&gt;&gt;</a>&nbsp;&nbsp;&nbsp;DMA_ClearITPendingBit
</UL>
<BR>[Address Reference Count : 1]<UL><LI> startup_stm32f10x_hd.o(RESET)
</UL>
<P><STRONG><a name="[b0]"></a>DMA_ClearFlag</STRONG> (Thumb, 18 bytes, Stack size 0 bytes, stm32f10x_dma.o(i.DMA_ClearFlag))
<BR><BR>[Called By]<UL><LI><a href="#[ad]">&gt;&gt;</a>&nbsp;&nbsp;&nbsp;UART2_TXFUNC
</UL>

<P><STRONG><a name="[7b]"></a>DMA_ClearITPendingBit</STRONG> (Thumb, 18 bytes, Stack size 0 bytes, stm32f10x_dma.o(i.DMA_ClearITPendingBit))
<BR><BR>[Called By]<UL><LI><a href="#[18]">&gt;&gt;</a>&nbsp;&nbsp;&nbsp;DMA1_Channel4_IRQHandler
<LI><a href="#[16]">&gt;&gt;</a>&nbsp;&nbsp;&nbsp;DMA1_Channel2_IRQHandler
</UL>

<P><STRONG><a name="[7c]"></a>DMA_Cmd</STRONG> (Thumb, 24 bytes, Stack size 0 bytes, stm32f10x_dma.o(i.DMA_Cmd))
<BR><BR>[Called By]<UL><LI><a href="#[b5]">&gt;&gt;</a>&nbsp;&nbsp;&nbsp;UART3_TxData
<LI><a href="#[ad]">&gt;&gt;</a>&nbsp;&nbsp;&nbsp;UART2_TXFUNC
<LI><a href="#[7d]">&gt;&gt;</a>&nbsp;&nbsp;&nbsp;DMA_INIT
<LI><a href="#[b1]">&gt;&gt;</a>&nbsp;&nbsp;&nbsp;UART3DMA_Init
<LI><a href="#[b3]">&gt;&gt;</a>&nbsp;&nbsp;&nbsp;UART3_Puts
<LI><a href="#[31]">&gt;&gt;</a>&nbsp;&nbsp;&nbsp;USART3_IRQHandler
<LI><a href="#[30]">&gt;&gt;</a>&nbsp;&nbsp;&nbsp;USART2_IRQHandler
<LI><a href="#[2f]">&gt;&gt;</a>&nbsp;&nbsp;&nbsp;USART1_IRQHandler
<LI><a href="#[18]">&gt;&gt;</a>&nbsp;&nbsp;&nbsp;DMA1_Channel4_IRQHandler
<LI><a href="#[16]">&gt;&gt;</a>&nbsp;&nbsp;&nbsp;DMA1_Channel2_IRQHandler
<LI><a href="#[58]">&gt;&gt;</a>&nbsp;&nbsp;&nbsp;UART1DMA_Init
</UL>

<P><STRONG><a name="[b9]"></a>DMA_GetCurrDataCounter</STRONG> (Thumb, 8 bytes, Stack size 0 bytes, stm32f10x_dma.o(i.DMA_GetCurrDataCounter))
<BR><BR>[Called By]<UL><LI><a href="#[31]">&gt;&gt;</a>&nbsp;&nbsp;&nbsp;USART3_IRQHandler
<LI><a href="#[30]">&gt;&gt;</a>&nbsp;&nbsp;&nbsp;USART2_IRQHandler
<LI><a href="#[2f]">&gt;&gt;</a>&nbsp;&nbsp;&nbsp;USART1_IRQHandler
</UL>

<P><STRONG><a name="[af]"></a>DMA_GetFlagStatus</STRONG> (Thumb, 36 bytes, Stack size 0 bytes, stm32f10x_dma.o(i.DMA_GetFlagStatus))
<BR><BR>[Called By]<UL><LI><a href="#[ad]">&gt;&gt;</a>&nbsp;&nbsp;&nbsp;UART2_TXFUNC
</UL>

<P><STRONG><a name="[7a]"></a>DMA_GetITStatus</STRONG> (Thumb, 36 bytes, Stack size 0 bytes, stm32f10x_dma.o(i.DMA_GetITStatus))
<BR><BR>[Called By]<UL><LI><a href="#[18]">&gt;&gt;</a>&nbsp;&nbsp;&nbsp;DMA1_Channel4_IRQHandler
<LI><a href="#[16]">&gt;&gt;</a>&nbsp;&nbsp;&nbsp;DMA1_Channel2_IRQHandler
</UL>

<P><STRONG><a name="[7d]"></a>DMA_INIT</STRONG> (Thumb, 162 bytes, Stack size 48 bytes, uart2.o(i.DMA_INIT))
<BR><BR>[Stack]<UL><LI>Max Depth = 56<LI>Call Chain = DMA_INIT &rArr; DMA_Init
</UL>
<BR>[Calls]<UL><LI><a href="#[7e]">&gt;&gt;</a>&nbsp;&nbsp;&nbsp;RCC_AHBPeriphClockCmd
<LI><a href="#[7f]">&gt;&gt;</a>&nbsp;&nbsp;&nbsp;DMA_Init
<LI><a href="#[7c]">&gt;&gt;</a>&nbsp;&nbsp;&nbsp;DMA_Cmd
<LI><a href="#[80]">&gt;&gt;</a>&nbsp;&nbsp;&nbsp;USART_DMACmd
</UL>
<BR>[Called By]<UL><LI><a href="#[5d]">&gt;&gt;</a>&nbsp;&nbsp;&nbsp;UART2_INIT
</UL>

<P><STRONG><a name="[a9]"></a>DMA_ITConfig</STRONG> (Thumb, 18 bytes, Stack size 0 bytes, stm32f10x_dma.o(i.DMA_ITConfig))
<BR><BR>[Called By]<UL><LI><a href="#[b1]">&gt;&gt;</a>&nbsp;&nbsp;&nbsp;UART3DMA_Init
<LI><a href="#[58]">&gt;&gt;</a>&nbsp;&nbsp;&nbsp;UART1DMA_Init
</UL>

<P><STRONG><a name="[7f]"></a>DMA_Init</STRONG> (Thumb, 60 bytes, Stack size 8 bytes, stm32f10x_dma.o(i.DMA_Init))
<BR><BR>[Stack]<UL><LI>Max Depth = 8<LI>Call Chain = DMA_Init
</UL>
<BR>[Called By]<UL><LI><a href="#[7d]">&gt;&gt;</a>&nbsp;&nbsp;&nbsp;DMA_INIT
<LI><a href="#[b1]">&gt;&gt;</a>&nbsp;&nbsp;&nbsp;UART3DMA_Init
<LI><a href="#[58]">&gt;&gt;</a>&nbsp;&nbsp;&nbsp;UART1DMA_Init
</UL>

<P><STRONG><a name="[ae]"></a>DMA_SetCurrDataCounter</STRONG> (Thumb, 4 bytes, Stack size 0 bytes, stm32f10x_dma.o(i.DMA_SetCurrDataCounter))
<BR><BR>[Called By]<UL><LI><a href="#[b5]">&gt;&gt;</a>&nbsp;&nbsp;&nbsp;UART3_TxData
<LI><a href="#[ad]">&gt;&gt;</a>&nbsp;&nbsp;&nbsp;UART2_TXFUNC
<LI><a href="#[b3]">&gt;&gt;</a>&nbsp;&nbsp;&nbsp;UART3_Puts
<LI><a href="#[30]">&gt;&gt;</a>&nbsp;&nbsp;&nbsp;USART2_IRQHandler
<LI><a href="#[2f]">&gt;&gt;</a>&nbsp;&nbsp;&nbsp;USART1_IRQHandler
</UL>

<P><STRONG><a name="[81]"></a>DS18B20_GetTemperture</STRONG> (Thumb, 132 bytes, Stack size 40 bytes, ds18b20.o(i.DS18B20_GetTemperture))
<BR><BR>[Stack]<UL><LI>Max Depth = 128<LI>Call Chain = DS18B20_GetTemperture &rArr; __aeabi_dmul &rArr; _double_epilogue &rArr; _double_round
</UL>
<BR>[Calls]<UL><LI><a href="#[6b]">&gt;&gt;</a>&nbsp;&nbsp;&nbsp;__aeabi_d2f
<LI><a href="#[6a]">&gt;&gt;</a>&nbsp;&nbsp;&nbsp;__aeabi_ui2d
<LI><a href="#[65]">&gt;&gt;</a>&nbsp;&nbsp;&nbsp;__aeabi_dmul
<LI><a href="#[83]">&gt;&gt;</a>&nbsp;&nbsp;&nbsp;DS18B20_Write_Byte
<LI><a href="#[82]">&gt;&gt;</a>&nbsp;&nbsp;&nbsp;DS18B20_Reset
<LI><a href="#[84]">&gt;&gt;</a>&nbsp;&nbsp;&nbsp;DS18B20_Read_Byte
</UL>
<BR>[Called By]<UL><LI><a href="#[4b]">&gt;&gt;</a>&nbsp;&nbsp;&nbsp;vTaskForTemp
</UL>

<P><STRONG><a name="[85]"></a>DS18B20_IO_IN</STRONG> (Thumb, 26 bytes, Stack size 8 bytes, ds18b20.o(i.DS18B20_IO_IN))
<BR><BR>[Stack]<UL><LI>Max Depth = 32<LI>Call Chain = DS18B20_IO_IN &rArr; GPIO_Init
</UL>
<BR>[Calls]<UL><LI><a href="#[78]">&gt;&gt;</a>&nbsp;&nbsp;&nbsp;GPIO_Init
</UL>
<BR>[Called By]<UL><LI><a href="#[82]">&gt;&gt;</a>&nbsp;&nbsp;&nbsp;DS18B20_Reset
<LI><a href="#[84]">&gt;&gt;</a>&nbsp;&nbsp;&nbsp;DS18B20_Read_Byte
</UL>

<P><STRONG><a name="[86]"></a>DS18B20_IO_OUT</STRONG> (Thumb, 32 bytes, Stack size 8 bytes, ds18b20.o(i.DS18B20_IO_OUT))
<BR><BR>[Stack]<UL><LI>Max Depth = 32<LI>Call Chain = DS18B20_IO_OUT &rArr; GPIO_Init
</UL>
<BR>[Calls]<UL><LI><a href="#[78]">&gt;&gt;</a>&nbsp;&nbsp;&nbsp;GPIO_Init
</UL>
<BR>[Called By]<UL><LI><a href="#[83]">&gt;&gt;</a>&nbsp;&nbsp;&nbsp;DS18B20_Write_Byte
<LI><a href="#[82]">&gt;&gt;</a>&nbsp;&nbsp;&nbsp;DS18B20_Reset
<LI><a href="#[84]">&gt;&gt;</a>&nbsp;&nbsp;&nbsp;DS18B20_Read_Byte
</UL>

<P><STRONG><a name="[57]"></a>DS18B20_Init</STRONG> (Thumb, 40 bytes, Stack size 8 bytes, ds18b20.o(i.DS18B20_Init))
<BR><BR>[Stack]<UL><LI>Max Depth = 32<LI>Call Chain = DS18B20_Init &rArr; GPIO_Init
</UL>
<BR>[Calls]<UL><LI><a href="#[77]">&gt;&gt;</a>&nbsp;&nbsp;&nbsp;RCC_APB2PeriphClockCmd
<LI><a href="#[78]">&gt;&gt;</a>&nbsp;&nbsp;&nbsp;GPIO_Init
</UL>
<BR>[Address Reference Count : 1]<UL><LI> init.o(.data)
</UL>
<P><STRONG><a name="[87]"></a>DS18B20_ReadRom</STRONG> (Thumb, 48 bytes, Stack size 8 bytes, ds18b20.o(i.DS18B20_ReadRom))
<BR><BR>[Stack]<UL><LI>Max Depth = 56<LI>Call Chain = DS18B20_ReadRom &rArr; DS18B20_Write_Byte &rArr; DS18B20_IO_OUT &rArr; GPIO_Init
</UL>
<BR>[Calls]<UL><LI><a href="#[83]">&gt;&gt;</a>&nbsp;&nbsp;&nbsp;DS18B20_Write_Byte
<LI><a href="#[82]">&gt;&gt;</a>&nbsp;&nbsp;&nbsp;DS18B20_Reset
<LI><a href="#[84]">&gt;&gt;</a>&nbsp;&nbsp;&nbsp;DS18B20_Read_Byte
<LI><a href="#[88]">&gt;&gt;</a>&nbsp;&nbsp;&nbsp;__2printf
</UL>
<BR>[Called By]<UL><LI><a href="#[46]">&gt;&gt;</a>&nbsp;&nbsp;&nbsp;main
</UL>

<P><STRONG><a name="[84]"></a>DS18B20_Read_Byte</STRONG> (Thumb, 64 bytes, Stack size 16 bytes, ds18b20.o(i.DS18B20_Read_Byte))
<BR><BR>[Stack]<UL><LI>Max Depth = 48<LI>Call Chain = DS18B20_Read_Byte &rArr; DS18B20_IO_OUT &rArr; GPIO_Init
</UL>
<BR>[Calls]<UL><LI><a href="#[86]">&gt;&gt;</a>&nbsp;&nbsp;&nbsp;DS18B20_IO_OUT
<LI><a href="#[85]">&gt;&gt;</a>&nbsp;&nbsp;&nbsp;DS18B20_IO_IN
<LI><a href="#[89]">&gt;&gt;</a>&nbsp;&nbsp;&nbsp;delay_us
</UL>
<BR>[Called By]<UL><LI><a href="#[87]">&gt;&gt;</a>&nbsp;&nbsp;&nbsp;DS18B20_ReadRom
<LI><a href="#[81]">&gt;&gt;</a>&nbsp;&nbsp;&nbsp;DS18B20_GetTemperture
</UL>

<P><STRONG><a name="[82]"></a>DS18B20_Reset</STRONG> (Thumb, 94 bytes, Stack size 8 bytes, ds18b20.o(i.DS18B20_Reset))
<BR><BR>[Stack]<UL><LI>Max Depth = 40<LI>Call Chain = DS18B20_Reset &rArr; DS18B20_IO_OUT &rArr; GPIO_Init
</UL>
<BR>[Calls]<UL><LI><a href="#[86]">&gt;&gt;</a>&nbsp;&nbsp;&nbsp;DS18B20_IO_OUT
<LI><a href="#[85]">&gt;&gt;</a>&nbsp;&nbsp;&nbsp;DS18B20_IO_IN
<LI><a href="#[89]">&gt;&gt;</a>&nbsp;&nbsp;&nbsp;delay_us
<LI><a href="#[88]">&gt;&gt;</a>&nbsp;&nbsp;&nbsp;__2printf
</UL>
<BR>[Called By]<UL><LI><a href="#[87]">&gt;&gt;</a>&nbsp;&nbsp;&nbsp;DS18B20_ReadRom
<LI><a href="#[81]">&gt;&gt;</a>&nbsp;&nbsp;&nbsp;DS18B20_GetTemperture
</UL>

<P><STRONG><a name="[83]"></a>DS18B20_Write_Byte</STRONG> (Thumb, 84 bytes, Stack size 16 bytes, ds18b20.o(i.DS18B20_Write_Byte))
<BR><BR>[Stack]<UL><LI>Max Depth = 48<LI>Call Chain = DS18B20_Write_Byte &rArr; DS18B20_IO_OUT &rArr; GPIO_Init
</UL>
<BR>[Calls]<UL><LI><a href="#[86]">&gt;&gt;</a>&nbsp;&nbsp;&nbsp;DS18B20_IO_OUT
<LI><a href="#[89]">&gt;&gt;</a>&nbsp;&nbsp;&nbsp;delay_us
</UL>
<BR>[Called By]<UL><LI><a href="#[87]">&gt;&gt;</a>&nbsp;&nbsp;&nbsp;DS18B20_ReadRom
<LI><a href="#[81]">&gt;&gt;</a>&nbsp;&nbsp;&nbsp;DS18B20_GetTemperture
</UL>

<P><STRONG><a name="[7]"></a>DebugMon_Handler</STRONG> (Thumb, 2 bytes, Stack size 0 bytes, stm32f10x_it.o(i.DebugMon_Handler))
<BR>[Address Reference Count : 1]<UL><LI> startup_stm32f10x_hd.o(RESET)
</UL>
<P><STRONG><a name="[10]"></a>EXTI0_IRQHandler</STRONG> (Thumb, 38 bytes, Stack size 8 bytes, exti.o(i.EXTI0_IRQHandler))
<BR><BR>[Stack]<UL><LI>Max Depth = 104<LI>Call Chain = EXTI0_IRQHandler &rArr; delay_ms &rArr; vTaskDelay &rArr; xTaskResumeAll &rArr; xTaskIncrementTick &rArr; __2printf
</UL>
<BR>[Calls]<UL><LI><a href="#[8a]">&gt;&gt;</a>&nbsp;&nbsp;&nbsp;EXTI_GetITStatus
<LI><a href="#[8c]">&gt;&gt;</a>&nbsp;&nbsp;&nbsp;EXTI_ClearITPendingBit
<LI><a href="#[8b]">&gt;&gt;</a>&nbsp;&nbsp;&nbsp;delay_ms
</UL>
<BR>[Address Reference Count : 1]<UL><LI> startup_stm32f10x_hd.o(RESET)
</UL>
<P><STRONG><a name="[13]"></a>EXTI3_IRQHandler</STRONG> (Thumb, 40 bytes, Stack size 8 bytes, exti.o(i.EXTI3_IRQHandler))
<BR><BR>[Stack]<UL><LI>Max Depth = 104<LI>Call Chain = EXTI3_IRQHandler &rArr; delay_ms &rArr; vTaskDelay &rArr; xTaskResumeAll &rArr; xTaskIncrementTick &rArr; __2printf
</UL>
<BR>[Calls]<UL><LI><a href="#[8a]">&gt;&gt;</a>&nbsp;&nbsp;&nbsp;EXTI_GetITStatus
<LI><a href="#[8c]">&gt;&gt;</a>&nbsp;&nbsp;&nbsp;EXTI_ClearITPendingBit
<LI><a href="#[8b]">&gt;&gt;</a>&nbsp;&nbsp;&nbsp;delay_ms
</UL>
<BR>[Address Reference Count : 1]<UL><LI> startup_stm32f10x_hd.o(RESET)
</UL>
<P><STRONG><a name="[14]"></a>EXTI4_IRQHandler</STRONG> (Thumb, 70 bytes, Stack size 8 bytes, exti.o(i.EXTI4_IRQHandler))
<BR><BR>[Stack]<UL><LI>Max Depth = 104<LI>Call Chain = EXTI4_IRQHandler &rArr; delay_ms &rArr; vTaskDelay &rArr; xTaskResumeAll &rArr; xTaskIncrementTick &rArr; __2printf
</UL>
<BR>[Calls]<UL><LI><a href="#[8a]">&gt;&gt;</a>&nbsp;&nbsp;&nbsp;EXTI_GetITStatus
<LI><a href="#[8c]">&gt;&gt;</a>&nbsp;&nbsp;&nbsp;EXTI_ClearITPendingBit
<LI><a href="#[8b]">&gt;&gt;</a>&nbsp;&nbsp;&nbsp;delay_ms
</UL>
<BR>[Address Reference Count : 1]<UL><LI> startup_stm32f10x_hd.o(RESET)
</UL>
<P><STRONG><a name="[8c]"></a>EXTI_ClearITPendingBit</STRONG> (Thumb, 6 bytes, Stack size 0 bytes, stm32f10x_exti.o(i.EXTI_ClearITPendingBit))
<BR><BR>[Called By]<UL><LI><a href="#[14]">&gt;&gt;</a>&nbsp;&nbsp;&nbsp;EXTI4_IRQHandler
<LI><a href="#[13]">&gt;&gt;</a>&nbsp;&nbsp;&nbsp;EXTI3_IRQHandler
<LI><a href="#[10]">&gt;&gt;</a>&nbsp;&nbsp;&nbsp;EXTI0_IRQHandler
</UL>

<P><STRONG><a name="[8a]"></a>EXTI_GetITStatus</STRONG> (Thumb, 34 bytes, Stack size 0 bytes, stm32f10x_exti.o(i.EXTI_GetITStatus))
<BR><BR>[Called By]<UL><LI><a href="#[14]">&gt;&gt;</a>&nbsp;&nbsp;&nbsp;EXTI4_IRQHandler
<LI><a href="#[13]">&gt;&gt;</a>&nbsp;&nbsp;&nbsp;EXTI3_IRQHandler
<LI><a href="#[10]">&gt;&gt;</a>&nbsp;&nbsp;&nbsp;EXTI0_IRQHandler
</UL>

<P><STRONG><a name="[9a]"></a>EXTI_Init</STRONG> (Thumb, 142 bytes, Stack size 0 bytes, stm32f10x_exti.o(i.EXTI_Init))
<BR><BR>[Called By]<UL><LI><a href="#[55]">&gt;&gt;</a>&nbsp;&nbsp;&nbsp;MY_EXTI_Init
</UL>

<P><STRONG><a name="[99]"></a>GPIO_EXTILineConfig</STRONG> (Thumb, 60 bytes, Stack size 12 bytes, stm32f10x_gpio.o(i.GPIO_EXTILineConfig))
<BR><BR>[Stack]<UL><LI>Max Depth = 12<LI>Call Chain = GPIO_EXTILineConfig
</UL>
<BR>[Called By]<UL><LI><a href="#[55]">&gt;&gt;</a>&nbsp;&nbsp;&nbsp;MY_EXTI_Init
</UL>

<P><STRONG><a name="[78]"></a>GPIO_Init</STRONG> (Thumb, 278 bytes, Stack size 24 bytes, stm32f10x_gpio.o(i.GPIO_Init))
<BR><BR>[Stack]<UL><LI>Max Depth = 24<LI>Call Chain = GPIO_Init
</UL>
<BR>[Called By]<UL><LI><a href="#[86]">&gt;&gt;</a>&nbsp;&nbsp;&nbsp;DS18B20_IO_OUT
<LI><a href="#[85]">&gt;&gt;</a>&nbsp;&nbsp;&nbsp;DS18B20_IO_IN
<LI><a href="#[76]">&gt;&gt;</a>&nbsp;&nbsp;&nbsp;IIC_Init
<LI><a href="#[5a]">&gt;&gt;</a>&nbsp;&nbsp;&nbsp;WIFI_ResetIO_Init
<LI><a href="#[5b]">&gt;&gt;</a>&nbsp;&nbsp;&nbsp;UART3_Init
<LI><a href="#[5d]">&gt;&gt;</a>&nbsp;&nbsp;&nbsp;UART2_INIT
<LI><a href="#[5e]">&gt;&gt;</a>&nbsp;&nbsp;&nbsp;OLED_Init
<LI><a href="#[5c]">&gt;&gt;</a>&nbsp;&nbsp;&nbsp;MOTOR_Init
<LI><a href="#[57]">&gt;&gt;</a>&nbsp;&nbsp;&nbsp;DS18B20_Init
<LI><a href="#[53]">&gt;&gt;</a>&nbsp;&nbsp;&nbsp;UART_IDLEInit
<LI><a href="#[54]">&gt;&gt;</a>&nbsp;&nbsp;&nbsp;KEY_Init
<LI><a href="#[52]">&gt;&gt;</a>&nbsp;&nbsp;&nbsp;BEEP_Init
<LI><a href="#[51]">&gt;&gt;</a>&nbsp;&nbsp;&nbsp;LED_Init
</UL>

<P><STRONG><a name="[8f]"></a>GPIO_PinRemapConfig</STRONG> (Thumb, 138 bytes, Stack size 20 bytes, stm32f10x_gpio.o(i.GPIO_PinRemapConfig))
<BR><BR>[Stack]<UL><LI>Max Depth = 20<LI>Call Chain = GPIO_PinRemapConfig
</UL>
<BR>[Called By]<UL><LI><a href="#[5a]">&gt;&gt;</a>&nbsp;&nbsp;&nbsp;WIFI_ResetIO_Init
<LI><a href="#[5c]">&gt;&gt;</a>&nbsp;&nbsp;&nbsp;MOTOR_Init
</UL>

<P><STRONG><a name="[79]"></a>GPIO_ResetBits</STRONG> (Thumb, 4 bytes, Stack size 0 bytes, stm32f10x_gpio.o(i.GPIO_ResetBits))
<BR><BR>[Called By]<UL><LI><a href="#[4c]">&gt;&gt;</a>&nbsp;&nbsp;&nbsp;vTaskForLed
<LI><a href="#[5c]">&gt;&gt;</a>&nbsp;&nbsp;&nbsp;MOTOR_Init
<LI><a href="#[52]">&gt;&gt;</a>&nbsp;&nbsp;&nbsp;BEEP_Init
</UL>

<P><STRONG><a name="[8d]"></a>GPIO_SetBits</STRONG> (Thumb, 4 bytes, Stack size 0 bytes, stm32f10x_gpio.o(i.GPIO_SetBits))
<BR><BR>[Called By]<UL><LI><a href="#[4c]">&gt;&gt;</a>&nbsp;&nbsp;&nbsp;vTaskForLed
<LI><a href="#[5e]">&gt;&gt;</a>&nbsp;&nbsp;&nbsp;OLED_Init
<LI><a href="#[5c]">&gt;&gt;</a>&nbsp;&nbsp;&nbsp;MOTOR_Init
<LI><a href="#[51]">&gt;&gt;</a>&nbsp;&nbsp;&nbsp;LED_Init
</UL>

<P><STRONG><a name="[e9]"></a>Get_CRC16</STRONG> (Thumb, 68 bytes, Stack size 12 bytes, uart2.o(i.Get_CRC16))
<BR><BR>[Stack]<UL><LI>Max Depth = 12<LI>Call Chain = Get_CRC16
</UL>
<BR>[Called By]<UL><LI><a href="#[4d]">&gt;&gt;</a>&nbsp;&nbsp;&nbsp;vTaskFor485
</UL>

<P><STRONG><a name="[2]"></a>HardFault_Handler</STRONG> (Thumb, 4 bytes, Stack size 0 bytes, stm32f10x_it.o(i.HardFault_Handler))
<BR>[Address Reference Count : 1]<UL><LI> startup_stm32f10x_hd.o(RESET)
</UL>
<P><STRONG><a name="[76]"></a>IIC_Init</STRONG> (Thumb, 76 bytes, Stack size 8 bytes, iic.o(i.IIC_Init))
<BR><BR>[Stack]<UL><LI>Max Depth = 32<LI>Call Chain = IIC_Init &rArr; GPIO_Init
</UL>
<BR>[Calls]<UL><LI><a href="#[77]">&gt;&gt;</a>&nbsp;&nbsp;&nbsp;RCC_APB2PeriphClockCmd
<LI><a href="#[78]">&gt;&gt;</a>&nbsp;&nbsp;&nbsp;GPIO_Init
</UL>
<BR>[Called By]<UL><LI><a href="#[56]">&gt;&gt;</a>&nbsp;&nbsp;&nbsp;AT24C02_Init
</UL>

<P><STRONG><a name="[54]"></a>KEY_Init</STRONG> (Thumb, 52 bytes, Stack size 8 bytes, key.o(i.KEY_Init))
<BR><BR>[Stack]<UL><LI>Max Depth = 32<LI>Call Chain = KEY_Init &rArr; GPIO_Init
</UL>
<BR>[Calls]<UL><LI><a href="#[77]">&gt;&gt;</a>&nbsp;&nbsp;&nbsp;RCC_APB2PeriphClockCmd
<LI><a href="#[78]">&gt;&gt;</a>&nbsp;&nbsp;&nbsp;GPIO_Init
</UL>
<BR>[Address Reference Count : 1]<UL><LI> init.o(.data)
</UL>
<P><STRONG><a name="[51]"></a>LED_Init</STRONG> (Thumb, 80 bytes, Stack size 8 bytes, led.o(i.LED_Init))
<BR><BR>[Stack]<UL><LI>Max Depth = 32<LI>Call Chain = LED_Init &rArr; GPIO_Init
</UL>
<BR>[Calls]<UL><LI><a href="#[77]">&gt;&gt;</a>&nbsp;&nbsp;&nbsp;RCC_APB2PeriphClockCmd
<LI><a href="#[78]">&gt;&gt;</a>&nbsp;&nbsp;&nbsp;GPIO_Init
<LI><a href="#[8d]">&gt;&gt;</a>&nbsp;&nbsp;&nbsp;GPIO_SetBits
</UL>
<BR>[Address Reference Count : 1]<UL><LI> init.o(.data)
</UL>
<P><STRONG><a name="[5c]"></a>MOTOR_Init</STRONG> (Thumb, 376 bytes, Stack size 40 bytes, motor.o(i.MOTOR_Init))
<BR><BR>[Stack]<UL><LI>Max Depth = 64<LI>Call Chain = MOTOR_Init &rArr; GPIO_Init
</UL>
<BR>[Calls]<UL><LI><a href="#[77]">&gt;&gt;</a>&nbsp;&nbsp;&nbsp;RCC_APB2PeriphClockCmd
<LI><a href="#[8e]">&gt;&gt;</a>&nbsp;&nbsp;&nbsp;RCC_APB1PeriphClockCmd
<LI><a href="#[8f]">&gt;&gt;</a>&nbsp;&nbsp;&nbsp;GPIO_PinRemapConfig
<LI><a href="#[78]">&gt;&gt;</a>&nbsp;&nbsp;&nbsp;GPIO_Init
<LI><a href="#[98]">&gt;&gt;</a>&nbsp;&nbsp;&nbsp;TIM_SetCompare4
<LI><a href="#[97]">&gt;&gt;</a>&nbsp;&nbsp;&nbsp;TIM_SetCompare2
<LI><a href="#[8d]">&gt;&gt;</a>&nbsp;&nbsp;&nbsp;GPIO_SetBits
<LI><a href="#[79]">&gt;&gt;</a>&nbsp;&nbsp;&nbsp;GPIO_ResetBits
<LI><a href="#[90]">&gt;&gt;</a>&nbsp;&nbsp;&nbsp;TIM_TimeBaseInit
<LI><a href="#[93]">&gt;&gt;</a>&nbsp;&nbsp;&nbsp;TIM_OC4PreloadConfig
<LI><a href="#[92]">&gt;&gt;</a>&nbsp;&nbsp;&nbsp;TIM_OC4Init
<LI><a href="#[94]">&gt;&gt;</a>&nbsp;&nbsp;&nbsp;TIM_OC2PreloadConfig
<LI><a href="#[91]">&gt;&gt;</a>&nbsp;&nbsp;&nbsp;TIM_OC2Init
<LI><a href="#[96]">&gt;&gt;</a>&nbsp;&nbsp;&nbsp;TIM_Cmd
<LI><a href="#[95]">&gt;&gt;</a>&nbsp;&nbsp;&nbsp;TIM_ARRPreloadConfig
</UL>
<BR>[Address Reference Count : 1]<UL><LI> init.o(.data)
</UL>
<P><STRONG><a name="[55]"></a>MY_EXTI_Init</STRONG> (Thumb, 180 bytes, Stack size 16 bytes, exti.o(i.MY_EXTI_Init))
<BR><BR>[Stack]<UL><LI>Max Depth = 32<LI>Call Chain = MY_EXTI_Init &rArr; NVIC_Init
</UL>
<BR>[Calls]<UL><LI><a href="#[9a]">&gt;&gt;</a>&nbsp;&nbsp;&nbsp;EXTI_Init
<LI><a href="#[9b]">&gt;&gt;</a>&nbsp;&nbsp;&nbsp;NVIC_Init
<LI><a href="#[77]">&gt;&gt;</a>&nbsp;&nbsp;&nbsp;RCC_APB2PeriphClockCmd
<LI><a href="#[99]">&gt;&gt;</a>&nbsp;&nbsp;&nbsp;GPIO_EXTILineConfig
</UL>
<BR>[Address Reference Count : 1]<UL><LI> init.o(.data)
</UL>
<P><STRONG><a name="[3]"></a>MemManage_Handler</STRONG> (Thumb, 4 bytes, Stack size 0 bytes, stm32f10x_it.o(i.MemManage_Handler))
<BR>[Address Reference Count : 1]<UL><LI> startup_stm32f10x_hd.o(RESET)
</UL>
<P><STRONG><a name="[1]"></a>NMI_Handler</STRONG> (Thumb, 2 bytes, Stack size 0 bytes, stm32f10x_it.o(i.NMI_Handler))
<BR>[Address Reference Count : 1]<UL><LI> startup_stm32f10x_hd.o(RESET)
</UL>
<P><STRONG><a name="[9b]"></a>NVIC_Init</STRONG> (Thumb, 100 bytes, Stack size 16 bytes, misc.o(i.NVIC_Init))
<BR><BR>[Stack]<UL><LI>Max Depth = 16<LI>Call Chain = NVIC_Init
</UL>
<BR>[Called By]<UL><LI><a href="#[b1]">&gt;&gt;</a>&nbsp;&nbsp;&nbsp;UART3DMA_Init
<LI><a href="#[5b]">&gt;&gt;</a>&nbsp;&nbsp;&nbsp;UART3_Init
<LI><a href="#[5d]">&gt;&gt;</a>&nbsp;&nbsp;&nbsp;UART2_INIT
<LI><a href="#[58]">&gt;&gt;</a>&nbsp;&nbsp;&nbsp;UART1DMA_Init
<LI><a href="#[59]">&gt;&gt;</a>&nbsp;&nbsp;&nbsp;TIMER4_Init
<LI><a href="#[53]">&gt;&gt;</a>&nbsp;&nbsp;&nbsp;UART_IDLEInit
<LI><a href="#[55]">&gt;&gt;</a>&nbsp;&nbsp;&nbsp;MY_EXTI_Init
</UL>

<P><STRONG><a name="[d1]"></a>NVIC_PriorityGroupConfig</STRONG> (Thumb, 10 bytes, Stack size 0 bytes, misc.o(i.NVIC_PriorityGroupConfig))
<BR><BR>[Called By]<UL><LI><a href="#[46]">&gt;&gt;</a>&nbsp;&nbsp;&nbsp;main
</UL>

<P><STRONG><a name="[9c]"></a>OLED_Clear</STRONG> (Thumb, 66 bytes, Stack size 16 bytes, oled.o(i.OLED_Clear))
<BR><BR>[Stack]<UL><LI>Max Depth = 24<LI>Call Chain = OLED_Clear &rArr; OLED_WR_Byte
</UL>
<BR>[Calls]<UL><LI><a href="#[9d]">&gt;&gt;</a>&nbsp;&nbsp;&nbsp;OLED_WR_Byte
</UL>
<BR>[Called By]<UL><LI><a href="#[5e]">&gt;&gt;</a>&nbsp;&nbsp;&nbsp;OLED_Init
</UL>

<P><STRONG><a name="[9e]"></a>OLED_Draw_Char</STRONG> (Thumb, 80 bytes, Stack size 28 bytes, oled.o(i.OLED_Draw_Char))
<BR><BR>[Stack]<UL><LI>Max Depth = 52<LI>Call Chain = OLED_Draw_Char &rArr; OLED_Draw_Point &rArr; OLED_WR_Byte
</UL>
<BR>[Calls]<UL><LI><a href="#[9f]">&gt;&gt;</a>&nbsp;&nbsp;&nbsp;OLED_Draw_Point
</UL>
<BR>[Called By]<UL><LI><a href="#[a0]">&gt;&gt;</a>&nbsp;&nbsp;&nbsp;OLED_Draw_String
</UL>

<P><STRONG><a name="[9f]"></a>OLED_Draw_Point</STRONG> (Thumb, 52 bytes, Stack size 16 bytes, oled.o(i.OLED_Draw_Point))
<BR><BR>[Stack]<UL><LI>Max Depth = 24<LI>Call Chain = OLED_Draw_Point &rArr; OLED_WR_Byte
</UL>
<BR>[Calls]<UL><LI><a href="#[9d]">&gt;&gt;</a>&nbsp;&nbsp;&nbsp;OLED_WR_Byte
</UL>
<BR>[Called By]<UL><LI><a href="#[9e]">&gt;&gt;</a>&nbsp;&nbsp;&nbsp;OLED_Draw_Char
</UL>

<P><STRONG><a name="[a0]"></a>OLED_Draw_String</STRONG> (Thumb, 36 bytes, Stack size 16 bytes, oled.o(i.OLED_Draw_String))
<BR><BR>[Stack]<UL><LI>Max Depth = 68<LI>Call Chain = OLED_Draw_String &rArr; OLED_Draw_Char &rArr; OLED_Draw_Point &rArr; OLED_WR_Byte
</UL>
<BR>[Calls]<UL><LI><a href="#[9e]">&gt;&gt;</a>&nbsp;&nbsp;&nbsp;OLED_Draw_Char
</UL>
<BR>[Called By]<UL><LI><a href="#[4d]">&gt;&gt;</a>&nbsp;&nbsp;&nbsp;vTaskFor485
</UL>

<P><STRONG><a name="[5e]"></a>OLED_Init</STRONG> (Thumb, 300 bytes, Stack size 8 bytes, oled.o(i.OLED_Init))
<BR><BR>[Stack]<UL><LI>Max Depth = 104<LI>Call Chain = OLED_Init &rArr; delay_ms &rArr; vTaskDelay &rArr; xTaskResumeAll &rArr; xTaskIncrementTick &rArr; __2printf
</UL>
<BR>[Calls]<UL><LI><a href="#[77]">&gt;&gt;</a>&nbsp;&nbsp;&nbsp;RCC_APB2PeriphClockCmd
<LI><a href="#[78]">&gt;&gt;</a>&nbsp;&nbsp;&nbsp;GPIO_Init
<LI><a href="#[8d]">&gt;&gt;</a>&nbsp;&nbsp;&nbsp;GPIO_SetBits
<LI><a href="#[9d]">&gt;&gt;</a>&nbsp;&nbsp;&nbsp;OLED_WR_Byte
<LI><a href="#[9c]">&gt;&gt;</a>&nbsp;&nbsp;&nbsp;OLED_Clear
<LI><a href="#[8b]">&gt;&gt;</a>&nbsp;&nbsp;&nbsp;delay_ms
</UL>
<BR>[Address Reference Count : 1]<UL><LI> init.o(.data)
</UL>
<P><STRONG><a name="[9d]"></a>OLED_WR_Byte</STRONG> (Thumb, 78 bytes, Stack size 8 bytes, oled.o(i.OLED_WR_Byte))
<BR><BR>[Stack]<UL><LI>Max Depth = 8<LI>Call Chain = OLED_WR_Byte
</UL>
<BR>[Called By]<UL><LI><a href="#[9f]">&gt;&gt;</a>&nbsp;&nbsp;&nbsp;OLED_Draw_Point
<LI><a href="#[9c]">&gt;&gt;</a>&nbsp;&nbsp;&nbsp;OLED_Clear
<LI><a href="#[5e]">&gt;&gt;</a>&nbsp;&nbsp;&nbsp;OLED_Init
</UL>

<P><STRONG><a name="[7e]"></a>RCC_AHBPeriphClockCmd</STRONG> (Thumb, 26 bytes, Stack size 0 bytes, stm32f10x_rcc.o(i.RCC_AHBPeriphClockCmd))
<BR><BR>[Called By]<UL><LI><a href="#[7d]">&gt;&gt;</a>&nbsp;&nbsp;&nbsp;DMA_INIT
<LI><a href="#[b1]">&gt;&gt;</a>&nbsp;&nbsp;&nbsp;UART3DMA_Init
<LI><a href="#[58]">&gt;&gt;</a>&nbsp;&nbsp;&nbsp;UART1DMA_Init
</UL>

<P><STRONG><a name="[8e]"></a>RCC_APB1PeriphClockCmd</STRONG> (Thumb, 26 bytes, Stack size 0 bytes, stm32f10x_rcc.o(i.RCC_APB1PeriphClockCmd))
<BR><BR>[Called By]<UL><LI><a href="#[5b]">&gt;&gt;</a>&nbsp;&nbsp;&nbsp;UART3_Init
<LI><a href="#[5d]">&gt;&gt;</a>&nbsp;&nbsp;&nbsp;UART2_INIT
<LI><a href="#[59]">&gt;&gt;</a>&nbsp;&nbsp;&nbsp;TIMER4_Init
<LI><a href="#[5c]">&gt;&gt;</a>&nbsp;&nbsp;&nbsp;MOTOR_Init
</UL>

<P><STRONG><a name="[bb]"></a>RCC_APB1PeriphResetCmd</STRONG> (Thumb, 26 bytes, Stack size 0 bytes, stm32f10x_rcc.o(i.RCC_APB1PeriphResetCmd))
<BR><BR>[Called By]<UL><LI><a href="#[b2]">&gt;&gt;</a>&nbsp;&nbsp;&nbsp;USART_DeInit
</UL>

<P><STRONG><a name="[77]"></a>RCC_APB2PeriphClockCmd</STRONG> (Thumb, 26 bytes, Stack size 0 bytes, stm32f10x_rcc.o(i.RCC_APB2PeriphClockCmd))
<BR><BR>[Called By]<UL><LI><a href="#[76]">&gt;&gt;</a>&nbsp;&nbsp;&nbsp;IIC_Init
<LI><a href="#[5a]">&gt;&gt;</a>&nbsp;&nbsp;&nbsp;WIFI_ResetIO_Init
<LI><a href="#[5b]">&gt;&gt;</a>&nbsp;&nbsp;&nbsp;UART3_Init
<LI><a href="#[5d]">&gt;&gt;</a>&nbsp;&nbsp;&nbsp;UART2_INIT
<LI><a href="#[5e]">&gt;&gt;</a>&nbsp;&nbsp;&nbsp;OLED_Init
<LI><a href="#[5c]">&gt;&gt;</a>&nbsp;&nbsp;&nbsp;MOTOR_Init
<LI><a href="#[57]">&gt;&gt;</a>&nbsp;&nbsp;&nbsp;DS18B20_Init
<LI><a href="#[53]">&gt;&gt;</a>&nbsp;&nbsp;&nbsp;UART_IDLEInit
<LI><a href="#[55]">&gt;&gt;</a>&nbsp;&nbsp;&nbsp;MY_EXTI_Init
<LI><a href="#[54]">&gt;&gt;</a>&nbsp;&nbsp;&nbsp;KEY_Init
<LI><a href="#[52]">&gt;&gt;</a>&nbsp;&nbsp;&nbsp;BEEP_Init
<LI><a href="#[51]">&gt;&gt;</a>&nbsp;&nbsp;&nbsp;LED_Init
</UL>

<P><STRONG><a name="[ba]"></a>RCC_APB2PeriphResetCmd</STRONG> (Thumb, 26 bytes, Stack size 0 bytes, stm32f10x_rcc.o(i.RCC_APB2PeriphResetCmd))
<BR><BR>[Called By]<UL><LI><a href="#[b2]">&gt;&gt;</a>&nbsp;&nbsp;&nbsp;USART_DeInit
</UL>

<P><STRONG><a name="[bc]"></a>RCC_GetClocksFreq</STRONG> (Thumb, 192 bytes, Stack size 12 bytes, stm32f10x_rcc.o(i.RCC_GetClocksFreq))
<BR><BR>[Stack]<UL><LI>Max Depth = 12<LI>Call Chain = RCC_GetClocksFreq
</UL>
<BR>[Called By]<UL><LI><a href="#[aa]">&gt;&gt;</a>&nbsp;&nbsp;&nbsp;USART_Init
</UL>

<P><STRONG><a name="[a5]"></a>SysTick_CLKSourceConfig</STRONG> (Thumb, 40 bytes, Stack size 0 bytes, misc.o(i.SysTick_CLKSourceConfig))
<BR><BR>[Called By]<UL><LI><a href="#[50]">&gt;&gt;</a>&nbsp;&nbsp;&nbsp;SysTick_Init
</UL>

<P><STRONG><a name="[9]"></a>SysTick_Handler</STRONG> (Thumb, 16 bytes, Stack size 8 bytes, stm32f10x_it.o(i.SysTick_Handler))
<BR><BR>[Stack]<UL><LI>Max Depth = 64<LI>Call Chain = SysTick_Handler &rArr; xPortSysTickHandler &rArr; xTaskIncrementTick &rArr; __2printf
</UL>
<BR>[Calls]<UL><LI><a href="#[a3]">&gt;&gt;</a>&nbsp;&nbsp;&nbsp;xTaskGetSchedulerState
<LI><a href="#[a4]">&gt;&gt;</a>&nbsp;&nbsp;&nbsp;xPortSysTickHandler
</UL>
<BR>[Address Reference Count : 1]<UL><LI> startup_stm32f10x_hd.o(RESET)
</UL>
<P><STRONG><a name="[50]"></a>SysTick_Init</STRONG> (Thumb, 74 bytes, Stack size 8 bytes, systick.o(i.SysTick_Init))
<BR><BR>[Stack]<UL><LI>Max Depth = 8<LI>Call Chain = SysTick_Init
</UL>
<BR>[Calls]<UL><LI><a href="#[a5]">&gt;&gt;</a>&nbsp;&nbsp;&nbsp;SysTick_CLKSourceConfig
</UL>
<BR>[Address Reference Count : 1]<UL><LI> init.o(.data)
</UL>
<P><STRONG><a name="[47]"></a>SystemInit</STRONG> (Thumb, 78 bytes, Stack size 8 bytes, system_stm32f10x.o(i.SystemInit))
<BR><BR>[Stack]<UL><LI>Max Depth = 28<LI>Call Chain = SystemInit &rArr; SetSysClock &rArr; SetSysClockTo72
</UL>
<BR>[Calls]<UL><LI><a href="#[a1]">&gt;&gt;</a>&nbsp;&nbsp;&nbsp;SetSysClock
</UL>
<BR>[Address Reference Count : 1]<UL><LI> startup_stm32f10x_hd.o(.text)
</UL>
<P><STRONG><a name="[28]"></a>TIM4_IRQHandler</STRONG> (Thumb, 22 bytes, Stack size 8 bytes, timer4.o(i.TIM4_IRQHandler))
<BR><BR>[Stack]<UL><LI>Max Depth = 20<LI>Call Chain = TIM4_IRQHandler &rArr; TIM_GetITStatus
</UL>
<BR>[Calls]<UL><LI><a href="#[a6]">&gt;&gt;</a>&nbsp;&nbsp;&nbsp;TIM_GetITStatus
<LI><a href="#[a7]">&gt;&gt;</a>&nbsp;&nbsp;&nbsp;TIM_ClearITPendingBit
</UL>
<BR>[Address Reference Count : 1]<UL><LI> startup_stm32f10x_hd.o(RESET)
</UL>
<P><STRONG><a name="[59]"></a>TIMER4_Init</STRONG> (Thumb, 94 bytes, Stack size 24 bytes, timer4.o(i.TIMER4_Init))
<BR><BR>[Stack]<UL><LI>Max Depth = 40<LI>Call Chain = TIMER4_Init &rArr; NVIC_Init
</UL>
<BR>[Calls]<UL><LI><a href="#[9b]">&gt;&gt;</a>&nbsp;&nbsp;&nbsp;NVIC_Init
<LI><a href="#[8e]">&gt;&gt;</a>&nbsp;&nbsp;&nbsp;RCC_APB1PeriphClockCmd
<LI><a href="#[90]">&gt;&gt;</a>&nbsp;&nbsp;&nbsp;TIM_TimeBaseInit
<LI><a href="#[a8]">&gt;&gt;</a>&nbsp;&nbsp;&nbsp;TIM_ITConfig
<LI><a href="#[a7]">&gt;&gt;</a>&nbsp;&nbsp;&nbsp;TIM_ClearITPendingBit
</UL>
<BR>[Address Reference Count : 1]<UL><LI> init.o(.data)
</UL>
<P><STRONG><a name="[95]"></a>TIM_ARRPreloadConfig</STRONG> (Thumb, 24 bytes, Stack size 0 bytes, stm32f10x_tim.o(i.TIM_ARRPreloadConfig))
<BR><BR>[Called By]<UL><LI><a href="#[5c]">&gt;&gt;</a>&nbsp;&nbsp;&nbsp;MOTOR_Init
</UL>

<P><STRONG><a name="[a7]"></a>TIM_ClearITPendingBit</STRONG> (Thumb, 6 bytes, Stack size 0 bytes, stm32f10x_tim.o(i.TIM_ClearITPendingBit))
<BR><BR>[Called By]<UL><LI><a href="#[28]">&gt;&gt;</a>&nbsp;&nbsp;&nbsp;TIM4_IRQHandler
<LI><a href="#[59]">&gt;&gt;</a>&nbsp;&nbsp;&nbsp;TIMER4_Init
</UL>

<P><STRONG><a name="[96]"></a>TIM_Cmd</STRONG> (Thumb, 24 bytes, Stack size 0 bytes, stm32f10x_tim.o(i.TIM_Cmd))
<BR><BR>[Called By]<UL><LI><a href="#[5c]">&gt;&gt;</a>&nbsp;&nbsp;&nbsp;MOTOR_Init
</UL>

<P><STRONG><a name="[a6]"></a>TIM_GetITStatus</STRONG> (Thumb, 34 bytes, Stack size 12 bytes, stm32f10x_tim.o(i.TIM_GetITStatus))
<BR><BR>[Stack]<UL><LI>Max Depth = 12<LI>Call Chain = TIM_GetITStatus
</UL>
<BR>[Called By]<UL><LI><a href="#[28]">&gt;&gt;</a>&nbsp;&nbsp;&nbsp;TIM4_IRQHandler
</UL>

<P><STRONG><a name="[a8]"></a>TIM_ITConfig</STRONG> (Thumb, 18 bytes, Stack size 0 bytes, stm32f10x_tim.o(i.TIM_ITConfig))
<BR><BR>[Called By]<UL><LI><a href="#[59]">&gt;&gt;</a>&nbsp;&nbsp;&nbsp;TIMER4_Init
</UL>

<P><STRONG><a name="[91]"></a>TIM_OC2Init</STRONG> (Thumb, 154 bytes, Stack size 16 bytes, stm32f10x_tim.o(i.TIM_OC2Init))
<BR><BR>[Stack]<UL><LI>Max Depth = 16<LI>Call Chain = TIM_OC2Init
</UL>
<BR>[Called By]<UL><LI><a href="#[5c]">&gt;&gt;</a>&nbsp;&nbsp;&nbsp;MOTOR_Init
</UL>

<P><STRONG><a name="[94]"></a>TIM_OC2PreloadConfig</STRONG> (Thumb, 26 bytes, Stack size 0 bytes, stm32f10x_tim.o(i.TIM_OC2PreloadConfig))
<BR><BR>[Called By]<UL><LI><a href="#[5c]">&gt;&gt;</a>&nbsp;&nbsp;&nbsp;MOTOR_Init
</UL>

<P><STRONG><a name="[92]"></a>TIM_OC4Init</STRONG> (Thumb, 114 bytes, Stack size 16 bytes, stm32f10x_tim.o(i.TIM_OC4Init))
<BR><BR>[Stack]<UL><LI>Max Depth = 16<LI>Call Chain = TIM_OC4Init
</UL>
<BR>[Called By]<UL><LI><a href="#[5c]">&gt;&gt;</a>&nbsp;&nbsp;&nbsp;MOTOR_Init
</UL>

<P><STRONG><a name="[93]"></a>TIM_OC4PreloadConfig</STRONG> (Thumb, 26 bytes, Stack size 0 bytes, stm32f10x_tim.o(i.TIM_OC4PreloadConfig))
<BR><BR>[Called By]<UL><LI><a href="#[5c]">&gt;&gt;</a>&nbsp;&nbsp;&nbsp;MOTOR_Init
</UL>

<P><STRONG><a name="[97]"></a>TIM_SetCompare2</STRONG> (Thumb, 4 bytes, Stack size 0 bytes, stm32f10x_tim.o(i.TIM_SetCompare2))
<BR><BR>[Called By]<UL><LI><a href="#[4c]">&gt;&gt;</a>&nbsp;&nbsp;&nbsp;vTaskForLed
<LI><a href="#[5c]">&gt;&gt;</a>&nbsp;&nbsp;&nbsp;MOTOR_Init
</UL>

<P><STRONG><a name="[98]"></a>TIM_SetCompare4</STRONG> (Thumb, 6 bytes, Stack size 0 bytes, stm32f10x_tim.o(i.TIM_SetCompare4))
<BR><BR>[Called By]<UL><LI><a href="#[4c]">&gt;&gt;</a>&nbsp;&nbsp;&nbsp;vTaskForLed
<LI><a href="#[5c]">&gt;&gt;</a>&nbsp;&nbsp;&nbsp;MOTOR_Init
</UL>

<P><STRONG><a name="[90]"></a>TIM_TimeBaseInit</STRONG> (Thumb, 122 bytes, Stack size 0 bytes, stm32f10x_tim.o(i.TIM_TimeBaseInit))
<BR><BR>[Called By]<UL><LI><a href="#[59]">&gt;&gt;</a>&nbsp;&nbsp;&nbsp;TIMER4_Init
<LI><a href="#[5c]">&gt;&gt;</a>&nbsp;&nbsp;&nbsp;MOTOR_Init
</UL>

<P><STRONG><a name="[58]"></a>UART1DMA_Init</STRONG> (Thumb, 168 bytes, Stack size 56 bytes, dma.o(i.UART1DMA_Init))
<BR><BR>[Stack]<UL><LI>Max Depth = 72<LI>Call Chain = UART1DMA_Init &rArr; NVIC_Init
</UL>
<BR>[Calls]<UL><LI><a href="#[9b]">&gt;&gt;</a>&nbsp;&nbsp;&nbsp;NVIC_Init
<LI><a href="#[7e]">&gt;&gt;</a>&nbsp;&nbsp;&nbsp;RCC_AHBPeriphClockCmd
<LI><a href="#[7f]">&gt;&gt;</a>&nbsp;&nbsp;&nbsp;DMA_Init
<LI><a href="#[a9]">&gt;&gt;</a>&nbsp;&nbsp;&nbsp;DMA_ITConfig
<LI><a href="#[7c]">&gt;&gt;</a>&nbsp;&nbsp;&nbsp;DMA_Cmd
</UL>
<BR>[Address Reference Count : 1]<UL><LI> init.o(.data)
</UL>
<P><STRONG><a name="[5d]"></a>UART2_INIT</STRONG> (Thumb, 206 bytes, Stack size 32 bytes, uart2.o(i.UART2_INIT))
<BR><BR>[Stack]<UL><LI>Max Depth = 100<LI>Call Chain = UART2_INIT &rArr; USART_Init &rArr; RCC_GetClocksFreq
</UL>
<BR>[Calls]<UL><LI><a href="#[9b]">&gt;&gt;</a>&nbsp;&nbsp;&nbsp;NVIC_Init
<LI><a href="#[77]">&gt;&gt;</a>&nbsp;&nbsp;&nbsp;RCC_APB2PeriphClockCmd
<LI><a href="#[8e]">&gt;&gt;</a>&nbsp;&nbsp;&nbsp;RCC_APB1PeriphClockCmd
<LI><a href="#[78]">&gt;&gt;</a>&nbsp;&nbsp;&nbsp;GPIO_Init
<LI><a href="#[aa]">&gt;&gt;</a>&nbsp;&nbsp;&nbsp;USART_Init
<LI><a href="#[ac]">&gt;&gt;</a>&nbsp;&nbsp;&nbsp;USART_ITConfig
<LI><a href="#[80]">&gt;&gt;</a>&nbsp;&nbsp;&nbsp;USART_DMACmd
<LI><a href="#[ab]">&gt;&gt;</a>&nbsp;&nbsp;&nbsp;USART_Cmd
<LI><a href="#[7d]">&gt;&gt;</a>&nbsp;&nbsp;&nbsp;DMA_INIT
</UL>
<BR>[Address Reference Count : 1]<UL><LI> init.o(.data)
</UL>
<P><STRONG><a name="[ad]"></a>UART2_TXFUNC</STRONG> (Thumb, 92 bytes, Stack size 16 bytes, uart2.o(i.UART2_TXFUNC))
<BR><BR>[Stack]<UL><LI>Max Depth = 40<LI>Call Chain = UART2_TXFUNC &rArr; __2printf
</UL>
<BR>[Calls]<UL><LI><a href="#[ae]">&gt;&gt;</a>&nbsp;&nbsp;&nbsp;DMA_SetCurrDataCounter
<LI><a href="#[af]">&gt;&gt;</a>&nbsp;&nbsp;&nbsp;DMA_GetFlagStatus
<LI><a href="#[7c]">&gt;&gt;</a>&nbsp;&nbsp;&nbsp;DMA_Cmd
<LI><a href="#[b0]">&gt;&gt;</a>&nbsp;&nbsp;&nbsp;DMA_ClearFlag
<LI><a href="#[89]">&gt;&gt;</a>&nbsp;&nbsp;&nbsp;delay_us
<LI><a href="#[88]">&gt;&gt;</a>&nbsp;&nbsp;&nbsp;__2printf
</UL>
<BR>[Called By]<UL><LI><a href="#[4d]">&gt;&gt;</a>&nbsp;&nbsp;&nbsp;vTaskFor485
</UL>

<P><STRONG><a name="[b1]"></a>UART3DMA_Init</STRONG> (Thumb, 168 bytes, Stack size 56 bytes, uart3.o(i.UART3DMA_Init))
<BR><BR>[Stack]<UL><LI>Max Depth = 72<LI>Call Chain = UART3DMA_Init &rArr; NVIC_Init
</UL>
<BR>[Calls]<UL><LI><a href="#[9b]">&gt;&gt;</a>&nbsp;&nbsp;&nbsp;NVIC_Init
<LI><a href="#[7e]">&gt;&gt;</a>&nbsp;&nbsp;&nbsp;RCC_AHBPeriphClockCmd
<LI><a href="#[7f]">&gt;&gt;</a>&nbsp;&nbsp;&nbsp;DMA_Init
<LI><a href="#[a9]">&gt;&gt;</a>&nbsp;&nbsp;&nbsp;DMA_ITConfig
<LI><a href="#[7c]">&gt;&gt;</a>&nbsp;&nbsp;&nbsp;DMA_Cmd
</UL>
<BR>[Called By]<UL><LI><a href="#[5b]">&gt;&gt;</a>&nbsp;&nbsp;&nbsp;UART3_Init
</UL>

<P><STRONG><a name="[5b]"></a>UART3_Init</STRONG> (Thumb, 190 bytes, Stack size 32 bytes, uart3.o(i.UART3_Init))
<BR><BR>[Stack]<UL><LI>Max Depth = 104<LI>Call Chain = UART3_Init &rArr; UART3DMA_Init &rArr; NVIC_Init
</UL>
<BR>[Calls]<UL><LI><a href="#[9b]">&gt;&gt;</a>&nbsp;&nbsp;&nbsp;NVIC_Init
<LI><a href="#[77]">&gt;&gt;</a>&nbsp;&nbsp;&nbsp;RCC_APB2PeriphClockCmd
<LI><a href="#[8e]">&gt;&gt;</a>&nbsp;&nbsp;&nbsp;RCC_APB1PeriphClockCmd
<LI><a href="#[78]">&gt;&gt;</a>&nbsp;&nbsp;&nbsp;GPIO_Init
<LI><a href="#[aa]">&gt;&gt;</a>&nbsp;&nbsp;&nbsp;USART_Init
<LI><a href="#[ac]">&gt;&gt;</a>&nbsp;&nbsp;&nbsp;USART_ITConfig
<LI><a href="#[b2]">&gt;&gt;</a>&nbsp;&nbsp;&nbsp;USART_DeInit
<LI><a href="#[80]">&gt;&gt;</a>&nbsp;&nbsp;&nbsp;USART_DMACmd
<LI><a href="#[ab]">&gt;&gt;</a>&nbsp;&nbsp;&nbsp;USART_Cmd
<LI><a href="#[b1]">&gt;&gt;</a>&nbsp;&nbsp;&nbsp;UART3DMA_Init
</UL>
<BR>[Address Reference Count : 1]<UL><LI> init.o(.data)
</UL>
<P><STRONG><a name="[b3]"></a>UART3_Puts</STRONG> (Thumb, 54 bytes, Stack size 24 bytes, uart3.o(i.UART3_Puts))
<BR><BR>[Stack]<UL><LI>Max Depth = 48<LI>Call Chain = UART3_Puts &rArr; vsprintf
</UL>
<BR>[Calls]<UL><LI><a href="#[ae]">&gt;&gt;</a>&nbsp;&nbsp;&nbsp;DMA_SetCurrDataCounter
<LI><a href="#[7c]">&gt;&gt;</a>&nbsp;&nbsp;&nbsp;DMA_Cmd
<LI><a href="#[b4]">&gt;&gt;</a>&nbsp;&nbsp;&nbsp;vsprintf
</UL>
<BR>[Called By]<UL><LI><a href="#[c0]">&gt;&gt;</a>&nbsp;&nbsp;&nbsp;WIFI_SendCmd
<LI><a href="#[c1]">&gt;&gt;</a>&nbsp;&nbsp;&nbsp;WIFI_JoinAP
<LI><a href="#[c2]">&gt;&gt;</a>&nbsp;&nbsp;&nbsp;WIFI_Connect_Server
</UL>

<P><STRONG><a name="[b5]"></a>UART3_TxData</STRONG> (Thumb, 38 bytes, Stack size 16 bytes, uart3.o(i.UART3_TxData))
<BR><BR>[Stack]<UL><LI>Max Depth = 16<LI>Call Chain = UART3_TxData
</UL>
<BR>[Calls]<UL><LI><a href="#[ae]">&gt;&gt;</a>&nbsp;&nbsp;&nbsp;DMA_SetCurrDataCounter
<LI><a href="#[7c]">&gt;&gt;</a>&nbsp;&nbsp;&nbsp;DMA_Cmd
</UL>
<BR>[Called By]<UL><LI><a href="#[4b]">&gt;&gt;</a>&nbsp;&nbsp;&nbsp;vTaskForTemp
<LI><a href="#[4c]">&gt;&gt;</a>&nbsp;&nbsp;&nbsp;vTaskForLed
<LI><a href="#[4d]">&gt;&gt;</a>&nbsp;&nbsp;&nbsp;vTaskFor485
</UL>

<P><STRONG><a name="[53]"></a>UART_IDLEInit</STRONG> (Thumb, 182 bytes, Stack size 32 bytes, uart.o(i.UART_IDLEInit))
<BR><BR>[Stack]<UL><LI>Max Depth = 100<LI>Call Chain = UART_IDLEInit &rArr; USART_Init &rArr; RCC_GetClocksFreq
</UL>
<BR>[Calls]<UL><LI><a href="#[9b]">&gt;&gt;</a>&nbsp;&nbsp;&nbsp;NVIC_Init
<LI><a href="#[77]">&gt;&gt;</a>&nbsp;&nbsp;&nbsp;RCC_APB2PeriphClockCmd
<LI><a href="#[78]">&gt;&gt;</a>&nbsp;&nbsp;&nbsp;GPIO_Init
<LI><a href="#[aa]">&gt;&gt;</a>&nbsp;&nbsp;&nbsp;USART_Init
<LI><a href="#[ac]">&gt;&gt;</a>&nbsp;&nbsp;&nbsp;USART_ITConfig
<LI><a href="#[80]">&gt;&gt;</a>&nbsp;&nbsp;&nbsp;USART_DMACmd
<LI><a href="#[ab]">&gt;&gt;</a>&nbsp;&nbsp;&nbsp;USART_Cmd
</UL>
<BR>[Address Reference Count : 1]<UL><LI> init.o(.data)
</UL>
<P><STRONG><a name="[2f]"></a>USART1_IRQHandler</STRONG> (Thumb, 150 bytes, Stack size 8 bytes, interrupt.o(i.USART1_IRQHandler))
<BR><BR>[Stack]<UL><LI>Max Depth = 24<LI>Call Chain = USART1_IRQHandler &rArr; USART_GetITStatus
</UL>
<BR>[Calls]<UL><LI><a href="#[ae]">&gt;&gt;</a>&nbsp;&nbsp;&nbsp;DMA_SetCurrDataCounter
<LI><a href="#[b9]">&gt;&gt;</a>&nbsp;&nbsp;&nbsp;DMA_GetCurrDataCounter
<LI><a href="#[7c]">&gt;&gt;</a>&nbsp;&nbsp;&nbsp;DMA_Cmd
<LI><a href="#[b8]">&gt;&gt;</a>&nbsp;&nbsp;&nbsp;USART_ReceiveData
<LI><a href="#[b6]">&gt;&gt;</a>&nbsp;&nbsp;&nbsp;USART_GetITStatus
<LI><a href="#[b7]">&gt;&gt;</a>&nbsp;&nbsp;&nbsp;USART_ClearITPendingBit
</UL>
<BR>[Address Reference Count : 1]<UL><LI> startup_stm32f10x_hd.o(RESET)
</UL>
<P><STRONG><a name="[30]"></a>USART2_IRQHandler</STRONG> (Thumb, 66 bytes, Stack size 8 bytes, interrupt.o(i.USART2_IRQHandler))
<BR><BR>[Stack]<UL><LI>Max Depth = 24<LI>Call Chain = USART2_IRQHandler &rArr; USART_GetITStatus
</UL>
<BR>[Calls]<UL><LI><a href="#[ae]">&gt;&gt;</a>&nbsp;&nbsp;&nbsp;DMA_SetCurrDataCounter
<LI><a href="#[b9]">&gt;&gt;</a>&nbsp;&nbsp;&nbsp;DMA_GetCurrDataCounter
<LI><a href="#[7c]">&gt;&gt;</a>&nbsp;&nbsp;&nbsp;DMA_Cmd
<LI><a href="#[b6]">&gt;&gt;</a>&nbsp;&nbsp;&nbsp;USART_GetITStatus
</UL>
<BR>[Address Reference Count : 1]<UL><LI> startup_stm32f10x_hd.o(RESET)
</UL>
<P><STRONG><a name="[31]"></a>USART3_IRQHandler</STRONG> (Thumb, 66 bytes, Stack size 8 bytes, interrupt.o(i.USART3_IRQHandler))
<BR><BR>[Stack]<UL><LI>Max Depth = 24<LI>Call Chain = USART3_IRQHandler &rArr; USART_GetITStatus
</UL>
<BR>[Calls]<UL><LI><a href="#[b9]">&gt;&gt;</a>&nbsp;&nbsp;&nbsp;DMA_GetCurrDataCounter
<LI><a href="#[7c]">&gt;&gt;</a>&nbsp;&nbsp;&nbsp;DMA_Cmd
<LI><a href="#[b6]">&gt;&gt;</a>&nbsp;&nbsp;&nbsp;USART_GetITStatus
</UL>
<BR>[Address Reference Count : 1]<UL><LI> startup_stm32f10x_hd.o(RESET)
</UL>
<P><STRONG><a name="[b7]"></a>USART_ClearITPendingBit</STRONG> (Thumb, 30 bytes, Stack size 8 bytes, stm32f10x_usart.o(i.USART_ClearITPendingBit))
<BR><BR>[Stack]<UL><LI>Max Depth = 8<LI>Call Chain = USART_ClearITPendingBit
</UL>
<BR>[Called By]<UL><LI><a href="#[2f]">&gt;&gt;</a>&nbsp;&nbsp;&nbsp;USART1_IRQHandler
</UL>

<P><STRONG><a name="[ab]"></a>USART_Cmd</STRONG> (Thumb, 24 bytes, Stack size 0 bytes, stm32f10x_usart.o(i.USART_Cmd))
<BR><BR>[Called By]<UL><LI><a href="#[5b]">&gt;&gt;</a>&nbsp;&nbsp;&nbsp;UART3_Init
<LI><a href="#[5d]">&gt;&gt;</a>&nbsp;&nbsp;&nbsp;UART2_INIT
<LI><a href="#[53]">&gt;&gt;</a>&nbsp;&nbsp;&nbsp;UART_IDLEInit
</UL>

<P><STRONG><a name="[80]"></a>USART_DMACmd</STRONG> (Thumb, 18 bytes, Stack size 0 bytes, stm32f10x_usart.o(i.USART_DMACmd))
<BR><BR>[Called By]<UL><LI><a href="#[7d]">&gt;&gt;</a>&nbsp;&nbsp;&nbsp;DMA_INIT
<LI><a href="#[5b]">&gt;&gt;</a>&nbsp;&nbsp;&nbsp;UART3_Init
<LI><a href="#[5d]">&gt;&gt;</a>&nbsp;&nbsp;&nbsp;UART2_INIT
<LI><a href="#[53]">&gt;&gt;</a>&nbsp;&nbsp;&nbsp;UART_IDLEInit
</UL>

<P><STRONG><a name="[b2]"></a>USART_DeInit</STRONG> (Thumb, 134 bytes, Stack size 8 bytes, stm32f10x_usart.o(i.USART_DeInit))
<BR><BR>[Stack]<UL><LI>Max Depth = 8<LI>Call Chain = USART_DeInit
</UL>
<BR>[Calls]<UL><LI><a href="#[bb]">&gt;&gt;</a>&nbsp;&nbsp;&nbsp;RCC_APB1PeriphResetCmd
<LI><a href="#[ba]">&gt;&gt;</a>&nbsp;&nbsp;&nbsp;RCC_APB2PeriphResetCmd
</UL>
<BR>[Called By]<UL><LI><a href="#[5b]">&gt;&gt;</a>&nbsp;&nbsp;&nbsp;UART3_Init
</UL>

<P><STRONG><a name="[ce]"></a>USART_GetFlagStatus</STRONG> (Thumb, 26 bytes, Stack size 0 bytes, stm32f10x_usart.o(i.USART_GetFlagStatus))
<BR><BR>[Called By]<UL><LI><a href="#[49]">&gt;&gt;</a>&nbsp;&nbsp;&nbsp;fputc
</UL>

<P><STRONG><a name="[b6]"></a>USART_GetITStatus</STRONG> (Thumb, 84 bytes, Stack size 16 bytes, stm32f10x_usart.o(i.USART_GetITStatus))
<BR><BR>[Stack]<UL><LI>Max Depth = 16<LI>Call Chain = USART_GetITStatus
</UL>
<BR>[Called By]<UL><LI><a href="#[31]">&gt;&gt;</a>&nbsp;&nbsp;&nbsp;USART3_IRQHandler
<LI><a href="#[30]">&gt;&gt;</a>&nbsp;&nbsp;&nbsp;USART2_IRQHandler
<LI><a href="#[2f]">&gt;&gt;</a>&nbsp;&nbsp;&nbsp;USART1_IRQHandler
</UL>

<P><STRONG><a name="[ac]"></a>USART_ITConfig</STRONG> (Thumb, 74 bytes, Stack size 20 bytes, stm32f10x_usart.o(i.USART_ITConfig))
<BR><BR>[Stack]<UL><LI>Max Depth = 20<LI>Call Chain = USART_ITConfig
</UL>
<BR>[Called By]<UL><LI><a href="#[5b]">&gt;&gt;</a>&nbsp;&nbsp;&nbsp;UART3_Init
<LI><a href="#[5d]">&gt;&gt;</a>&nbsp;&nbsp;&nbsp;UART2_INIT
<LI><a href="#[53]">&gt;&gt;</a>&nbsp;&nbsp;&nbsp;UART_IDLEInit
</UL>

<P><STRONG><a name="[aa]"></a>USART_Init</STRONG> (Thumb, 210 bytes, Stack size 56 bytes, stm32f10x_usart.o(i.USART_Init))
<BR><BR>[Stack]<UL><LI>Max Depth = 68<LI>Call Chain = USART_Init &rArr; RCC_GetClocksFreq
</UL>
<BR>[Calls]<UL><LI><a href="#[bc]">&gt;&gt;</a>&nbsp;&nbsp;&nbsp;RCC_GetClocksFreq
</UL>
<BR>[Called By]<UL><LI><a href="#[5b]">&gt;&gt;</a>&nbsp;&nbsp;&nbsp;UART3_Init
<LI><a href="#[5d]">&gt;&gt;</a>&nbsp;&nbsp;&nbsp;UART2_INIT
<LI><a href="#[53]">&gt;&gt;</a>&nbsp;&nbsp;&nbsp;UART_IDLEInit
</UL>

<P><STRONG><a name="[b8]"></a>USART_ReceiveData</STRONG> (Thumb, 10 bytes, Stack size 0 bytes, stm32f10x_usart.o(i.USART_ReceiveData))
<BR><BR>[Called By]<UL><LI><a href="#[2f]">&gt;&gt;</a>&nbsp;&nbsp;&nbsp;USART1_IRQHandler
</UL>

<P><STRONG><a name="[cf]"></a>USART_SendData</STRONG> (Thumb, 8 bytes, Stack size 0 bytes, stm32f10x_usart.o(i.USART_SendData))
<BR><BR>[Called By]<UL><LI><a href="#[49]">&gt;&gt;</a>&nbsp;&nbsp;&nbsp;fputc
</UL>

<P><STRONG><a name="[5]"></a>UsageFault_Handler</STRONG> (Thumb, 4 bytes, Stack size 0 bytes, stm32f10x_it.o(i.UsageFault_Handler))
<BR>[Address Reference Count : 1]<UL><LI> startup_stm32f10x_hd.o(RESET)
</UL>
<P><STRONG><a name="[bd]"></a>WIFI_Connect</STRONG> (Thumb, 14 bytes, Stack size 8 bytes, esp8266.o(i.WIFI_Connect))
<BR><BR>[Stack]<UL><LI>Max Depth = 128 + In Cycle
<LI>Call Chain = WIFI_Connect &rArr;  WIFI_Connect (Cycle)
</UL>
<BR>[Calls]<UL><LI><a href="#[bd]">&gt;&gt;</a>&nbsp;&nbsp;&nbsp;WIFI_Connect
[...]
<BR><BR>[Called By]<UL><LI><a href="#[da]">&gt;&gt;</a>&nbsp;&nbsp;&nbsp;prvInitialiseTaskLists
</UL>

<P><STRONG><a name="[e2]"></a>vListInitialiseItem</STRONG> (Thumb, 6 bytes, Stack size 0 bytes, list.o(i.vListInitialiseItem))
<BR><BR>[Called By]<UL><LI><a href="#[e1]">&gt;&gt;</a>&nbsp;&nbsp;&nbsp;prvInitialiseNewTask
</UL>

<P><STRONG><a name="[d7]"></a>vListInsert</STRONG> (Thumb, 52 bytes, Stack size 8 bytes, list.o(i.vListInsert))
<BR><BR>[Stack]<UL><LI>Max Depth = 8<LI>Call Chain = vListInsert
</UL>
<BR>[Called By]<UL><LI><a href="#[d4]">&gt;&gt;</a>&nbsp;&nbsp;&nbsp;prvAddCurrentTaskToDelayedList
</UL>

<P><STRONG><a name="[d6]"></a>vListInsertEnd</STRONG> (Thumb, 24 bytes, Stack size 0 bytes, list.o(i.vListInsertEnd))
<BR><BR>[Called By]<UL><LI><a href="#[f1]">&gt;&gt;</a>&nbsp;&nbsp;&nbsp;xTaskIncrementTick
<LI><a href="#[d8]">&gt;&gt;</a>&nbsp;&nbsp;&nbsp;prvAddNewTaskToReadyList
<LI><a href="#[d4]">&gt;&gt;</a>&nbsp;&nbsp;&nbsp;prvAddCurrentTaskToDelayedList
<LI><a href="#[de]">&gt;&gt;</a>&nbsp;&nbsp;&nbsp;xTaskResumeAll
</UL>

<P><STRONG><a name="[d9]"></a>vPortEnterCritical</STRONG> (Thumb, 68 bytes, Stack size 8 bytes, port.o(i.vPortEnterCritical))
<BR><BR>[Stack]<UL><LI>Max Depth = 32<LI>Call Chain = vPortEnterCritical &rArr; __2printf
</UL>
<BR>[Calls]<UL><LI><a href="#[88]">&gt;&gt;</a>&nbsp;&nbsp;&nbsp;__2printf
</UL>
<BR>[Called By]<UL><LI><a href="#[dc]">&gt;&gt;</a>&nbsp;&nbsp;&nbsp;prvCheckTasksWaitingTermination
<LI><a href="#[d8]">&gt;&gt;</a>&nbsp;&nbsp;&nbsp;prvAddNewTaskToReadyList
<LI><a href="#[de]">&gt;&gt;</a>&nbsp;&nbsp;&nbsp;xTaskResumeAll
</UL>

<P><STRONG><a name="[db]"></a>vPortExitCritical</STRONG> (Thumb, 48 bytes, Stack size 8 bytes, port.o(i.vPortExitCritical))
<BR><BR>[Stack]<UL><LI>Max Depth = 32<LI>Call Chain = vPortExitCritical &rArr; __2printf
</UL>
<BR>[Calls]<UL><LI><a href="#[88]">&gt;&gt;</a>&nbsp;&nbsp;&nbsp;__2printf
</UL>
<BR>[Called By]<UL><LI><a href="#[dc]">&gt;&gt;</a>&nbsp;&nbsp;&nbsp;prvCheckTasksWaitingTermination
<LI><a href="#[d8]">&gt;&gt;</a>&nbsp;&nbsp;&nbsp;prvAddNewTaskToReadyList
<LI><a href="#[de]">&gt;&gt;</a>&nbsp;&nbsp;&nbsp;xTaskResumeAll
</UL>

<P><STRONG><a name="[e0]"></a>vPortFree</STRONG> (Thumb, 120 bytes, Stack size 16 bytes, heap_4.o(i.vPortFree))
<BR><BR>[Stack]<UL><LI>Max Depth = 80<LI>Call Chain = vPortFree &rArr; xTaskResumeAll &rArr; xTaskIncrementTick &rArr; __2printf
</UL>
<BR>[Calls]<UL><LI><a href="#[e7]">&gt;&gt;</a>&nbsp;&nbsp;&nbsp;prvInsertBlockIntoFreeList
<LI><a href="#[de]">&gt;&gt;</a>&nbsp;&nbsp;&nbsp;xTaskResumeAll
<LI><a href="#[dd]">&gt;&gt;</a>&nbsp;&nbsp;&nbsp;vTaskSuspendAll
<LI><a href="#[88]">&gt;&gt;</a>&nbsp;&nbsp;&nbsp;__2printf
</UL>
<BR>[Called By]<UL><LI><a href="#[d2]">&gt;&gt;</a>&nbsp;&nbsp;&nbsp;xTaskCreate
<LI><a href="#[df]">&gt;&gt;</a>&nbsp;&nbsp;&nbsp;prvDeleteTCB
</UL>

<P><STRONG><a name="[ef]"></a>vPortSetupTimerInterrupt</STRONG> (Thumb, 26 bytes, Stack size 0 bytes, port.o(i.vPortSetupTimerInterrupt))
<BR><BR>[Called By]<UL><LI><a href="#[ee]">&gt;&gt;</a>&nbsp;&nbsp;&nbsp;xPortStartScheduler
</UL>

<P><STRONG><a name="[cd]"></a>vTaskDelay</STRONG> (Thumb, 72 bytes, Stack size 16 bytes, tasks.o(i.vTaskDelay))
<BR><BR>[Stack]<UL><LI>Max Depth = 80<LI>Call Chain = vTaskDelay &rArr; xTaskResumeAll &rArr; xTaskIncrementTick &rArr; __2printf
</UL>
<BR>[Calls]<UL><LI><a href="#[d4]">&gt;&gt;</a>&nbsp;&nbsp;&nbsp;prvAddCurrentTaskToDelayedList
<LI><a href="#[de]">&gt;&gt;</a>&nbsp;&nbsp;&nbsp;xTaskResumeAll
<LI><a href="#[dd]">&gt;&gt;</a>&nbsp;&nbsp;&nbsp;vTaskSuspendAll
<LI><a href="#[88]">&gt;&gt;</a>&nbsp;&nbsp;&nbsp;__2printf
</UL>
<BR>[Called By]<UL><LI><a href="#[4b]">&gt;&gt;</a>&nbsp;&nbsp;&nbsp;vTaskForTemp
<LI><a href="#[4c]">&gt;&gt;</a>&nbsp;&nbsp;&nbsp;vTaskForLed
<LI><a href="#[4d]">&gt;&gt;</a>&nbsp;&nbsp;&nbsp;vTaskFor485
<LI><a href="#[8b]">&gt;&gt;</a>&nbsp;&nbsp;&nbsp;delay_ms
</UL>

<P><STRONG><a name="[4d]"></a>vTaskFor485</STRONG> (Thumb, 262 bytes, Stack size 64 bytes, main.o(i.vTaskFor485))
<BR><BR>[Stack]<UL><LI>Max Depth = 144<LI>Call Chain = vTaskFor485 &rArr; vTaskDelay &rArr; xTaskResumeAll &rArr; xTaskIncrementTick &rArr; __2printf
</UL>
<BR>[Calls]<UL><LI><a href="#[cd]">&gt;&gt;</a>&nbsp;&nbsp;&nbsp;vTaskDelay
<LI><a href="#[69]">&gt;&gt;</a>&nbsp;&nbsp;&nbsp;__aeabi_i2d
<LI><a href="#[eb]">&gt;&gt;</a>&nbsp;&nbsp;&nbsp;__aeabi_f2iz
<LI><a href="#[ea]">&gt;&gt;</a>&nbsp;&nbsp;&nbsp;__aeabi_f2d
<LI><a href="#[67]">&gt;&gt;</a>&nbsp;&nbsp;&nbsp;__aeabi_ddiv
<LI><a href="#[6b]">&gt;&gt;</a>&nbsp;&nbsp;&nbsp;__aeabi_d2f
<LI><a href="#[b5]">&gt;&gt;</a>&nbsp;&nbsp;&nbsp;UART3_TxData
<LI><a href="#[ad]">&gt;&gt;</a>&nbsp;&nbsp;&nbsp;UART2_TXFUNC
<LI><a href="#[a0]">&gt;&gt;</a>&nbsp;&nbsp;&nbsp;OLED_Draw_String
<LI><a href="#[e9]">&gt;&gt;</a>&nbsp;&nbsp;&nbsp;Get_CRC16
<LI><a href="#[e8]">&gt;&gt;</a>&nbsp;&nbsp;&nbsp;__aeabi_memclr4
<LI><a href="#[ec]">&gt;&gt;</a>&nbsp;&nbsp;&nbsp;__2sprintf
<LI><a href="#[88]">&gt;&gt;</a>&nbsp;&nbsp;&nbsp;__2printf
</UL>
<BR>[Address Reference Count : 1]<UL><LI> main.o(i.main)
</UL>
<P><STRONG><a name="[4c]"></a>vTaskForLed</STRONG> (Thumb, 658 bytes, Stack size 40 bytes, main.o(i.vTaskForLed))
<BR><BR>[Stack]<UL><LI>Max Depth = 120<LI>Call Chain = vTaskForLed &rArr; vTaskDelay &rArr; xTaskResumeAll &rArr; xTaskIncrementTick &rArr; __2printf
</UL>
<BR>[Calls]<UL><LI><a href="#[cd]">&gt;&gt;</a>&nbsp;&nbsp;&nbsp;vTaskDelay
<LI><a href="#[b5]">&gt;&gt;</a>&nbsp;&nbsp;&nbsp;UART3_TxData
<LI><a href="#[98]">&gt;&gt;</a>&nbsp;&nbsp;&nbsp;TIM_SetCompare4
<LI><a href="#[97]">&gt;&gt;</a>&nbsp;&nbsp;&nbsp;TIM_SetCompare2
<LI><a href="#[8d]">&gt;&gt;</a>&nbsp;&nbsp;&nbsp;GPIO_SetBits
<LI><a href="#[79]">&gt;&gt;</a>&nbsp;&nbsp;&nbsp;GPIO_ResetBits
<LI><a href="#[62]">&gt;&gt;</a>&nbsp;&nbsp;&nbsp;__aeabi_memclr
<LI><a href="#[ed]">&gt;&gt;</a>&nbsp;&nbsp;&nbsp;__aeabi_memcpy
<LI><a href="#[88]">&gt;&gt;</a>&nbsp;&nbsp;&nbsp;__2printf
</UL>
<BR>[Address Reference Count : 1]<UL><LI> main.o(i.main)
</UL>
<P><STRONG><a name="[4b]"></a>vTaskForTemp</STRONG> (Thumb, 54 bytes, Stack size 16 bytes, main.o(i.vTaskForTemp))
<BR><BR>[Stack]<UL><LI>Max Depth = 144<LI>Call Chain = vTaskForTemp &rArr; DS18B20_GetTemperture &rArr; __aeabi_dmul &rArr; _double_epilogue &rArr; _double_round
</UL>
<BR>[Calls]<UL><LI><a href="#[cd]">&gt;&gt;</a>&nbsp;&nbsp;&nbsp;vTaskDelay
<LI><a href="#[ea]">&gt;&gt;</a>&nbsp;&nbsp;&nbsp;__aeabi_f2d
<LI><a href="#[b5]">&gt;&gt;</a>&nbsp;&nbsp;&nbsp;UART3_TxData
<LI><a href="#[81]">&gt;&gt;</a>&nbsp;&nbsp;&nbsp;DS18B20_GetTemperture
<LI><a href="#[88]">&gt;&gt;</a>&nbsp;&nbsp;&nbsp;__2printf
</UL>
<BR>[Address Reference Count : 1]<UL><LI> main.o(i.main)
</UL>
<P><STRONG><a name="[d3]"></a>vTaskStartScheduler</STRONG> (Thumb, 98 bytes, Stack size 16 bytes, tasks.o(i.vTaskStartScheduler))
<BR><BR>[Stack]<UL><LI>Max Depth = 176<LI>Call Chain = vTaskStartScheduler &rArr; xTaskCreate &rArr; pvPortMalloc &rArr; xTaskResumeAll &rArr; xTaskIncrementTick &rArr; __2printf
</UL>
<BR>[Calls]<UL><LI><a href="#[d2]">&gt;&gt;</a>&nbsp;&nbsp;&nbsp;xTaskCreate
<LI><a href="#[ee]">&gt;&gt;</a>&nbsp;&nbsp;&nbsp;xPortStartScheduler
<LI><a href="#[88]">&gt;&gt;</a>&nbsp;&nbsp;&nbsp;__2printf
</UL>
<BR>[Called By]<UL><LI><a href="#[46]">&gt;&gt;</a>&nbsp;&nbsp;&nbsp;main
</UL>

<P><STRONG><a name="[dd]"></a>vTaskSuspendAll</STRONG> (Thumb, 12 bytes, Stack size 0 bytes, tasks.o(i.vTaskSuspendAll))
<BR><BR>[Called By]<UL><LI><a href="#[cd]">&gt;&gt;</a>&nbsp;&nbsp;&nbsp;vTaskDelay
<LI><a href="#[dc]">&gt;&gt;</a>&nbsp;&nbsp;&nbsp;prvCheckTasksWaitingTermination
<LI><a href="#[e0]">&gt;&gt;</a>&nbsp;&nbsp;&nbsp;vPortFree
<LI><a href="#[e5]">&gt;&gt;</a>&nbsp;&nbsp;&nbsp;pvPortMalloc
</UL>

<P><STRONG><a name="[61]"></a>vTaskSwitchContext</STRONG> (Thumb, 110 bytes, Stack size 8 bytes, tasks.o(i.vTaskSwitchContext))
<BR><BR>[Stack]<UL><LI>Max Depth = 32<LI>Call Chain = vTaskSwitchContext &rArr; __2printf
</UL>
<BR>[Calls]<UL><LI><a href="#[88]">&gt;&gt;</a>&nbsp;&nbsp;&nbsp;__2printf
</UL>
<BR>[Called By]<UL><LI><a href="#[8]">&gt;&gt;</a>&nbsp;&nbsp;&nbsp;PendSV_Handler
</UL>

<P><STRONG><a name="[ee]"></a>xPortStartScheduler</STRONG> (Thumb, 140 bytes, Stack size 16 bytes, port.o(i.xPortStartScheduler))
<BR><BR>[Stack]<UL><LI>Max Depth = 16<LI>Call Chain = xPortStartScheduler
</UL>
<BR>[Calls]<UL><LI><a href="#[ef]">&gt;&gt;</a>&nbsp;&nbsp;&nbsp;vPortSetupTimerInterrupt
<LI><a href="#[f0]">&gt;&gt;</a>&nbsp;&nbsp;&nbsp;__asm___6_port_c_39a90d8d__prvStartFirstTask
</UL>
<BR>[Called By]<UL><LI><a href="#[d3]">&gt;&gt;</a>&nbsp;&nbsp;&nbsp;vTaskStartScheduler
</UL>

<P><STRONG><a name="[a4]"></a>xPortSysTickHandler</STRONG> (Thumb, 46 bytes, Stack size 8 bytes, port.o(i.xPortSysTickHandler))
<BR><BR>[Stack]<UL><LI>Max Depth = 56<LI>Call Chain = xPortSysTickHandler &rArr; xTaskIncrementTick &rArr; __2printf
</UL>
<BR>[Calls]<UL><LI><a href="#[f1]">&gt;&gt;</a>&nbsp;&nbsp;&nbsp;xTaskIncrementTick
</UL>
<BR>[Called By]<UL><LI><a href="#[9]">&gt;&gt;</a>&nbsp;&nbsp;&nbsp;SysTick_Handler
</UL>

<P><STRONG><a name="[d2]"></a>xTaskCreate</STRONG> (Thumb, 96 bytes, Stack size 72 bytes, tasks.o(i.xTaskCreate))
<BR><BR>[Stack]<UL><LI>Max Depth = 160<LI>Call Chain = xTaskCreate &rArr; pvPortMalloc &rArr; xTaskResumeAll &rArr; xTaskIncrementTick &rArr; __2printf
</UL>
<BR>[Calls]<UL><LI><a href="#[e1]">&gt;&gt;</a>&nbsp;&nbsp;&nbsp;prvInitialiseNewTask
<LI><a href="#[d8]">&gt;&gt;</a>&nbsp;&nbsp;&nbsp;prvAddNewTaskToReadyList
<LI><a href="#[e0]">&gt;&gt;</a>&nbsp;&nbsp;&nbsp;vPortFree
<LI><a href="#[e5]">&gt;&gt;</a>&nbsp;&nbsp;&nbsp;pvPortMalloc
</UL>
<BR>[Called By]<UL><LI><a href="#[d3]">&gt;&gt;</a>&nbsp;&nbsp;&nbsp;vTaskStartScheduler
<LI><a href="#[46]">&gt;&gt;</a>&nbsp;&nbsp;&nbsp;main
</UL>

<P><STRONG><a name="[a3]"></a>xTaskGetSchedulerState</STRONG> (Thumb, 24 bytes, Stack size 0 bytes, tasks.o(i.xTaskGetSchedulerState))
<BR><BR>[Called By]<UL><LI><a href="#[9]">&gt;&gt;</a>&nbsp;&nbsp;&nbsp;SysTick_Handler
<LI><a href="#[8b]">&gt;&gt;</a>&nbsp;&nbsp;&nbsp;delay_ms
</UL>

<P><STRONG><a name="[f1]"></a>xTaskIncrementTick</STRONG> (Thumb, 272 bytes, Stack size 24 bytes, tasks.o(i.xTaskIncrementTick))
<BR><BR>[Stack]<UL><LI>Max Depth = 48<LI>Call Chain = xTaskIncrementTick &rArr; __2printf
</UL>
<BR>[Calls]<UL><LI><a href="#[f2]">&gt;&gt;</a>&nbsp;&nbsp;&nbsp;prvResetNextTaskUnblockTime
<LI><a href="#[d6]">&gt;&gt;</a>&nbsp;&nbsp;&nbsp;vListInsertEnd
<LI><a href="#[d5]">&gt;&gt;</a>&nbsp;&nbsp;&nbsp;uxListRemove
<LI><a href="#[88]">&gt;&gt;</a>&nbsp;&nbsp;&nbsp;__2printf
</UL>
<BR>[Called By]<UL><LI><a href="#[a4]">&gt;&gt;</a>&nbsp;&nbsp;&nbsp;xPortSysTickHandler
<LI><a href="#[de]">&gt;&gt;</a>&nbsp;&nbsp;&nbsp;xTaskResumeAll
</UL>

<P><STRONG><a name="[de]"></a>xTaskResumeAll</STRONG> (Thumb, 214 bytes, Stack size 16 bytes, tasks.o(i.xTaskResumeAll))
<BR><BR>[Stack]<UL><LI>Max Depth = 64<LI>Call Chain = xTaskResumeAll &rArr; xTaskIncrementTick &rArr; __2printf
</UL>
<BR>[Calls]<UL><LI><a href="#[f1]">&gt;&gt;</a>&nbsp;&nbsp;&nbsp;xTaskIncrementTick
<LI><a href="#[f2]">&gt;&gt;</a>&nbsp;&nbsp;&nbsp;prvResetNextTaskUnblockTime
<LI><a href="#[d6]">&gt;&gt;</a>&nbsp;&nbsp;&nbsp;vListInsertEnd
<LI><a href="#[d5]">&gt;&gt;</a>&nbsp;&nbsp;&nbsp;uxListRemove
<LI><a href="#[db]">&gt;&gt;</a>&nbsp;&nbsp;&nbsp;vPortExitCritical
<LI><a href="#[d9]">&gt;&gt;</a>&nbsp;&nbsp;&nbsp;vPortEnterCritical
<LI><a href="#[88]">&gt;&gt;</a>&nbsp;&nbsp;&nbsp;__2printf
</UL>
<BR>[Called By]<UL><LI><a href="#[cd]">&gt;&gt;</a>&nbsp;&nbsp;&nbsp;vTaskDelay
<LI><a href="#[dc]">&gt;&gt;</a>&nbsp;&nbsp;&nbsp;prvCheckTasksWaitingTermination
<LI><a href="#[e0]">&gt;&gt;</a>&nbsp;&nbsp;&nbsp;vPortFree
<LI><a href="#[e5]">&gt;&gt;</a>&nbsp;&nbsp;&nbsp;pvPortMalloc
</UL>
<P>
<H3>
Local Symbols
</H3>
<P><STRONG><a name="[a1]"></a>SetSysClock</STRONG> (Thumb, 8 bytes, Stack size 8 bytes, system_stm32f10x.o(i.SetSysClock))
<BR><BR>[Stack]<UL><LI>Max Depth = 20<LI>Call Chain = SetSysClock &rArr; SetSysClockTo72
</UL>
<BR>[Calls]<UL><LI><a href="#[a2]">&gt;&gt;</a>&nbsp;&nbsp;&nbsp;SetSysClockTo72
</UL>
<BR>[Called By]<UL><LI><a href="#[47]">&gt;&gt;</a>&nbsp;&nbsp;&nbsp;SystemInit
</UL>

<P><STRONG><a name="[a2]"></a>SetSysClockTo72</STRONG> (Thumb, 214 bytes, Stack size 12 bytes, system_stm32f10x.o(i.SetSysClockTo72))
<BR><BR>[Stack]<UL><LI>Max Depth = 12<LI>Call Chain = SetSysClockTo72
</UL>
<BR>[Called By]<UL><LI><a href="#[a1]">&gt;&gt;</a>&nbsp;&nbsp;&nbsp;SetSysClock
</UL>

<P><STRONG><a name="[d4]"></a>prvAddCurrentTaskToDelayedList</STRONG> (Thumb, 124 bytes, Stack size 24 bytes, tasks.o(i.prvAddCurrentTaskToDelayedList))
<BR><BR>[Stack]<UL><LI>Max Depth = 32<LI>Call Chain = prvAddCurrentTaskToDelayedList &rArr; vListInsert
</UL>
<BR>[Calls]<UL><LI><a href="#[d6]">&gt;&gt;</a>&nbsp;&nbsp;&nbsp;vListInsertEnd
<LI><a href="#[d7]">&gt;&gt;</a>&nbsp;&nbsp;&nbsp;vListInsert
<LI><a href="#[d5]">&gt;&gt;</a>&nbsp;&nbsp;&nbsp;uxListRemove
</UL>
<BR>[Called By]<UL><LI><a href="#[cd]">&gt;&gt;</a>&nbsp;&nbsp;&nbsp;vTaskDelay
</UL>

<P><STRONG><a name="[d8]"></a>prvAddNewTaskToReadyList</STRONG> (Thumb, 150 bytes, Stack size 8 bytes, tasks.o(i.prvAddNewTaskToReadyList))
<BR><BR>[Stack]<UL><LI>Max Depth = 40<LI>Call Chain = prvAddNewTaskToReadyList &rArr; vPortExitCritical &rArr; __2printf
</UL>
<BR>[Calls]<UL><LI><a href="#[da]">&gt;&gt;</a>&nbsp;&nbsp;&nbsp;prvInitialiseTaskLists
<LI><a href="#[d6]">&gt;&gt;</a>&nbsp;&nbsp;&nbsp;vListInsertEnd
<LI><a href="#[db]">&gt;&gt;</a>&nbsp;&nbsp;&nbsp;vPortExitCritical
<LI><a href="#[d9]">&gt;&gt;</a>&nbsp;&nbsp;&nbsp;vPortEnterCritical
</UL>
<BR>[Called By]<UL><LI><a href="#[d2]">&gt;&gt;</a>&nbsp;&nbsp;&nbsp;xTaskCreate
</UL>

<P><STRONG><a name="[dc]"></a>prvCheckTasksWaitingTermination</STRONG> (Thumb, 86 bytes, Stack size 16 bytes, tasks.o(i.prvCheckTasksWaitingTermination))
<BR><BR>[Stack]<UL><LI>Max Depth = 104<LI>Call Chain = prvCheckTasksWaitingTermination &rArr; prvDeleteTCB &rArr; vPortFree &rArr; xTaskResumeAll &rArr; xTaskIncrementTick &rArr; __2printf
</UL>
<BR>[Calls]<UL><LI><a href="#[df]">&gt;&gt;</a>&nbsp;&nbsp;&nbsp;prvDeleteTCB
<LI><a href="#[d5]">&gt;&gt;</a>&nbsp;&nbsp;&nbsp;uxListRemove
<LI><a href="#[de]">&gt;&gt;</a>&nbsp;&nbsp;&nbsp;xTaskResumeAll
<LI><a href="#[dd]">&gt;&gt;</a>&nbsp;&nbsp;&nbsp;vTaskSuspendAll
<LI><a href="#[db]">&gt;&gt;</a>&nbsp;&nbsp;&nbsp;vPortExitCritical
<LI><a href="#[d9]">&gt;&gt;</a>&nbsp;&nbsp;&nbsp;vPortEnterCritical
</UL>
<BR>[Called By]<UL><LI><a href="#[4f]">&gt;&gt;</a>&nbsp;&nbsp;&nbsp;prvIdleTask
</UL>

<P><STRONG><a name="[df]"></a>prvDeleteTCB</STRONG> (Thumb, 18 bytes, Stack size 8 bytes, tasks.o(i.prvDeleteTCB))
<BR><BR>[Stack]<UL><LI>Max Depth = 88<LI>Call Chain = prvDeleteTCB &rArr; vPortFree &rArr; xTaskResumeAll &rArr; xTaskIncrementTick &rArr; __2printf
</UL>
<BR>[Calls]<UL><LI><a href="#[e0]">&gt;&gt;</a>&nbsp;&nbsp;&nbsp;vPortFree
</UL>
<BR>[Called By]<UL><LI><a href="#[dc]">&gt;&gt;</a>&nbsp;&nbsp;&nbsp;prvCheckTasksWaitingTermination
</UL>

<P><STRONG><a name="[4f]"></a>prvIdleTask</STRONG> (Thumb, 32 bytes, Stack size 0 bytes, tasks.o(i.prvIdleTask))
<BR><BR>[Stack]<UL><LI>Max Depth = 104<LI>Call Chain = prvIdleTask &rArr; prvCheckTasksWaitingTermination &rArr; prvDeleteTCB &rArr; vPortFree &rArr; xTaskResumeAll &rArr; xTaskIncrementTick &rArr; __2printf
</UL>
<BR>[Calls]<UL><LI><a href="#[dc]">&gt;&gt;</a>&nbsp;&nbsp;&nbsp;prvCheckTasksWaitingTermination
</UL>
<BR>[Address Reference Count : 1]<UL><LI> tasks.o(i.vTaskStartScheduler)
</UL>
<P><STRONG><a name="[e1]"></a>prvInitialiseNewTask</STRONG> (Thumb, 154 bytes, Stack size 56 bytes, tasks.o(i.prvInitialiseNewTask))
<BR><BR>[Stack]<UL><LI>Max Depth = 80<LI>Call Chain = prvInitialiseNewTask &rArr; __2printf
</UL>
<BR>[Calls]<UL><LI><a href="#[e3]">&gt;&gt;</a>&nbsp;&nbsp;&nbsp;pxPortInitialiseStack
<LI><a href="#[e2]">&gt;&gt;</a>&nbsp;&nbsp;&nbsp;vListInitialiseItem
<LI><a href="#[88]">&gt;&gt;</a>&nbsp;&nbsp;&nbsp;__2printf
</UL>
<BR>[Called By]<UL><LI><a href="#[d2]">&gt;&gt;</a>&nbsp;&nbsp;&nbsp;xTaskCreate
</UL>

<P><STRONG><a name="[da]"></a>prvInitialiseTaskLists</STRONG> (Thumb, 70 bytes, Stack size 8 bytes, tasks.o(i.prvInitialiseTaskLists))
<BR><BR>[Stack]<UL><LI>Max Depth = 8<LI>Call Chain = prvInitialiseTaskLists
</UL>
<BR>[Calls]<UL><LI><a href="#[e4]">&gt;&gt;</a>&nbsp;&nbsp;&nbsp;vListInitialise
</UL>
<BR>[Called By]<UL><LI><a href="#[d8]">&gt;&gt;</a>&nbsp;&nbsp;&nbsp;prvAddNewTaskToReadyList
</UL>

<P><STRONG><a name="[f2]"></a>prvResetNextTaskUnblockTime</STRONG> (Thumb, 42 bytes, Stack size 0 bytes, tasks.o(i.prvResetNextTaskUnblockTime))
<BR><BR>[Called By]<UL><LI><a href="#[f1]">&gt;&gt;</a>&nbsp;&nbsp;&nbsp;xTaskIncrementTick
<LI><a href="#[de]">&gt;&gt;</a>&nbsp;&nbsp;&nbsp;xTaskResumeAll
</UL>

<P><STRONG><a name="[e6]"></a>prvHeapInit</STRONG> (Thumb, 98 bytes, Stack size 12 bytes, heap_4.o(i.prvHeapInit))
<BR><BR>[Stack]<UL><LI>Max Depth = 12<LI>Call Chain = prvHeapInit
</UL>
<BR>[Called By]<UL><LI><a href="#[e5]">&gt;&gt;</a>&nbsp;&nbsp;&nbsp;pvPortMalloc
</UL>

<P><STRONG><a name="[e7]"></a>prvInsertBlockIntoFreeList</STRONG> (Thumb, 96 bytes, Stack size 8 bytes, heap_4.o(i.prvInsertBlockIntoFreeList))
<BR><BR>[Stack]<UL><LI>Max Depth = 8<LI>Call Chain = prvInsertBlockIntoFreeList
</UL>
<BR>[Called By]<UL><LI><a href="#[e0]">&gt;&gt;</a>&nbsp;&nbsp;&nbsp;vPortFree
<LI><a href="#[e5]">&gt;&gt;</a>&nbsp;&nbsp;&nbsp;pvPortMalloc
</UL>

<P><STRONG><a name="[4e]"></a>prvTaskExitError</STRONG> (Thumb, 48 bytes, Stack size 0 bytes, port.o(i.prvTaskExitError))
<BR><BR>[Stack]<UL><LI>Max Depth = 24<LI>Call Chain = prvTaskExitError &rArr; __2printf
</UL>
<BR>[Calls]<UL><LI><a href="#[88]">&gt;&gt;</a>&nbsp;&nbsp;&nbsp;__2printf
</UL>
<BR>[Address Reference Count : 1]<UL><LI> port.o(i.pxPortInitialiseStack)
</UL>
<P><STRONG><a name="[c8]"></a>_fp_digits</STRONG> (Thumb, 366 bytes, Stack size 64 bytes, printfa.o(i._fp_digits), UNUSED)
<BR><BR>[Calls]<UL><LI><a href="#[67]">&gt;&gt;</a>&nbsp;&nbsp;&nbsp;__aeabi_ddiv
<LI><a href="#[65]">&gt;&gt;</a>&nbsp;&nbsp;&nbsp;__aeabi_dmul
<LI><a href="#[6d]">&gt;&gt;</a>&nbsp;&nbsp;&nbsp;__aeabi_uldivmod
<LI><a href="#[70]">&gt;&gt;</a>&nbsp;&nbsp;&nbsp;__aeabi_dadd
<LI><a href="#[74]">&gt;&gt;</a>&nbsp;&nbsp;&nbsp;__aeabi_d2ulz
<LI><a href="#[c9]">&gt;&gt;</a>&nbsp;&nbsp;&nbsp;__aeabi_cdrcmple
</UL>
<BR>[Called By]<UL><LI><a href="#[c5]">&gt;&gt;</a>&nbsp;&nbsp;&nbsp;_printf_core
</UL>

<P><STRONG><a name="[c5]"></a>_printf_core</STRONG> (Thumb, 1744 bytes, Stack size 136 bytes, printfa.o(i._printf_core), UNUSED)
<BR><BR>[Calls]<UL><LI><a href="#[6d]">&gt;&gt;</a>&nbsp;&nbsp;&nbsp;__aeabi_uldivmod
<LI><a href="#[cc]">&gt;&gt;</a>&nbsp;&nbsp;&nbsp;__aeabi_uidivmod
<LI><a href="#[ca]">&gt;&gt;</a>&nbsp;&nbsp;&nbsp;_printf_pre_padding
<LI><a href="#[cb]">&gt;&gt;</a>&nbsp;&nbsp;&nbsp;_printf_post_padding
<LI><a href="#[c8]">&gt;&gt;</a>&nbsp;&nbsp;&nbsp;_fp_digits
</UL>
<BR>[Called By]<UL><LI><a href="#[c7]">&gt;&gt;</a>&nbsp;&nbsp;&nbsp;__0vsprintf
<LI><a href="#[c6]">&gt;&gt;</a>&nbsp;&nbsp;&nbsp;__0sprintf
<LI><a href="#[c4]">&gt;&gt;</a>&nbsp;&nbsp;&nbsp;__0printf
</UL>

<P><STRONG><a name="[cb]"></a>_printf_post_padding</STRONG> (Thumb, 36 bytes, Stack size 24 bytes, printfa.o(i._printf_post_padding), UNUSED)
<BR><BR>[Called By]<UL><LI><a href="#[c5]">&gt;&gt;</a>&nbsp;&nbsp;&nbsp;_printf_core
</UL>

<P><STRONG><a name="[ca]"></a>_printf_pre_padding</STRONG> (Thumb, 46 bytes, Stack size 24 bytes, printfa.o(i._printf_pre_padding), UNUSED)
<BR><BR>[Called By]<UL><LI><a href="#[c5]">&gt;&gt;</a>&nbsp;&nbsp;&nbsp;_printf_core
</UL>

<P><STRONG><a name="[4a]"></a>_sputc</STRONG> (Thumb, 10 bytes, Stack size 0 bytes, printfa.o(i._sputc))
<BR><BR>[Called By]<UL><LI><a href="#[c7]">&gt;&gt;</a>&nbsp;&nbsp;&nbsp;__0vsprintf
<LI><a href="#[c6]">&gt;&gt;</a>&nbsp;&nbsp;&nbsp;__0sprintf
</UL>
<BR>[Address Reference Count : 2]<UL><LI> printfa.o(i.__0sprintf)
<LI> printfa.o(i.__0vsprintf)
</UL><P>
<H3>
Undefined Global Symbols
</H3><HR></body></html>
