Component: ARM Compiler 5.06 update 6 (build 750) Tool: armlink [4d35ed]

==============================================================================

Section Cross References

    main.o(i.main) refers to init.o(i.DEVICE_Init) for DEVICE_Init
    main.o(i.main) refers to misc.o(i.NVIC_PriorityGroupConfig) for NVIC_PriorityGroupConfig
    main.o(i.main) refers to ds18b20.o(i.DS18B20_ReadRom) for DS18B20_ReadRom
    main.o(i.main) refers to esp8266.o(i.WIFI_Connect) for WIFI_Connect
    main.o(i.main) refers to tasks.o(i.xTaskCreate) for xTaskCreate
    main.o(i.main) refers to tasks.o(i.vTaskStartScheduler) for vTaskStartScheduler
    main.o(i.main) refers to main.o(i.vTaskForTemp) for vTaskForTemp
    main.o(i.main) refers to main.o(i.vTaskForLed) for vTaskForLed
    main.o(i.main) refers to main.o(i.vTaskFor485) for vTaskFor485
    main.o(i.vTaskFor485) refers to memseta.o(.text) for __aeabi_memclr4
    main.o(i.vTaskFor485) refers to uart2.o(i.Get_CRC16) for Get_CRC16
    main.o(i.vTaskFor485) refers to uart2.o(i.UART2_TXFUNC) for UART2_TXFUNC
    main.o(i.vTaskFor485) refers to dflti.o(.text) for __aeabi_i2d
    main.o(i.vTaskFor485) refers to ddiv.o(.text) for __aeabi_ddiv
    main.o(i.vTaskFor485) refers to d2f.o(.text) for __aeabi_d2f
    main.o(i.vTaskFor485) refers to uart3.o(i.UART3_TxData) for UART3_TxData
    main.o(i.vTaskFor485) refers to f2d.o(.text) for __aeabi_f2d
    main.o(i.vTaskFor485) refers to printfa.o(i.__0printf) for __2printf
    main.o(i.vTaskFor485) refers to ffixi.o(.text) for __aeabi_f2iz
    main.o(i.vTaskFor485) refers to printfa.o(i.__0sprintf) for __2sprintf
    main.o(i.vTaskFor485) refers to oled.o(i.OLED_Draw_String) for OLED_Draw_String
    main.o(i.vTaskFor485) refers to tasks.o(i.vTaskDelay) for vTaskDelay
    main.o(i.vTaskFor485) refers to uart2.o(.bss) for UART2_TXDATA
    main.o(i.vTaskFor485) refers to uart2.o(.data) for UART2_RxCounter
    main.o(i.vTaskForLed) refers to printfa.o(i.__0printf) for __2printf
    main.o(i.vTaskForLed) refers to memcpya.o(.text) for __aeabi_memcpy
    main.o(i.vTaskForLed) refers to uart3.o(i.UART3_TxData) for UART3_TxData
    main.o(i.vTaskForLed) refers to stm32f10x_gpio.o(i.GPIO_SetBits) for GPIO_SetBits
    main.o(i.vTaskForLed) refers to stm32f10x_gpio.o(i.GPIO_ResetBits) for GPIO_ResetBits
    main.o(i.vTaskForLed) refers to stm32f10x_tim.o(i.TIM_SetCompare2) for TIM_SetCompare2
    main.o(i.vTaskForLed) refers to stm32f10x_tim.o(i.TIM_SetCompare4) for TIM_SetCompare4
    main.o(i.vTaskForLed) refers to memseta.o(.text) for __aeabi_memclr
    main.o(i.vTaskForLed) refers to tasks.o(i.vTaskDelay) for vTaskDelay
    main.o(i.vTaskForLed) refers to uart3.o(.data) for UART3_RxCounter
    main.o(i.vTaskForLed) refers to uart3.o(.bss) for UART3_RxBuff
    main.o(i.vTaskForTemp) refers to ds18b20.o(i.DS18B20_GetTemperture) for DS18B20_GetTemperture
    main.o(i.vTaskForTemp) refers to uart3.o(i.UART3_TxData) for UART3_TxData
    main.o(i.vTaskForTemp) refers to f2d.o(.text) for __aeabi_f2d
    main.o(i.vTaskForTemp) refers to printfa.o(i.__0printf) for __2printf
    main.o(i.vTaskForTemp) refers to tasks.o(i.vTaskDelay) for vTaskDelay
    stm32f10x_it.o(i.SysTick_Handler) refers to tasks.o(i.xTaskGetSchedulerState) for xTaskGetSchedulerState
    stm32f10x_it.o(i.SysTick_Handler) refers to port.o(i.xPortSysTickHandler) for xPortSysTickHandler
    stm32f10x_gpio.o(i.GPIO_AFIODeInit) refers to stm32f10x_rcc.o(i.RCC_APB2PeriphResetCmd) for RCC_APB2PeriphResetCmd
    stm32f10x_gpio.o(i.GPIO_DeInit) refers to stm32f10x_rcc.o(i.RCC_APB2PeriphResetCmd) for RCC_APB2PeriphResetCmd
    stm32f10x_rcc.o(i.RCC_GetClocksFreq) refers to stm32f10x_rcc.o(.data) for APBAHBPrescTable
    stm32f10x_rcc.o(i.RCC_WaitForHSEStartUp) refers to stm32f10x_rcc.o(i.RCC_GetFlagStatus) for RCC_GetFlagStatus
    stm32f10x_usart.o(i.USART_DeInit) refers to stm32f10x_rcc.o(i.RCC_APB2PeriphResetCmd) for RCC_APB2PeriphResetCmd
    stm32f10x_usart.o(i.USART_DeInit) refers to stm32f10x_rcc.o(i.RCC_APB1PeriphResetCmd) for RCC_APB1PeriphResetCmd
    stm32f10x_usart.o(i.USART_Init) refers to stm32f10x_rcc.o(i.RCC_GetClocksFreq) for RCC_GetClocksFreq
    stm32f10x_tim.o(i.TIM_DeInit) refers to stm32f10x_rcc.o(i.RCC_APB2PeriphResetCmd) for RCC_APB2PeriphResetCmd
    stm32f10x_tim.o(i.TIM_DeInit) refers to stm32f10x_rcc.o(i.RCC_APB1PeriphResetCmd) for RCC_APB1PeriphResetCmd
    stm32f10x_tim.o(i.TIM_ETRClockMode1Config) refers to stm32f10x_tim.o(i.TIM_ETRConfig) for TIM_ETRConfig
    stm32f10x_tim.o(i.TIM_ETRClockMode2Config) refers to stm32f10x_tim.o(i.TIM_ETRConfig) for TIM_ETRConfig
    stm32f10x_tim.o(i.TIM_ICInit) refers to stm32f10x_tim.o(i.TI1_Config) for TI1_Config
    stm32f10x_tim.o(i.TIM_ICInit) refers to stm32f10x_tim.o(i.TIM_SetIC1Prescaler) for TIM_SetIC1Prescaler
    stm32f10x_tim.o(i.TIM_ICInit) refers to stm32f10x_tim.o(i.TI2_Config) for TI2_Config
    stm32f10x_tim.o(i.TIM_ICInit) refers to stm32f10x_tim.o(i.TIM_SetIC2Prescaler) for TIM_SetIC2Prescaler
[...]
    APP\LED\led.c                            0x00000000   Number         0  led.o ABSOLUTE
    APP\OLED\oled.c                          0x00000000   Number         0  oled.o ABSOLUTE
    APP\SysTick\systick.c                    0x00000000   Number         0  systick.o ABSOLUTE
    APP\TIM\timer4.c                         0x00000000   Number         0  timer4.o ABSOLUTE
    APP\UART\uart.c                          0x00000000   Number         0  uart.o ABSOLUTE
    APP\UART\uart2.c                         0x00000000   Number         0  uart2.o ABSOLUTE
    APP\UART\uart3.c                         0x00000000   Number         0  uart3.o ABSOLUTE
    APP\\FreeRTOS\\portable\\RVDS\\ARM_CM3\\port.c 0x00000000   Number         0  port.o ABSOLUTE
    APP\motor\motor.c                        0x00000000   Number         0  motor.o ABSOLUTE
    Libraries\CMSIS\core_cm3.c               0x00000000   Number         0  core_cm3.o ABSOLUTE
    Libraries\CMSIS\startup_stm32f10x_hd.s   0x00000000   Number         0  startup_stm32f10x_hd.o ABSOLUTE
    Libraries\CMSIS\system_stm32f10x.c       0x00000000   Number         0  system_stm32f10x.o ABSOLUTE
    Libraries\STM32F10x_StdPeriph_Drivers\src\misc.c 0x00000000   Number         0  misc.o ABSOLUTE
    Libraries\STM32F10x_StdPeriph_Drivers\src\stm32f10x_dma.c 0x00000000   Number         0  stm32f10x_dma.o ABSOLUTE
    Libraries\STM32F10x_StdPeriph_Drivers\src\stm32f10x_exti.c 0x00000000   Number         0  stm32f10x_exti.o ABSOLUTE
    Libraries\STM32F10x_StdPeriph_Drivers\src\stm32f10x_gpio.c 0x00000000   Number         0  stm32f10x_gpio.o ABSOLUTE
    Libraries\STM32F10x_StdPeriph_Drivers\src\stm32f10x_rcc.c 0x00000000   Number         0  stm32f10x_rcc.o ABSOLUTE
    Libraries\STM32F10x_StdPeriph_Drivers\src\stm32f10x_tim.c 0x00000000   Number         0  stm32f10x_tim.o ABSOLUTE
    Libraries\STM32F10x_StdPeriph_Drivers\src\stm32f10x_usart.c 0x00000000   Number         0  stm32f10x_usart.o ABSOLUTE
    Libraries\\CMSIS\\core_cm3.c             0x00000000   Number         0  core_cm3.o ABSOLUTE
    User\main.c                              0x00000000   Number         0  main.o ABSOLUTE
    User\stm32f10x_it.c                      0x00000000   Number         0  stm32f10x_it.o ABSOLUTE
    cdrcmple.s                               0x00000000   Number         0  cdrcmple.o ABSOLUTE
    dc.s                                     0x00000000   Number         0  dc.o ABSOLUTE
    handlers.s                               0x00000000   Number         0  handlers.o ABSOLUTE
    init.s                                   0x00000000   Number         0  init.o ABSOLUTE
    RESET                                    0x08000000   Section      304  startup_stm32f10x_hd.o(RESET)
    .ARM.Collect$$$$00000000                 0x08000130   Section        0  entry.o(.ARM.Collect$$$$00000000)
    .ARM.Collect$$$$00000001                 0x08000130   Section        4  entry2.o(.ARM.Collect$$$$00000001)
    .ARM.Collect$$$$00000004                 0x08000134   Section        4  entry5.o(.ARM.Collect$$$$00000004)
    .ARM.Collect$$$$00000008                 0x08000138   Section        0  entry7b.o(.ARM.Collect$$$$00000008)
    .ARM.Collect$$$$0000000A                 0x08000138   Section        0  entry8b.o(.ARM.Collect$$$$0000000A)
    .ARM.Collect$$$$0000000B                 0x08000138   Section        8  entry9a.o(.ARM.Collect$$$$0000000B)
    .ARM.Collect$$$$0000000D                 0x08000140   Section        0  entry10a.o(.ARM.Collect$$$$0000000D)
    .ARM.Collect$$$$0000000F                 0x08000140   Section        0  entry11a.o(.ARM.Collect$$$$0000000F)
    .ARM.Collect$$$$00002712                 0x08000140   Section        4  entry2.o(.ARM.Collect$$$$00002712)
    __lit__00000000                          0x08000140   Data           4  entry2.o(.ARM.Collect$$$$00002712)
    .emb_text                                0x08000144   Section      150  port.o(.emb_text)
    .text                                    0x080001dc   Section       36  startup_stm32f10x_hd.o(.text)
    .text                                    0x08000200   Section        0  memcpya.o(.text)
    .text                                    0x08000224   Section        0  memseta.o(.text)
    .text                                    0x08000248   Section        0  strstr.o(.text)
    .text                                    0x0800026c   Section        0  dmul.o(.text)
    .text                                    0x08000350   Section        0  ddiv.o(.text)
    .text                                    0x0800042e   Section        0  dflti.o(.text)
    .text                                    0x08000450   Section        0  dfltui.o(.text)
    .text                                    0x0800046a   Section        0  ffixi.o(.text)
    .text                                    0x0800049c   Section        0  f2d.o(.text)
    .text                                    0x080004c2   Section        0  d2f.o(.text)
    .text                                    0x080004fa   Section        0  uidiv.o(.text)
    .text                                    0x08000526   Section        0  uldiv.o(.text)
    .text                                    0x08000588   Section        0  fepilogue.o(.text)
    .text                                    0x08000588   Section        0  iusefp.o(.text)
    .text                                    0x080005f6   Section        0  depilogue.o(.text)
    .text                                    0x080006b0   Section        0  dadd.o(.text)
    .text                                    0x080007fe   Section        0  dfixul.o(.text)
    .text                                    0x08000830   Section       48  cdrcmple.o(.text)
    .text                                    0x08000860   Section       36  init.o(.text)
    .text                                    0x08000884   Section        0  llshl.o(.text)
    .text                                    0x080008a2   Section        0  llushr.o(.text)
    .text                                    0x080008c2   Section        0  llsshr.o(.text)
    i.AT24C02_Init                           0x080008e6   Section        0  at24c02.o(i.AT24C02_Init)
    i.BEEP_Init                              0x080008f0   Section        0  beep.o(i.BEEP_Init)
    i.BusFault_Handler                       0x08000928   Section        0  stm32f10x_it.o(i.BusFault_Handler)
    i.DEVICE_Init                            0x0800092c   Section        0  init.o(i.DEVICE_Init)
    i.DMA1_Channel2_IRQHandler               0x08000944   Section        0  interrupt.o(i.DMA1_Channel2_IRQHandler)
    i.DMA1_Channel4_IRQHandler               0x08000964   Section        0  interrupt.o(i.DMA1_Channel4_IRQHandler)
    i.DMA_ClearFlag                          0x08000990   Section        0  stm32f10x_dma.o(i.DMA_ClearFlag)
    i.DMA_ClearITPendingBit                  0x080009ac   Section        0  stm32f10x_dma.o(i.DMA_ClearITPendingBit)
    i.DMA_Cmd                                0x080009c8   Section        0  stm32f10x_dma.o(i.DMA_Cmd)
    i.DMA_GetCurrDataCounter                 0x080009e0   Section        0  stm32f10x_dma.o(i.DMA_GetCurrDataCounter)
    i.DMA_GetFlagStatus                      0x080009e8   Section        0  stm32f10x_dma.o(i.DMA_GetFlagStatus)
    i.DMA_GetITStatus                        0x08000a14   Section        0  stm32f10x_dma.o(i.DMA_GetITStatus)
    i.DMA_INIT                               0x08000a40   Section        0  uart2.o(i.DMA_INIT)
    i.DMA_ITConfig                           0x08000af8   Section        0  stm32f10x_dma.o(i.DMA_ITConfig)
    i.DMA_Init                               0x08000b0a   Section        0  stm32f10x_dma.o(i.DMA_Init)
    i.DMA_SetCurrDataCounter                 0x08000b46   Section        0  stm32f10x_dma.o(i.DMA_SetCurrDataCounter)
    i.DS18B20_GetTemperture                  0x08000b4c   Section        0  ds18b20.o(i.DS18B20_GetTemperture)
    i.DS18B20_IO_IN                          0x08000bd8   Section        0  ds18b20.o(i.DS18B20_IO_IN)
    i.DS18B20_IO_OUT                         0x08000bf8   Section        0  ds18b20.o(i.DS18B20_IO_OUT)
    i.DS18B20_Init                           0x08000c1c   Section        0  ds18b20.o(i.DS18B20_Init)
    i.DS18B20_ReadRom                        0x08000c48   Section        0  ds18b20.o(i.DS18B20_ReadRom)
    i.DS18B20_Read_Byte                      0x08000c88   Section        0  ds18b20.o(i.DS18B20_Read_Byte)
    i.DS18B20_Reset                          0x08000cd0   Section        0  ds18b20.o(i.DS18B20_Reset)
    i.DS18B20_Write_Byte                     0x08000d60   Section        0  ds18b20.o(i.DS18B20_Write_Byte)
    i.DebugMon_Handler                       0x08000dbc   Section        0  stm32f10x_it.o(i.DebugMon_Handler)
    i.EXTI0_IRQHandler                       0x08000dc0   Section        0  exti.o(i.EXTI0_IRQHandler)
    i.EXTI3_IRQHandler                       0x08000df0   Section        0  exti.o(i.EXTI3_IRQHandler)
    i.EXTI4_IRQHandler                       0x08000e1c   Section        0  exti.o(i.EXTI4_IRQHandler)
    i.EXTI_ClearITPendingBit                 0x08000e70   Section        0  stm32f10x_exti.o(i.EXTI_ClearITPendingBit)
    i.EXTI_GetITStatus                       0x08000e7c   Section        0  stm32f10x_exti.o(i.EXTI_GetITStatus)
    i.EXTI_Init                              0x08000ea4   Section        0  stm32f10x_exti.o(i.EXTI_Init)
    i.GPIO_EXTILineConfig                    0x08000f38   Section        0  stm32f10x_gpio.o(i.GPIO_EXTILineConfig)
    i.GPIO_Init                              0x08000f78   Section        0  stm32f10x_gpio.o(i.GPIO_Init)
    i.GPIO_PinRemapConfig                    0x08001090   Section        0  stm32f10x_gpio.o(i.GPIO_PinRemapConfig)
    i.GPIO_ResetBits                         0x08001120   Section        0  stm32f10x_gpio.o(i.GPIO_ResetBits)
    i.GPIO_SetBits                           0x08001124   Section        0  stm32f10x_gpio.o(i.GPIO_SetBits)
    i.Get_CRC16                              0x08001128   Section        0  uart2.o(i.Get_CRC16)
    i.HardFault_Handler                      0x0800116c   Section        0  stm32f10x_it.o(i.HardFault_Handler)
    i.IIC_Init                               0x08001170   Section        0  iic.o(i.IIC_Init)
    i.KEY_Init                               0x080011c8   Section        0  key.o(i.KEY_Init)
    i.LED_Init                               0x08001204   Section        0  led.o(i.LED_Init)
    i.MOTOR_Init                             0x0800125c   Section        0  motor.o(i.MOTOR_Init)
    i.MY_EXTI_Init                           0x080013e0   Section        0  exti.o(i.MY_EXTI_Init)
    i.MemManage_Handler                      0x08001494   Section        0  stm32f10x_it.o(i.MemManage_Handler)
    i.NMI_Handler                            0x08001498   Section        0  stm32f10x_it.o(i.NMI_Handler)
    i.NVIC_Init                              0x0800149c   Section        0  misc.o(i.NVIC_Init)
    i.NVIC_PriorityGroupConfig               0x0800150c   Section        0  misc.o(i.NVIC_PriorityGroupConfig)
    i.OLED_Clear                             0x08001520   Section        0  oled.o(i.OLED_Clear)
    i.OLED_Draw_Char                         0x08001564   Section        0  oled.o(i.OLED_Draw_Char)
    i.OLED_Draw_Point                        0x080015b8   Section        0  oled.o(i.OLED_Draw_Point)
    i.OLED_Draw_String                       0x080015ec   Section        0  oled.o(i.OLED_Draw_String)
    i.OLED_Init                              0x08001610   Section        0  oled.o(i.OLED_Init)
    i.OLED_WR_Byte                           0x08001748   Section        0  oled.o(i.OLED_WR_Byte)
    i.RCC_AHBPeriphClockCmd                  0x080017a0   Section        0  stm32f10x_rcc.o(i.RCC_AHBPeriphClockCmd)
    i.RCC_APB1PeriphClockCmd                 0x080017c0   Section        0  stm32f10x_rcc.o(i.RCC_APB1PeriphClockCmd)
    i.RCC_APB1PeriphResetCmd                 0x080017e0   Section        0  stm32f10x_rcc.o(i.RCC_APB1PeriphResetCmd)
    i.RCC_APB2PeriphClockCmd                 0x08001800   Section        0  stm32f10x_rcc.o(i.RCC_APB2PeriphClockCmd)
    i.RCC_APB2PeriphResetCmd                 0x08001820   Section        0  stm32f10x_rcc.o(i.RCC_APB2PeriphResetCmd)
    i.RCC_GetClocksFreq                      0x08001840   Section        0  stm32f10x_rcc.o(i.RCC_GetClocksFreq)
    i.SetSysClock                            0x08001914   Section        0  system_stm32f10x.o(i.SetSysClock)
    SetSysClock                              0x08001915   Thumb Code     8  system_stm32f10x.o(i.SetSysClock)
    i.SetSysClockTo72                        0x0800191c   Section        0  system_stm32f10x.o(i.SetSysClockTo72)
    SetSysClockTo72                          0x0800191d   Thumb Code   214  system_stm32f10x.o(i.SetSysClockTo72)
    i.SysTick_CLKSourceConfig                0x080019fc   Section        0  misc.o(i.SysTick_CLKSourceConfig)
    i.SysTick_Handler                        0x08001a24   Section        0  stm32f10x_it.o(i.SysTick_Handler)
    i.SysTick_Init                           0x08001a34   Section        0  systick.o(i.SysTick_Init)
    i.SystemInit                             0x08001a90   Section        0  system_stm32f10x.o(i.SystemInit)
    i.TIM4_IRQHandler                        0x08001af0   Section        0  timer4.o(i.TIM4_IRQHandler)
    i.TIMER4_Init                            0x08001b0c   Section        0  timer4.o(i.TIMER4_Init)
    i.TIM_ARRPreloadConfig                   0x08001b70   Section        0  stm32f10x_tim.o(i.TIM_ARRPreloadConfig)
    i.TIM_ClearITPendingBit                  0x08001b88   Section        0  stm32f10x_tim.o(i.TIM_ClearITPendingBit)
    i.TIM_Cmd                                0x08001b8e   Section        0  stm32f10x_tim.o(i.TIM_Cmd)
    i.TIM_GetITStatus                        0x08001ba6   Section        0  stm32f10x_tim.o(i.TIM_GetITStatus)
    i.TIM_ITConfig                           0x08001bc8   Section        0  stm32f10x_tim.o(i.TIM_ITConfig)
    i.TIM_OC2Init                            0x08001bdc   Section        0  stm32f10x_tim.o(i.TIM_OC2Init)
    i.TIM_OC2PreloadConfig                   0x08001c80   Section        0  stm32f10x_tim.o(i.TIM_OC2PreloadConfig)
    i.TIM_OC4Init                            0x08001c9c   Section        0  stm32f10x_tim.o(i.TIM_OC4Init)
    i.TIM_OC4PreloadConfig                   0x08001d18   Section        0  stm32f10x_tim.o(i.TIM_OC4PreloadConfig)
    i.TIM_SetCompare2                        0x08001d32   Section        0  stm32f10x_tim.o(i.TIM_SetCompare2)
    i.TIM_SetCompare4                        0x08001d36   Section        0  stm32f10x_tim.o(i.TIM_SetCompare4)
    i.TIM_TimeBaseInit                       0x08001d3c   Section        0  stm32f10x_tim.o(i.TIM_TimeBaseInit)
    i.UART1DMA_Init                          0x08001de0   Section        0  dma.o(i.UART1DMA_Init)
    i.UART2_INIT                             0x08001e98   Section        0  uart2.o(i.UART2_INIT)
    i.UART2_TXFUNC                           0x08001f74   Section        0  uart2.o(i.UART2_TXFUNC)
    i.UART3DMA_Init                          0x08001fe8   Section        0  uart3.o(i.UART3DMA_Init)
    i.UART3_Init                             0x080020a0   Section        0  uart3.o(i.UART3_Init)
    i.UART3_Puts                             0x08002168   Section        0  uart3.o(i.UART3_Puts)
    i.UART3_TxData                           0x080021a8   Section        0  uart3.o(i.UART3_TxData)
    i.UART_IDLEInit                          0x080021d4   Section        0  uart.o(i.UART_IDLEInit)
    i.USART1_IRQHandler                      0x08002294   Section        0  interrupt.o(i.USART1_IRQHandler)
    i.USART2_IRQHandler                      0x08002348   Section        0  interrupt.o(i.USART2_IRQHandler)
    i.USART3_IRQHandler                      0x08002398   Section        0  interrupt.o(i.USART3_IRQHandler)
    i.USART_ClearITPendingBit                0x080023e8   Section        0  stm32f10x_usart.o(i.USART_ClearITPendingBit)
    i.USART_Cmd                              0x08002406   Section        0  stm32f10x_usart.o(i.USART_Cmd)
    i.USART_DMACmd                           0x0800241e   Section        0  stm32f10x_usart.o(i.USART_DMACmd)
    i.USART_DeInit                           0x08002430   Section        0  stm32f10x_usart.o(i.USART_DeInit)
    i.USART_GetFlagStatus                    0x080024cc   Section        0  stm32f10x_usart.o(i.USART_GetFlagStatus)
    i.USART_GetITStatus                      0x080024e6   Section        0  stm32f10x_usart.o(i.USART_GetITStatus)
    i.USART_ITConfig                         0x0800253a   Section        0  stm32f10x_usart.o(i.USART_ITConfig)
    i.USART_Init                             0x08002584   Section        0  stm32f10x_usart.o(i.USART_Init)
    i.USART_ReceiveData                      0x0800265c   Section        0  stm32f10x_usart.o(i.USART_ReceiveData)
    i.USART_SendData                         0x08002666   Section        0  stm32f10x_usart.o(i.USART_SendData)
    i.UsageFault_Handler                     0x0800266e   Section        0  stm32f10x_it.o(i.UsageFault_Handler)
    i.WIFI_Connect                           0x08002672   Section        0  esp8266.o(i.WIFI_Connect)
    i.WIFI_Connect_IOTServer                 0x08002680   Section        0  esp8266.o(i.WIFI_Connect_IOTServer)
    i.WIFI_Connect_Server                    0x08002930   Section        0  esp8266.o(i.WIFI_Connect_Server)
    i.WIFI_JoinAP                            0x08002ab8   Section        0  esp8266.o(i.WIFI_JoinAP)
    i.WIFI_Reset                             0x08002b58   Section        0  esp8266.o(i.WIFI_Reset)
    i.WIFI_ResetIO_Init                      0x08002bc8   Section        0  esp8266.o(i.WIFI_ResetIO_Init)
    i.WIFI_SendCmd                           0x08002c14   Section        0  esp8266.o(i.WIFI_SendCmd)
    i.__0printf                              0x08002c88   Section        0  printfa.o(i.__0printf)
    i.__0sprintf                             0x08002ca8   Section        0  printfa.o(i.__0sprintf)
    i.__0vsprintf                            0x08002cd0   Section        0  printfa.o(i.__0vsprintf)
    i.__scatterload_copy                     0x08002cf4   Section       14  handlers.o(i.__scatterload_copy)
    i.__scatterload_null                     0x08002d02   Section        2  handlers.o(i.__scatterload_null)
    i.__scatterload_zeroinit                 0x08002d04   Section       14  handlers.o(i.__scatterload_zeroinit)
    i._fp_digits                             0x08002d14   Section        0  printfa.o(i._fp_digits)
    _fp_digits                               0x08002d15   Thumb Code   366  printfa.o(i._fp_digits)
    i._printf_core                           0x08002e98   Section        0  printfa.o(i._printf_core)
    _printf_core                             0x08002e99   Thumb Code  1744  printfa.o(i._printf_core)
    i._printf_post_padding                   0x08003574   Section        0  printfa.o(i._printf_post_padding)
    _printf_post_padding                     0x08003575   Thumb Code    36  printfa.o(i._printf_post_padding)
    i._printf_pre_padding                    0x08003598   Section        0  printfa.o(i._printf_pre_padding)
    _printf_pre_padding                      0x08003599   Thumb Code    46  printfa.o(i._printf_pre_padding)
    i._sputc                                 0x080035c6   Section        0  printfa.o(i._sputc)
    _sputc                                   0x080035c7   Thumb Code    10  printfa.o(i._sputc)
    i.delay_ms                               0x080035d0   Section        0  systick.o(i.delay_ms)
    i.delay_us                               0x08003610   Section        0  systick.o(i.delay_us)
    i.fputc                                  0x08003658   Section        0  uart.o(i.fputc)
    i.main                                   0x0800367c   Section        0  main.o(i.main)
    i.prvAddCurrentTaskToDelayedList         0x080036f8   Section        0  tasks.o(i.prvAddCurrentTaskToDelayedList)
    prvAddCurrentTaskToDelayedList           0x080036f9   Thumb Code   124  tasks.o(i.prvAddCurrentTaskToDelayedList)
    i.prvAddNewTaskToReadyList               0x08003790   Section        0  tasks.o(i.prvAddNewTaskToReadyList)
    prvAddNewTaskToReadyList                 0x08003791   Thumb Code   150  tasks.o(i.prvAddNewTaskToReadyList)
    i.prvCheckTasksWaitingTermination        0x08003844   Section        0  tasks.o(i.prvCheckTasksWaitingTermination)
    prvCheckTasksWaitingTermination          0x08003845   Thumb Code    86  tasks.o(i.prvCheckTasksWaitingTermination)
    i.prvDeleteTCB                           0x080038a8   Section        0  tasks.o(i.prvDeleteTCB)
    prvDeleteTCB                             0x080038a9   Thumb Code    18  tasks.o(i.prvDeleteTCB)
    i.prvHeapInit                            0x080038bc   Section        0  heap_4.o(i.prvHeapInit)
    prvHeapInit                              0x080038bd   Thumb Code    98  heap_4.o(i.prvHeapInit)
    i.prvIdleTask                            0x08003938   Section        0  tasks.o(i.prvIdleTask)
    prvIdleTask                              0x08003939   Thumb Code    32  tasks.o(i.prvIdleTask)
    i.prvInitialiseNewTask                   0x08003960   Section        0  tasks.o(i.prvInitialiseNewTask)
    prvInitialiseNewTask                     0x08003961   Thumb Code   154  tasks.o(i.prvInitialiseNewTask)
    i.prvInitialiseTaskLists                 0x08003a24   Section        0  tasks.o(i.prvInitialiseTaskLists)
    prvInitialiseTaskLists                   0x08003a25   Thumb Code    70  tasks.o(i.prvInitialiseTaskLists)
    i.prvInsertBlockIntoFreeList             0x08003a8c   Section        0  heap_4.o(i.prvInsertBlockIntoFreeList)
    prvInsertBlockIntoFreeList               0x08003a8d   Thumb Code    96  heap_4.o(i.prvInsertBlockIntoFreeList)
    i.prvResetNextTaskUnblockTime            0x08003af4   Section        0  tasks.o(i.prvResetNextTaskUnblockTime)
    prvResetNextTaskUnblockTime              0x08003af5   Thumb Code    42  tasks.o(i.prvResetNextTaskUnblockTime)
    i.prvTaskExitError                       0x08003b28   Section        0  port.o(i.prvTaskExitError)
    prvTaskExitError                         0x08003b29   Thumb Code    48  port.o(i.prvTaskExitError)
    i.pvPortMalloc                           0x08003b98   Section        0  heap_4.o(i.pvPortMalloc)
    i.pxPortInitialiseStack                  0x08003cec   Section        0  port.o(i.pxPortInitialiseStack)
    i.uxListRemove                           0x08003d10   Section        0  list.o(i.uxListRemove)
    i.vListInitialise                        0x08003d38   Section        0  list.o(i.vListInitialise)
    i.vListInitialiseItem                    0x08003d52   Section        0  list.o(i.vListInitialiseItem)
    i.vListInsert                            0x08003d58   Section        0  list.o(i.vListInsert)
    i.vListInsertEnd                         0x08003d8c   Section        0  list.o(i.vListInsertEnd)
    i.vPortEnterCritical                     0x08003da4   Section        0  port.o(i.vPortEnterCritical)
    i.vPortExitCritical                      0x08003e2c   Section        0  port.o(i.vPortExitCritical)
    i.vPortFree                              0x08003e9c   Section        0  heap_4.o(i.vPortFree)
    i.vPortSetupTimerInterrupt               0x08003f54   Section        0  port.o(i.vPortSetupTimerInterrupt)
    i.vTaskDelay                             0x08003f74   Section        0  tasks.o(i.vTaskDelay)
    i.vTaskFor485                            0x08003fec   Section        0  main.o(i.vTaskFor485)
    i.vTaskForLed                            0x0800413c   Section        0  main.o(i.vTaskForLed)
    i.vTaskForTemp                           0x08004474   Section        0  main.o(i.vTaskForTemp)
    i.vTaskStartScheduler                    0x080044c8   Section        0  tasks.o(i.vTaskStartScheduler)
    i.vTaskSuspendAll                        0x08004570   Section        0  tasks.o(i.vTaskSuspendAll)
    i.vTaskSwitchContext                     0x08004580   Section        0  tasks.o(i.vTaskSwitchContext)
    i.xPortStartScheduler                    0x0800462c   Section        0  port.o(i.xPortStartScheduler)
    i.xPortSysTickHandler                    0x080046cc   Section        0  port.o(i.xPortSysTickHandler)
    i.xTaskCreate                            0x08004700   Section        0  tasks.o(i.xTaskCreate)
    i.xTaskGetSchedulerState                 0x08004760   Section        0  tasks.o(i.xTaskGetSchedulerState)
    i.xTaskIncrementTick                     0x08004780   Section        0  tasks.o(i.xTaskIncrementTick)
    i.xTaskResumeAll                         0x080048e4   Section        0  tasks.o(i.xTaskResumeAll)
    .constdata                               0x08004a08   Section       34  uart2.o(.constdata)
    __func__                                 0x08004a08   Data          13  uart2.o(.constdata)
    __func__                                 0x08004a15   Data          21  uart2.o(.constdata)
    .constdata                               0x08004a2a   Section     1744  oled.o(.constdata)
    .data                                    0x20000000   Section       20  stm32f10x_rcc.o(.data)
    APBAHBPrescTable                         0x20000000   Data          16  stm32f10x_rcc.o(.data)
    ADCPrescTable                            0x20000010   Data           4  stm32f10x_rcc.o(.data)
    .data                                    0x20000014   Section       20  system_stm32f10x.o(.data)
    .data                                    0x20000028   Section        4  systick.o(.data)
    fac_us                                   0x20000028   Data           1  systick.o(.data)
    fac_ms                                   0x2000002a   Data           2  systick.o(.data)
    .data                                    0x2000002c   Section       64  init.o(.data)
    init_func                                0x2000002c   Data          64  init.o(.data)
    .data                                    0x2000006c   Section        5  interrupt.o(.data)
    .data                                    0x20000071   Section        8  ds18b20.o(.data)
    rom                                      0x20000071   Data           8  ds18b20.o(.data)
    .data                                    0x2000007c   Section       12  dma.o(.data)
    .data                                    0x20000088   Section        4  uart3.o(.data)
    .data                                    0x2000008c   Section       12  uart2.o(.data)
    .data                                    0x20000098   Section       60  tasks.o(.data)
    pxDelayedTaskList                        0x2000009c   Data           4  tasks.o(.data)
    pxOverflowDelayedTaskList                0x200000a0   Data           4  tasks.o(.data)
    uxDeletedTasksWaitingCleanUp             0x200000a4   Data           4  tasks.o(.data)
    uxCurrentNumberOfTasks                   0x200000a8   Data           4  tasks.o(.data)
    xTickCount                               0x200000ac   Data           4  tasks.o(.data)
    uxTopReadyPriority                       0x200000b0   Data           4  tasks.o(.data)
    xSchedulerRunning                        0x200000b4   Data           4  tasks.o(.data)
    uxPendedTicks                            0x200000b8   Data           4  tasks.o(.data)
    xYieldPending                            0x200000bc   Data           4  tasks.o(.data)
    xNumOfOverflows                          0x200000c0   Data           4  tasks.o(.data)
    uxTaskNumber                             0x200000c4   Data           4  tasks.o(.data)
    xNextTaskUnblockTime                     0x200000c8   Data           4  tasks.o(.data)
    xIdleTaskHandle                          0x200000cc   Data           4  tasks.o(.data)
    uxSchedulerSuspended                     0x200000d0   Data           4  tasks.o(.data)
    .data                                    0x200000d4   Section       24  heap_4.o(.data)
    xStart                                   0x200000d4   Data           8  heap_4.o(.data)
    pxEnd                                    0x200000dc   Data           4  heap_4.o(.data)
    xFreeBytesRemaining                      0x200000e0   Data           4  heap_4.o(.data)
    xMinimumEverFreeBytesRemaining           0x200000e4   Data           4  heap_4.o(.data)
    xBlockAllocatedBit                       0x200000e8   Data           4  heap_4.o(.data)
    .data                                    0x200000ec   Section       12  port.o(.data)
    uxCriticalNesting                        0x200000ec   Data           4  port.o(.data)
    ucMaxSysCallPriority                     0x200000f0   Data           1  port.o(.data)
    ulMaxPRIGROUPValue                       0x200000f4   Data           4  port.o(.data)
    .data                                    0x200000f8   Section        4  stdout.o(.data)
    .bss                                     0x200000fc   Section     1024  interrupt.o(.bss)
    .bss                                     0x200004fc   Section     5120  dma.o(.bss)
    .bss                                     0x200018fc   Section     2048  uart3.o(.bss)
    .bss                                     0x200020fc   Section     1024  uart2.o(.bss)
    .bss                                     0x200024fc   Section      740  tasks.o(.bss)
    pxReadyTasksLists                        0x200024fc   Data         640  tasks.o(.bss)
    xDelayedTaskList1                        0x2000277c   Data          20  tasks.o(.bss)
    xDelayedTaskList2                        0x20002790   Data          20  tasks.o(.bss)
    xPendingReadyList                        0x200027a4   Data          20  tasks.o(.bss)
    xTasksWaitingTermination                 0x200027b8   Data          20  tasks.o(.bss)
    xSuspendedTaskList                       0x200027cc   Data          20  tasks.o(.bss)
    .bss                                     0x200027e0   Section    36864  heap_4.o(.bss)
    ucHeap                                   0x200027e0   Data       36864  heap_4.o(.bss)
    STACK                                    0x2000b7e0   Section     1024  startup_stm32f10x_hd.o(STACK)

    Global Symbols

    Symbol Name                              Value     Ov Type        Size  Object(Section)

    BuildAttributes$$THM_ISAv4$P$D$K$B$S$PE$A:L22UL41UL21$X:L11$S22US41US21$IEEE1$IW$USESV6$~STKCKD$USESV7$~SHL$OTIME$ROPI$EBA8$MICROLIB$REQ8$PRES8$EABIv2 0x00000000   Number         0  anon$$obj.o ABSOLUTE
    __ARM_use_no_argv                        0x00000000   Number         0  main.o ABSOLUTE
    _printf_a                                0x00000000   Number         0  stubs.o ABSOLUTE
    _printf_c                                0x00000000   Number         0  stubs.o ABSOLUTE
    _printf_charcount                        0x00000000   Number         0  stubs.o ABSOLUTE
    _printf_d                                0x00000000   Number         0  stubs.o ABSOLUTE
    _printf_e                                0x00000000   Number         0  stubs.o ABSOLUTE
    _printf_f                                0x00000000   Number         0  stubs.o ABSOLUTE
    _printf_flags                            0x00000000   Number         0  stubs.o ABSOLUTE
    _printf_fp_dec                           0x00000000   Number         0  stubs.o ABSOLUTE
    _printf_fp_hex                           0x00000000   Number         0  stubs.o ABSOLUTE
    _printf_g                                0x00000000   Number         0  stubs.o ABSOLUTE
    _printf_i                                0x00000000   Number         0  stubs.o ABSOLUTE
    _printf_int_dec                          0x00000000   Number         0  stubs.o ABSOLUTE
    _printf_l                                0x00000000   Number         0  stubs.o ABSOLUTE
    _printf_lc                               0x00000000   Number         0  stubs.o ABSOLUTE
    _printf_ll                               0x00000000   Number         0  stubs.o ABSOLUTE
    _printf_lld                              0x00000000   Number         0  stubs.o ABSOLUTE
    _printf_lli                              0x00000000   Number         0  stubs.o ABSOLUTE
    _printf_llo                              0x00000000   Number         0  stubs.o ABSOLUTE
    _printf_llu                              0x00000000   Number         0  stubs.o ABSOLUTE
    _printf_llx                              0x00000000   Number         0  stubs.o ABSOLUTE
    _printf_longlong_dec                     0x00000000   Number         0  stubs.o ABSOLUTE
    _printf_longlong_hex                     0x00000000   Number         0  stubs.o ABSOLUTE
    _printf_longlong_oct                     0x00000000   Number         0  stubs.o ABSOLUTE
    _printf_ls                               0x00000000   Number         0  stubs.o ABSOLUTE
    _printf_mbtowc                           0x00000000   Number         0  stubs.o ABSOLUTE
    _printf_n                                0x00000000   Number         0  stubs.o ABSOLUTE
    _printf_o                                0x00000000   Number         0  stubs.o ABSOLUTE
    _printf_p                                0x00000000   Number         0  stubs.o ABSOLUTE
    _printf_percent                          0x00000000   Number         0  stubs.o ABSOLUTE
    _printf_pre_padding                      0x00000000   Number         0  stubs.o ABSOLUTE
    _printf_return_value                     0x00000000   Number         0  stubs.o ABSOLUTE
    _printf_s                                0x00000000   Number         0  stubs.o ABSOLUTE
    _printf_sizespec                         0x00000000   Number         0  stubs.o ABSOLUTE
    _printf_str                              0x00000000   Number         0  stubs.o ABSOLUTE
    _printf_truncate_signed                  0x00000000   Number         0  stubs.o ABSOLUTE
    _printf_truncate_unsigned                0x00000000   Number         0  stubs.o ABSOLUTE
    _printf_u                                0x00000000   Number         0  stubs.o ABSOLUTE
    _printf_wc                               0x00000000   Number         0  stubs.o ABSOLUTE
    _printf_wctomb                           0x00000000   Number         0  stubs.o ABSOLUTE
    _printf_widthprec                        0x00000000   Number         0  stubs.o ABSOLUTE
    _printf_x                                0x00000000   Number         0  stubs.o ABSOLUTE
    __cpp_initialize__aeabi_                  - Undefined Weak Reference
    __cxa_finalize                            - Undefined Weak Reference
    __decompress                              - Undefined Weak Reference
    _clock_init                               - Undefined Weak Reference
    _microlib_exit                            - Undefined Weak Reference
    __Vectors_Size                           0x00000130   Number         0  startup_stm32f10x_hd.o ABSOLUTE
    __Vectors                                0x08000000   Data           4  startup_stm32f10x_hd.o(RESET)
    __Vectors_End                            0x08000130   Data           0  startup_stm32f10x_hd.o(RESET)
    __main                                   0x08000131   Thumb Code     0  entry.o(.ARM.Collect$$$$00000000)
    _main_stk                                0x08000131   Thumb Code     0  entry2.o(.ARM.Collect$$$$00000001)
    _main_scatterload                        0x08000135   Thumb Code     0  entry5.o(.ARM.Collect$$$$00000004)
    __main_after_scatterload                 0x08000139   Thumb Code     0  entry5.o(.ARM.Collect$$$$00000004)
    _main_clock                              0x08000139   Thumb Code     0  entry7b.o(.ARM.Collect$$$$00000008)
    _main_cpp_init                           0x08000139   Thumb Code     0  entry8b.o(.ARM.Collect$$$$0000000A)
    _main_init                               0x08000139   Thumb Code     0  entry9a.o(.ARM.Collect$$$$0000000B)
    __rt_final_cpp                           0x08000141   Thumb Code     0  entry10a.o(.ARM.Collect$$$$0000000D)
    __rt_final_exit                          0x08000141   Thumb Code     0  entry11a.o(.ARM.Collect$$$$0000000F)
    SVC_Handler                              0x08000145   Thumb Code    32  port.o(.emb_text)
    __asm___6_port_c_39a90d8d__prvStartFirstTask 0x08000169   Thumb Code    28  port.o(.emb_text)
    PendSV_Handler                           0x08000189   Thumb Code    72  port.o(.emb_text)
    vPortGetIPSR                             0x080001d5   Thumb Code     6  port.o(.emb_text)
    Reset_Handler                            0x080001dd   Thumb Code     8  startup_stm32f10x_hd.o(.text)
    ADC1_2_IRQHandler                        0x080001f7   Thumb Code     0  startup_stm32f10x_hd.o(.text)
    ADC3_IRQHandler                          0x080001f7   Thumb Code     0  startup_stm32f10x_hd.o(.text)
    CAN1_RX1_IRQHandler                      0x080001f7   Thumb Code     0  startup_stm32f10x_hd.o(.text)
    CAN1_SCE_IRQHandler                      0x080001f7   Thumb Code     0  startup_stm32f10x_hd.o(.text)
    DMA1_Channel1_IRQHandler                 0x080001f7   Thumb Code     0  startup_stm32f10x_hd.o(.text)
    DMA1_Channel3_IRQHandler                 0x080001f7   Thumb Code     0  startup_stm32f10x_hd.o(.text)
    DMA1_Channel5_IRQHandler                 0x080001f7   Thumb Code     0  startup_stm32f10x_hd.o(.text)
    DMA1_Channel6_IRQHandler                 0x080001f7   Thumb Code     0  startup_stm32f10x_hd.o(.text)
    DMA1_Channel7_IRQHandler                 0x080001f7   Thumb Code     0  startup_stm32f10x_hd.o(.text)
    DMA2_Channel1_IRQHandler                 0x080001f7   Thumb Code     0  startup_stm32f10x_hd.o(.text)
    DMA2_Channel2_IRQHandler                 0x080001f7   Thumb Code     0  startup_stm32f10x_hd.o(.text)
    DMA2_Channel3_IRQHandler                 0x080001f7   Thumb Code     0  startup_stm32f10x_hd.o(.text)
    DMA2_Channel4_5_IRQHandler               0x080001f7   Thumb Code     0  startup_stm32f10x_hd.o(.text)
    EXTI15_10_IRQHandler                     0x080001f7   Thumb Code     0  startup_stm32f10x_hd.o(.text)
    EXTI1_IRQHandler                         0x080001f7   Thumb Code     0  startup_stm32f10x_hd.o(.text)
    EXTI2_IRQHandler                         0x080001f7   Thumb Code     0  startup_stm32f10x_hd.o(.text)
    EXTI9_5_IRQHandler                       0x080001f7   Thumb Code     0  startup_stm32f10x_hd.o(.text)
    FLASH_IRQHandler                         0x080001f7   Thumb Code     0  startup_stm32f10x_hd.o(.text)
    FSMC_IRQHandler                          0x080001f7   Thumb Code     0  startup_stm32f10x_hd.o(.text)
    I2C1_ER_IRQHandler                       0x080001f7   Thumb Code     0  startup_stm32f10x_hd.o(.text)
    I2C1_EV_IRQHandler                       0x080001f7   Thumb Code     0  startup_stm32f10x_hd.o(.text)
    I2C2_ER_IRQHandler                       0x080001f7   Thumb Code     0  startup_stm32f10x_hd.o(.text)
    I2C2_EV_IRQHandler                       0x080001f7   Thumb Code     0  startup_stm32f10x_hd.o(.text)
    PVD_IRQHandler                           0x080001f7   Thumb Code     0  startup_stm32f10x_hd.o(.text)
    RCC_IRQHandler                           0x080001f7   Thumb Code     0  startup_stm32f10x_hd.o(.text)
    RTCAlarm_IRQHandler                      0x080001f7   Thumb Code     0  startup_stm32f10x_hd.o(.text)
    RTC_IRQHandler                           0x080001f7   Thumb Code     0  startup_stm32f10x_hd.o(.text)
    SDIO_IRQHandler                          0x080001f7   Thumb Code     0  startup_stm32f10x_hd.o(.text)
    SPI1_IRQHandler                          0x080001f7   Thumb Code     0  startup_stm32f10x_hd.o(.text)
    SPI2_IRQHandler                          0x080001f7   Thumb Code     0  startup_stm32f10x_hd.o(.text)
    SPI3_IRQHandler                          0x080001f7   Thumb Code     0  startup_stm32f10x_hd.o(.text)
    TAMPER_IRQHandler                        0x080001f7   Thumb Code     0  startup_stm32f10x_hd.o(.text)
    TIM1_BRK_IRQHandler                      0x080001f7   Thumb Code     0  startup_stm32f10x_hd.o(.text)
    TIM1_CC_IRQHandler                       0x080001f7   Thumb Code     0  startup_stm32f10x_hd.o(.text)
    TIM1_TRG_COM_IRQHandler                  0x080001f7   Thumb Code     0  startup_stm32f10x_hd.o(.text)
    TIM1_UP_IRQHandler                       0x080001f7   Thumb Code     0  startup_stm32f10x_hd.o(.text)
    TIM2_IRQHandler                          0x080001f7   Thumb Code     0  startup_stm32f10x_hd.o(.text)
    TIM3_IRQHandler                          0x080001f7   Thumb Code     0  startup_stm32f10x_hd.o(.text)
    TIM5_IRQHandler                          0x080001f7   Thumb Code     0  startup_stm32f10x_hd.o(.text)
    TIM6_IRQHandler                          0x080001f7   Thumb Code     0  startup_stm32f10x_hd.o(.text)
    TIM7_IRQHandler                          0x080001f7   Thumb Code     0  startup_stm32f10x_hd.o(.text)
    TIM8_BRK_IRQHandler                      0x080001f7   Thumb Code     0  startup_stm32f10x_hd.o(.text)
    TIM8_CC_IRQHandler                       0x080001f7   Thumb Code     0  startup_stm32f10x_hd.o(.text)
    TIM8_TRG_COM_IRQHandler                  0x080001f7   Thumb Code     0  startup_stm32f10x_hd.o(.text)
    TIM8_UP_IRQHandler                       0x080001f7   Thumb Code     0  startup_stm32f10x_hd.o(.text)
    UART4_IRQHandler                         0x080001f7   Thumb Code     0  startup_stm32f10x_hd.o(.text)
    UART5_IRQHandler                         0x080001f7   Thumb Code     0  startup_stm32f10x_hd.o(.text)
    USBWakeUp_IRQHandler                     0x080001f7   Thumb Code     0  startup_stm32f10x_hd.o(.text)
    USB_HP_CAN1_TX_IRQHandler                0x080001f7   Thumb Code     0  startup_stm32f10x_hd.o(.text)
    USB_LP_CAN1_RX0_IRQHandler               0x080001f7   Thumb Code     0  startup_stm32f10x_hd.o(.text)
    WWDG_IRQHandler                          0x080001f7   Thumb Code     0  startup_stm32f10x_hd.o(.text)
    __aeabi_memcpy                           0x08000201   Thumb Code    36  memcpya.o(.text)
    __aeabi_memcpy4                          0x08000201   Thumb Code     0  memcpya.o(.text)
    __aeabi_memcpy8                          0x08000201   Thumb Code     0  memcpya.o(.text)
    __aeabi_memset                           0x08000225   Thumb Code    14  memseta.o(.text)
    __aeabi_memset4                          0x08000225   Thumb Code     0  memseta.o(.text)
    __aeabi_memset8                          0x08000225   Thumb Code     0  memseta.o(.text)
    __aeabi_memclr                           0x08000233   Thumb Code     4  memseta.o(.text)
    __aeabi_memclr4                          0x08000233   Thumb Code     0  memseta.o(.text)
    __aeabi_memclr8                          0x08000233   Thumb Code     0  memseta.o(.text)
    _memset$wrapper                          0x08000237   Thumb Code    18  memseta.o(.text)
    strstr                                   0x08000249   Thumb Code    36  strstr.o(.text)
    __aeabi_dmul                             0x0800026d   Thumb Code   228  dmul.o(.text)
    __aeabi_ddiv                             0x08000351   Thumb Code   222  ddiv.o(.text)
    __aeabi_i2d                              0x0800042f   Thumb Code    34  dflti.o(.text)
    __aeabi_ui2d                             0x08000451   Thumb Code    26  dfltui.o(.text)
    __aeabi_f2iz                             0x0800046b   Thumb Code    50  ffixi.o(.text)
    __aeabi_f2d                              0x0800049d   Thumb Code    38  f2d.o(.text)
    __aeabi_d2f                              0x080004c3   Thumb Code    56  d2f.o(.text)
    __aeabi_uidiv                            0x080004fb   Thumb Code     0  uidiv.o(.text)
    __aeabi_uidivmod                         0x080004fb   Thumb Code    44  uidiv.o(.text)
    __aeabi_uldivmod                         0x08000527   Thumb Code    98  uldiv.o(.text)
    __I$use$fp                               0x08000589   Thumb Code     0  iusefp.o(.text)
    _float_round                             0x08000589   Thumb Code    18  fepilogue.o(.text)
    _float_epilogue                          0x0800059b   Thumb Code    92  fepilogue.o(.text)
    _double_round                            0x080005f7   Thumb Code    30  depilogue.o(.text)
    _double_epilogue                         0x08000615   Thumb Code   156  depilogue.o(.text)
    __aeabi_dadd                             0x080006b1   Thumb Code   322  dadd.o(.text)
    __aeabi_dsub                             0x080007f3   Thumb Code     6  dadd.o(.text)
    __aeabi_drsub                            0x080007f9   Thumb Code     6  dadd.o(.text)
    __aeabi_d2ulz                            0x080007ff   Thumb Code    48  dfixul.o(.text)
    __aeabi_cdrcmple                         0x08000831   Thumb Code    48  cdrcmple.o(.text)
    __scatterload                            0x08000861   Thumb Code    28  init.o(.text)
    __scatterload_rt2                        0x08000861   Thumb Code     0  init.o(.text)
    __aeabi_llsl                             0x08000885   Thumb Code    30  llshl.o(.text)
    _ll_shift_l                              0x08000885   Thumb Code     0  llshl.o(.text)
    __aeabi_llsr                             0x080008a3   Thumb Code    32  llushr.o(.text)
    _ll_ushift_r                             0x080008a3   Thumb Code     0  llushr.o(.text)
    __aeabi_lasr                             0x080008c3   Thumb Code    36  llsshr.o(.text)
    _ll_sshift_r                             0x080008c3   Thumb Code     0  llsshr.o(.text)
    AT24C02_Init                             0x080008e7   Thumb Code     8  at24c02.o(i.AT24C02_Init)
    BEEP_Init                                0x080008f1   Thumb Code    50  beep.o(i.BEEP_Init)
    BusFault_Handler                         0x08000929   Thumb Code     4  stm32f10x_it.o(i.BusFault_Handler)
    DEVICE_Init                              0x0800092d   Thumb Code    20  init.o(i.DEVICE_Init)
    DMA1_Channel2_IRQHandler                 0x08000945   Thumb Code    26  interrupt.o(i.DMA1_Channel2_IRQHandler)
    DMA1_Channel4_IRQHandler                 0x08000965   Thumb Code    36  interrupt.o(i.DMA1_Channel4_IRQHandler)
    DMA_ClearFlag                            0x08000991   Thumb Code    18  stm32f10x_dma.o(i.DMA_ClearFlag)
    DMA_ClearITPendingBit                    0x080009ad   Thumb Code    18  stm32f10x_dma.o(i.DMA_ClearITPendingBit)
    DMA_Cmd                                  0x080009c9   Thumb Code    24  stm32f10x_dma.o(i.DMA_Cmd)
    DMA_GetCurrDataCounter                   0x080009e1   Thumb Code     8  stm32f10x_dma.o(i.DMA_GetCurrDataCounter)
    DMA_GetFlagStatus                        0x080009e9   Thumb Code    36  stm32f10x_dma.o(i.DMA_GetFlagStatus)
    DMA_GetITStatus                          0x08000a15   Thumb Code    36  stm32f10x_dma.o(i.DMA_GetITStatus)
    DMA_INIT                                 0x08000a41   Thumb Code   162  uart2.o(i.DMA_INIT)
    DMA_ITConfig                             0x08000af9   Thumb Code    18  stm32f10x_dma.o(i.DMA_ITConfig)
    DMA_Init                                 0x08000b0b   Thumb Code    60  stm32f10x_dma.o(i.DMA_Init)
    DMA_SetCurrDataCounter                   0x08000b47   Thumb Code     4  stm32f10x_dma.o(i.DMA_SetCurrDataCounter)
    DS18B20_GetTemperture                    0x08000b4d   Thumb Code   132  ds18b20.o(i.DS18B20_GetTemperture)
    DS18B20_IO_IN                            0x08000bd9   Thumb Code    26  ds18b20.o(i.DS18B20_IO_IN)
    DS18B20_IO_OUT                           0x08000bf9   Thumb Code    32  ds18b20.o(i.DS18B20_IO_OUT)
    DS18B20_Init                             0x08000c1d   Thumb Code    40  ds18b20.o(i.DS18B20_Init)
    DS18B20_ReadRom                          0x08000c49   Thumb Code    48  ds18b20.o(i.DS18B20_ReadRom)
    DS18B20_Read_Byte                        0x08000c89   Thumb Code    64  ds18b20.o(i.DS18B20_Read_Byte)
    DS18B20_Reset                            0x08000cd1   Thumb Code    94  ds18b20.o(i.DS18B20_Reset)
    DS18B20_Write_Byte                       0x08000d61   Thumb Code    84  ds18b20.o(i.DS18B20_Write_Byte)
    DebugMon_Handler                         0x08000dbd   Thumb Code     2  stm32f10x_it.o(i.DebugMon_Handler)
    EXTI0_IRQHandler                         0x08000dc1   Thumb Code    38  exti.o(i.EXTI0_IRQHandler)
    EXTI3_IRQHandler                         0x08000df1   Thumb Code    40  exti.o(i.EXTI3_IRQHandler)
    EXTI4_IRQHandler                         0x08000e1d   Thumb Code    70  exti.o(i.EXTI4_IRQHandler)
    EXTI_ClearITPendingBit                   0x08000e71   Thumb Code     6  stm32f10x_exti.o(i.EXTI_ClearITPendingBit)
    EXTI_GetITStatus                         0x08000e7d   Thumb Code    34  stm32f10x_exti.o(i.EXTI_GetITStatus)
    EXTI_Init                                0x08000ea5   Thumb Code   142  stm32f10x_exti.o(i.EXTI_Init)
    GPIO_EXTILineConfig                      0x08000f39   Thumb Code    60  stm32f10x_gpio.o(i.GPIO_EXTILineConfig)
    GPIO_Init                                0x08000f79   Thumb Code   278  stm32f10x_gpio.o(i.GPIO_Init)
    GPIO_PinRemapConfig                      0x08001091   Thumb Code   138  stm32f10x_gpio.o(i.GPIO_PinRemapConfig)
    GPIO_ResetBits                           0x08001121   Thumb Code     4  stm32f10x_gpio.o(i.GPIO_ResetBits)
    GPIO_SetBits                             0x08001125   Thumb Code     4  stm32f10x_gpio.o(i.GPIO_SetBits)
    Get_CRC16                                0x08001129   Thumb Code    68  uart2.o(i.Get_CRC16)
    HardFault_Handler                        0x0800116d   Thumb Code     4  stm32f10x_it.o(i.HardFault_Handler)
    IIC_Init                                 0x08001171   Thumb Code    76  iic.o(i.IIC_Init)
    KEY_Init                                 0x080011c9   Thumb Code    52  key.o(i.KEY_Init)
    LED_Init                                 0x08001205   Thumb Code    80  led.o(i.LED_Init)
    MOTOR_Init                               0x0800125d   Thumb Code   376  motor.o(i.MOTOR_Init)
    MY_EXTI_Init                             0x080013e1   Thumb Code   180  exti.o(i.MY_EXTI_Init)
    MemManage_Handler                        0x08001495   Thumb Code     4  stm32f10x_it.o(i.MemManage_Handler)
    NMI_Handler                              0x08001499   Thumb Code     2  stm32f10x_it.o(i.NMI_Handler)
    NVIC_Init                                0x0800149d   Thumb Code   100  misc.o(i.NVIC_Init)
    NVIC_PriorityGroupConfig                 0x0800150d   Thumb Code    10  misc.o(i.NVIC_PriorityGroupConfig)
    OLED_Clear                               0x08001521   Thumb Code    66  oled.o(i.OLED_Clear)
    OLED_Draw_Char                           0x08001565   Thumb Code    80  oled.o(i.OLED_Draw_Char)
    OLED_Draw_Point                          0x080015b9   Thumb Code    52  oled.o(i.OLED_Draw_Point)
    OLED_Draw_String                         0x080015ed   Thumb Code    36  oled.o(i.OLED_Draw_String)
    OLED_Init                                0x08001611   Thumb Code   300  oled.o(i.OLED_Init)
    OLED_WR_Byte                             0x08001749   Thumb Code    78  oled.o(i.OLED_WR_Byte)
    RCC_AHBPeriphClockCmd                    0x080017a1   Thumb Code    26  stm32f10x_rcc.o(i.RCC_AHBPeriphClockCmd)
    RCC_APB1PeriphClockCmd                   0x080017c1   Thumb Code    26  stm32f10x_rcc.o(i.RCC_APB1PeriphClockCmd)
    RCC_APB1PeriphResetCmd                   0x080017e1   Thumb Code    26  stm32f10x_rcc.o(i.RCC_APB1PeriphResetCmd)
    RCC_APB2PeriphClockCmd                   0x08001801   Thumb Code    26  stm32f10x_rcc.o(i.RCC_APB2PeriphClockCmd)
    RCC_APB2PeriphResetCmd                   0x08001821   Thumb Code    26  stm32f10x_rcc.o(i.RCC_APB2PeriphResetCmd)
    RCC_GetClocksFreq                        0x08001841   Thumb Code   192  stm32f10x_rcc.o(i.RCC_GetClocksFreq)
    SysTick_CLKSourceConfig                  0x080019fd   Thumb Code    40  misc.o(i.SysTick_CLKSourceConfig)
    SysTick_Handler                          0x08001a25   Thumb Code    16  stm32f10x_it.o(i.SysTick_Handler)
    SysTick_Init                             0x08001a35   Thumb Code    74  systick.o(i.SysTick_Init)
    SystemInit                               0x08001a91   Thumb Code    78  system_stm32f10x.o(i.SystemInit)
    TIM4_IRQHandler                          0x08001af1   Thumb Code    22  timer4.o(i.TIM4_IRQHandler)
    TIMER4_Init                              0x08001b0d   Thumb Code    94  timer4.o(i.TIMER4_Init)
    TIM_ARRPreloadConfig                     0x08001b71   Thumb Code    24  stm32f10x_tim.o(i.TIM_ARRPreloadConfig)
    TIM_ClearITPendingBit                    0x08001b89   Thumb Code     6  stm32f10x_tim.o(i.TIM_ClearITPendingBit)
    TIM_Cmd                                  0x08001b8f   Thumb Code    24  stm32f10x_tim.o(i.TIM_Cmd)
    TIM_GetITStatus                          0x08001ba7   Thumb Code    34  stm32f10x_tim.o(i.TIM_GetITStatus)
    TIM_ITConfig                             0x08001bc9   Thumb Code    18  stm32f10x_tim.o(i.TIM_ITConfig)
    TIM_OC2Init                              0x08001bdd   Thumb Code   154  stm32f10x_tim.o(i.TIM_OC2Init)
    TIM_OC2PreloadConfig                     0x08001c81   Thumb Code    26  stm32f10x_tim.o(i.TIM_OC2PreloadConfig)
    TIM_OC4Init                              0x08001c9d   Thumb Code   114  stm32f10x_tim.o(i.TIM_OC4Init)
    TIM_OC4PreloadConfig                     0x08001d19   Thumb Code    26  stm32f10x_tim.o(i.TIM_OC4PreloadConfig)
    TIM_SetCompare2                          0x08001d33   Thumb Code     4  stm32f10x_tim.o(i.TIM_SetCompare2)
    TIM_SetCompare4                          0x08001d37   Thumb Code     6  stm32f10x_tim.o(i.TIM_SetCompare4)
    TIM_TimeBaseInit                         0x08001d3d   Thumb Code   122  stm32f10x_tim.o(i.TIM_TimeBaseInit)
    UART1DMA_Init                            0x08001de1   Thumb Code   168  dma.o(i.UART1DMA_Init)
    UART2_INIT                               0x08001e99   Thumb Code   206  uart2.o(i.UART2_INIT)
    UART2_TXFUNC                             0x08001f75   Thumb Code    92  uart2.o(i.UART2_TXFUNC)
    UART3DMA_Init                            0x08001fe9   Thumb Code   168  uart3.o(i.UART3DMA_Init)
    UART3_Init                               0x080020a1   Thumb Code   190  uart3.o(i.UART3_Init)
    UART3_Puts                               0x08002169   Thumb Code    54  uart3.o(i.UART3_Puts)
    UART3_TxData                             0x080021a9   Thumb Code    38  uart3.o(i.UART3_TxData)
    UART_IDLEInit                            0x080021d5   Thumb Code   182  uart.o(i.UART_IDLEInit)
    USART1_IRQHandler                        0x08002295   Thumb Code   150  interrupt.o(i.USART1_IRQHandler)
    USART2_IRQHandler                        0x08002349   Thumb Code    66  interrupt.o(i.USART2_IRQHandler)
    USART3_IRQHandler                        0x08002399   Thumb Code    66  interrupt.o(i.USART3_IRQHandler)
    USART_ClearITPendingBit                  0x080023e9   Thumb Code    30  stm32f10x_usart.o(i.USART_ClearITPendingBit)
    USART_Cmd                                0x08002407   Thumb Code    24  stm32f10x_usart.o(i.USART_Cmd)
    USART_DMACmd                             0x0800241f   Thumb Code    18  stm32f10x_usart.o(i.USART_DMACmd)
    USART_DeInit                             0x08002431   Thumb Code   134  stm32f10x_usart.o(i.USART_DeInit)
    USART_GetFlagStatus                      0x080024cd   Thumb Code    26  stm32f10x_usart.o(i.USART_GetFlagStatus)
    USART_GetITStatus                        0x080024e7   Thumb Code    84  stm32f10x_usart.o(i.USART_GetITStatus)
    USART_ITConfig                           0x0800253b   Thumb Code    74  stm32f10x_usart.o(i.USART_ITConfig)
    USART_Init                               0x08002585   Thumb Code   210  stm32f10x_usart.o(i.USART_Init)
    USART_ReceiveData                        0x0800265d   Thumb Code    10  stm32f10x_usart.o(i.USART_ReceiveData)
    USART_SendData                           0x08002667   Thumb Code     8  stm32f10x_usart.o(i.USART_SendData)
    UsageFault_Handler                       0x0800266f   Thumb Code     4  stm32f10x_it.o(i.UsageFault_Handler)
    WIFI_Connect                             0x08002673   Thumb Code    14  esp8266.o(i.WIFI_Connect)
    WIFI_Connect_IOTServer                   0x08002681   Thumb Code   198  esp8266.o(i.WIFI_Connect_IOTServer)
    WIFI_Connect_Server                      0x08002931   Thumb Code   188  esp8266.o(i.WIFI_Connect_Server)
    WIFI_JoinAP                              0x08002ab9   Thumb Code    88  esp8266.o(i.WIFI_JoinAP)
    WIFI_Reset                               0x08002b59   Thumb Code    82  esp8266.o(i.WIFI_Reset)
    WIFI_ResetIO_Init                        0x08002bc9   Thumb Code    62  esp8266.o(i.WIFI_ResetIO_Init)
    WIFI_SendCmd                             0x08002c15   Thumb Code    86  esp8266.o(i.WIFI_SendCmd)
    __0printf                                0x08002c89   Thumb Code    22  printfa.o(i.__0printf)
    __1printf                                0x08002c89   Thumb Code     0  printfa.o(i.__0printf)
    __2printf                                0x08002c89   Thumb Code     0  printfa.o(i.__0printf)
    __c89printf                              0x08002c89   Thumb Code     0  printfa.o(i.__0printf)
    printf                                   0x08002c89   Thumb Code     0  printfa.o(i.__0printf)
    __0sprintf                               0x08002ca9   Thumb Code    34  printfa.o(i.__0sprintf)
    __1sprintf                               0x08002ca9   Thumb Code     0  printfa.o(i.__0sprintf)
    __2sprintf                               0x08002ca9   Thumb Code     0  printfa.o(i.__0sprintf)
    __c89sprintf                             0x08002ca9   Thumb Code     0  printfa.o(i.__0sprintf)
    sprintf                                  0x08002ca9   Thumb Code     0  printfa.o(i.__0sprintf)
    __0vsprintf                              0x08002cd1   Thumb Code    30  printfa.o(i.__0vsprintf)
    __1vsprintf                              0x08002cd1   Thumb Code     0  printfa.o(i.__0vsprintf)
    __2vsprintf                              0x08002cd1   Thumb Code     0  printfa.o(i.__0vsprintf)
    __c89vsprintf                            0x08002cd1   Thumb Code     0  printfa.o(i.__0vsprintf)
    vsprintf                                 0x08002cd1   Thumb Code     0  printfa.o(i.__0vsprintf)
    __scatterload_copy                       0x08002cf5   Thumb Code    14  handlers.o(i.__scatterload_copy)
    __scatterload_null                       0x08002d03   Thumb Code     2  handlers.o(i.__scatterload_null)
    __scatterload_zeroinit                   0x08002d05   Thumb Code    14  handlers.o(i.__scatterload_zeroinit)
    delay_ms                                 0x080035d1   Thumb Code    60  systick.o(i.delay_ms)
    delay_us                                 0x08003611   Thumb Code    68  systick.o(i.delay_us)
    fputc                                    0x08003659   Thumb Code    32  uart.o(i.fputc)
    main                                     0x0800367d   Thumb Code    90  main.o(i.main)
    pvPortMalloc                             0x08003b99   Thumb Code   262  heap_4.o(i.pvPortMalloc)
    pxPortInitialiseStack                    0x08003ced   Thumb Code    30  port.o(i.pxPortInitialiseStack)
    uxListRemove                             0x08003d11   Thumb Code    40  list.o(i.uxListRemove)
    vListInitialise                          0x08003d39   Thumb Code    26  list.o(i.vListInitialise)
    vListInitialiseItem                      0x08003d53   Thumb Code     6  list.o(i.vListInitialiseItem)
    vListInsert                              0x08003d59   Thumb Code    52  list.o(i.vListInsert)
    vListInsertEnd                           0x08003d8d   Thumb Code    24  list.o(i.vListInsertEnd)
    vPortEnterCritical                       0x08003da5   Thumb Code    68  port.o(i.vPortEnterCritical)
    vPortExitCritical                        0x08003e2d   Thumb Code    48  port.o(i.vPortExitCritical)
    vPortFree                                0x08003e9d   Thumb Code   120  heap_4.o(i.vPortFree)
    vPortSetupTimerInterrupt                 0x08003f55   Thumb Code    26  port.o(i.vPortSetupTimerInterrupt)
    vTaskDelay                               0x08003f75   Thumb Code    72  tasks.o(i.vTaskDelay)
    vTaskFor485                              0x08003fed   Thumb Code   262  main.o(i.vTaskFor485)
    vTaskForLed                              0x0800413d   Thumb Code   658  main.o(i.vTaskForLed)
    vTaskForTemp                             0x08004475   Thumb Code    54  main.o(i.vTaskForTemp)
    vTaskStartScheduler                      0x080044c9   Thumb Code    98  tasks.o(i.vTaskStartScheduler)
    vTaskSuspendAll                          0x08004571   Thumb Code    12  tasks.o(i.vTaskSuspendAll)
    vTaskSwitchContext                       0x08004581   Thumb Code   110  tasks.o(i.vTaskSwitchContext)
    xPortStartScheduler                      0x0800462d   Thumb Code   140  port.o(i.xPortStartScheduler)
    xPortSysTickHandler                      0x080046cd   Thumb Code    46  port.o(i.xPortSysTickHandler)
    xTaskCreate                              0x08004701   Thumb Code    96  tasks.o(i.xTaskCreate)
    xTaskGetSchedulerState                   0x08004761   Thumb Code    24  tasks.o(i.xTaskGetSchedulerState)
    xTaskIncrementTick                       0x08004781   Thumb Code   272  tasks.o(i.xTaskIncrementTick)
    xTaskResumeAll                           0x080048e5   Thumb Code   214  tasks.o(i.xTaskResumeAll)
    ascii_1608                               0x08004a2a   Data        1520  oled.o(.constdata)
    FontHzk                                  0x0800501a   Data         224  oled.o(.constdata)
    Region$$Table$$Base                      0x080050fc   Number         0  anon$$obj.o(Region$$Table)
    Region$$Table$$Limit                     0x0800511c   Number         0  anon$$obj.o(Region$$Table)
    SystemCoreClock                          0x20000014   Data           4  system_stm32f10x.o(.data)
    AHBPrescTable                            0x20000018   Data          16  system_stm32f10x.o(.data)
    UART_RxCounter                           0x2000006c   Data           4  interrupt.o(.data)
    UART_Send_Flag                           0x20000070   Data           1  interrupt.o(.data)
    UART1DMA_TxCounter                       0x2000007c   Data           4  dma.o(.data)
    DMA_TcFlags                              0x20000080   Data           1  dma.o(.data)
    UART1DMA_RxCounter                       0x20000084   Data           4  dma.o(.data)
    UART3_RxCounter                          0x20000088   Data           4  uart3.o(.data)
    UART2_RxCounter                          0x2000008c   Data           4  uart2.o(.data)
    modresdata                               0x20000090   Data           8  uart2.o(.data)
    pxCurrentTCB                             0x20000098   Data           4  tasks.o(.data)
    __stdout                                 0x200000f8   Data           4  stdout.o(.data)
    UART_RxBuff                              0x200000fc   Data        1024  interrupt.o(.bss)
    UART1DMA_TxBuff                          0x200004fc   Data        4096  dma.o(.bss)
    UART1DMA_RxBuff                          0x200014fc   Data        1024  dma.o(.bss)
    UART3_RxBuff                             0x200018fc   Data        1024  uart3.o(.bss)
    UART3_TxBuff                             0x20001cfc   Data        1024  uart3.o(.bss)
    UART2_TXDATA                             0x200020fc   Data         512  uart2.o(.bss)
    UART2_RXDATA                             0x200022fc   Data         512  uart2.o(.bss)
    __initial_sp                             0x2000bbe0   Data           0  startup_stm32f10x_hd.o(STACK)



==============================================================================

Memory Map of the image

  Image Entry point : 0x08000131

  Load Region LR_IROM1 (Base: 0x08000000, Size: 0x00005218, Max: 0x00080000, ABSOLUTE)

    Execution Region ER_IROM1 (Exec base: 0x08000000, Load base: 0x08000000, Size: 0x0000511c, Max: 0x00080000, ABSOLUTE)

    Exec Addr    Load Addr    Size         Type   Attr      Idx    E Section Name        Object

    0x08000000   0x08000000   0x00000130   Data   RO         1546    RESET               startup_stm32f10x_hd.o
    0x08000130   0x08000130   0x00000000   Code   RO         3074  * .ARM.Collect$$$$00000000  mc_w.l(entry.o)
    0x08000130   0x08000130   0x00000004   Code   RO         3362    .ARM.Collect$$$$00000001  mc_w.l(entry2.o)
    0x08000134   0x08000134   0x00000004   Code   RO         3365    .ARM.Collect$$$$00000004  mc_w.l(entry5.o)
    0x08000138   0x08000138   0x00000000   Code   RO         3367    .ARM.Collect$$$$00000008  mc_w.l(entry7b.o)
    0x08000138   0x08000138   0x00000000   Code   RO         3369    .ARM.Collect$$$$0000000A  mc_w.l(entry8b.o)
    0x08000138   0x08000138   0x00000008   Code   RO         3370    .ARM.Collect$$$$0000000B  mc_w.l(entry9a.o)
    0x08000140   0x08000140   0x00000000   Code   RO         3372    .ARM.Collect$$$$0000000D  mc_w.l(entry10a.o)
    0x08000140   0x08000140   0x00000000   Code   RO         3374    .ARM.Collect$$$$0000000F  mc_w.l(entry11a.o)
    0x08000140   0x08000140   0x00000004   Code   RO         3363    .ARM.Collect$$$$00002712  mc_w.l(entry2.o)
    0x08000144   0x08000144   0x00000096   Code   RO         2997    .emb_text           port.o
    0x080001da   0x080001da   0x00000002   PAD
    0x080001dc   0x080001dc   0x00000024   Code   RO         1547    .text               startup_stm32f10x_hd.o
    0x08000200   0x08000200   0x00000024   Code   RO         3077    .text               mc_w.l(memcpya.o)
    0x08000224   0x08000224   0x00000024   Code   RO         3079    .text               mc_w.l(memseta.o)
    0x08000248   0x08000248   0x00000024   Code   RO         3081    .text               mc_w.l(strstr.o)
    0x0800026c   0x0800026c   0x000000e4   Code   RO         3348    .text               mf_w.l(dmul.o)
    0x08000350   0x08000350   0x000000de   Code   RO         3350    .text               mf_w.l(ddiv.o)
    0x0800042e   0x0800042e   0x00000022   Code   RO         3352    .text               mf_w.l(dflti.o)
    0x08000450   0x08000450   0x0000001a   Code   RO         3354    .text               mf_w.l(dfltui.o)
    0x0800046a   0x0800046a   0x00000032   Code   RO         3356    .text               mf_w.l(ffixi.o)
    0x0800049c   0x0800049c   0x00000026   Code   RO         3358    .text               mf_w.l(f2d.o)
    0x080004c2   0x080004c2   0x00000038   Code   RO         3360    .text               mf_w.l(d2f.o)
    0x080004fa   0x080004fa   0x0000002c   Code   RO         3377    .text               mc_w.l(uidiv.o)
    0x08000526   0x08000526   0x00000062   Code   RO         3379    .text               mc_w.l(uldiv.o)
    0x08000588   0x08000588   0x00000000   Code   RO         3381    .text               mc_w.l(iusefp.o)
    0x08000588   0x08000588   0x0000006e   Code   RO         3382    .text               mf_w.l(fepilogue.o)
    0x080005f6   0x080005f6   0x000000ba   Code   RO         3384    .text               mf_w.l(depilogue.o)
    0x080006b0   0x080006b0   0x0000014e   Code   RO         3386    .text               mf_w.l(dadd.o)
    0x080007fe   0x080007fe   0x00000030   Code   RO         3388    .text               mf_w.l(dfixul.o)
    0x0800082e   0x0800082e   0x00000002   PAD
    0x08000830   0x08000830   0x00000030   Code   RO         3390    .text               mf_w.l(cdrcmple.o)
    0x08000860   0x08000860   0x00000024   Code   RO         3392    .text               mc_w.l(init.o)
    0x08000884   0x08000884   0x0000001e   Code   RO         3394    .text               mc_w.l(llshl.o)
    0x080008a2   0x080008a2   0x00000020   Code   RO         3396    .text               mc_w.l(llushr.o)
    0x080008c2   0x080008c2   0x00000024   Code   RO         3398    .text               mc_w.l(llsshr.o)
    0x080008e6   0x080008e6   0x00000008   Code   RO         1919    i.AT24C02_Init      at24c02.o
    0x080008ee   0x080008ee   0x00000002   PAD
    0x080008f0   0x080008f0   0x00000038   Code   RO         1584    i.BEEP_Init         beep.o
    0x08000928   0x08000928   0x00000004   Code   RO          216    i.BusFault_Handler  stm32f10x_it.o
    0x0800092c   0x0800092c   0x00000018   Code   RO         1759    i.DEVICE_Init       init.o
    0x08000944   0x08000944   0x00000020   Code   RO         1785    i.DMA1_Channel2_IRQHandler  interrupt.o
    0x08000964   0x08000964   0x0000002c   Code   RO         1786    i.DMA1_Channel4_IRQHandler  interrupt.o
    0x08000990   0x08000990   0x0000001c   Code   RO          879    i.DMA_ClearFlag     stm32f10x_dma.o
    0x080009ac   0x080009ac   0x0000001c   Code   RO          880    i.DMA_ClearITPendingBit  stm32f10x_dma.o
    0x080009c8   0x080009c8   0x00000018   Code   RO          881    i.DMA_Cmd           stm32f10x_dma.o
    0x080009e0   0x080009e0   0x00000008   Code   RO          883    i.DMA_GetCurrDataCounter  stm32f10x_dma.o
    0x080009e8   0x080009e8   0x0000002c   Code   RO          884    i.DMA_GetFlagStatus  stm32f10x_dma.o
    0x08000a14   0x08000a14   0x0000002c   Code   RO          885    i.DMA_GetITStatus   stm32f10x_dma.o
    0x08000a40   0x08000a40   0x000000b8   Code   RO         2256    i.DMA_INIT          uart2.o
    0x08000af8   0x08000af8   0x00000012   Code   RO          886    i.DMA_ITConfig      stm32f10x_dma.o
    0x08000b0a   0x08000b0a   0x0000003c   Code   RO          887    i.DMA_Init          stm32f10x_dma.o
    0x08000b46   0x08000b46   0x00000004   Code   RO          888    i.DMA_SetCurrDataCounter  stm32f10x_dma.o
    0x08000b4a   0x08000b4a   0x00000002   PAD
    0x08000b4c   0x08000b4c   0x0000008c   Code   RO         1989    i.DS18B20_GetTemperture  ds18b20.o
    0x08000bd8   0x08000bd8   0x00000020   Code   RO         1990    i.DS18B20_IO_IN     ds18b20.o
    0x08000bf8   0x08000bf8   0x00000024   Code   RO         1991    i.DS18B20_IO_OUT    ds18b20.o
    0x08000c1c   0x08000c1c   0x0000002c   Code   RO         1992    i.DS18B20_Init      ds18b20.o
    0x08000c48   0x08000c48   0x00000040   Code   RO         1994    i.DS18B20_ReadRom   ds18b20.o
    0x08000c88   0x08000c88   0x00000048   Code   RO         1995    i.DS18B20_Read_Byte  ds18b20.o
    0x08000cd0   0x08000cd0   0x00000090   Code   RO         1996    i.DS18B20_Reset     ds18b20.o
    0x08000d60   0x08000d60   0x0000005c   Code   RO         1998    i.DS18B20_Write_Byte  ds18b20.o
    0x08000dbc   0x08000dbc   0x00000002   Code   RO          217    i.DebugMon_Handler  stm32f10x_it.o
    0x08000dbe   0x08000dbe   0x00000002   PAD
    0x08000dc0   0x08000dc0   0x00000030   Code   RO         1668    i.EXTI0_IRQHandler  exti.o
    0x08000df0   0x08000df0   0x0000002c   Code   RO         1669    i.EXTI3_IRQHandler  exti.o
    0x08000e1c   0x08000e1c   0x00000054   Code   RO         1670    i.EXTI4_IRQHandler  exti.o
    0x08000e70   0x08000e70   0x0000000c   Code   RO          646    i.EXTI_ClearITPendingBit  stm32f10x_exti.o
    0x08000e7c   0x08000e7c   0x00000028   Code   RO          650    i.EXTI_GetITStatus  stm32f10x_exti.o
    0x08000ea4   0x08000ea4   0x00000094   Code   RO          651    i.EXTI_Init         stm32f10x_exti.o
    0x08000f38   0x08000f38   0x00000040   Code   RO          298    i.GPIO_EXTILineConfig  stm32f10x_gpio.o
    0x08000f78   0x08000f78   0x00000116   Code   RO          301    i.GPIO_Init         stm32f10x_gpio.o
    0x0800108e   0x0800108e   0x00000002   PAD
    0x08001090   0x08001090   0x00000090   Code   RO          303    i.GPIO_PinRemapConfig  stm32f10x_gpio.o
    0x08001120   0x08001120   0x00000004   Code   RO          308    i.GPIO_ResetBits    stm32f10x_gpio.o
    0x08001124   0x08001124   0x00000004   Code   RO          309    i.GPIO_SetBits      stm32f10x_gpio.o
    0x08001128   0x08001128   0x00000044   Code   RO         2257    i.Get_CRC16         uart2.o
    0x0800116c   0x0800116c   0x00000004   Code   RO          218    i.HardFault_Handler  stm32f10x_it.o
    0x08001170   0x08001170   0x00000058   Code   RO         1851    i.IIC_Init          iic.o
    0x080011c8   0x080011c8   0x0000003c   Code   RO         1646    i.KEY_Init          key.o
    0x08001204   0x08001204   0x00000058   Code   RO         1552    i.LED_Init          led.o
    0x0800125c   0x0800125c   0x00000184   Code   RO         2224    i.MOTOR_Init        motor.o
    0x080013e0   0x080013e0   0x000000b4   Code   RO         1671    i.MY_EXTI_Init      exti.o
    0x08001494   0x08001494   0x00000004   Code   RO          219    i.MemManage_Handler  stm32f10x_it.o
    0x08001498   0x08001498   0x00000002   Code   RO          220    i.NMI_Handler       stm32f10x_it.o
    0x0800149a   0x0800149a   0x00000002   PAD
    0x0800149c   0x0800149c   0x00000070   Code   RO          609    i.NVIC_Init         misc.o
    0x0800150c   0x0800150c   0x00000014   Code   RO          610    i.NVIC_PriorityGroupConfig  misc.o
    0x08001520   0x08001520   0x00000042   Code   RO         2306    i.OLED_Clear        oled.o
    0x08001562   0x08001562   0x00000002   PAD
    0x08001564   0x08001564   0x00000054   Code   RO         2307    i.OLED_Draw_Char    oled.o
    0x080015b8   0x080015b8   0x00000034   Code   RO         2309    i.OLED_Draw_Point   oled.o
    0x080015ec   0x080015ec   0x00000024   Code   RO         2310    i.OLED_Draw_String  oled.o
    0x08001610   0x08001610   0x00000138   Code   RO         2311    i.OLED_Init         oled.o
    0x08001748   0x08001748   0x00000058   Code   RO         2312    i.OLED_WR_Byte      oled.o
    0x080017a0   0x080017a0   0x00000020   Code   RO          410    i.RCC_AHBPeriphClockCmd  stm32f10x_rcc.o
    0x080017c0   0x080017c0   0x00000020   Code   RO          411    i.RCC_APB1PeriphClockCmd  stm32f10x_rcc.o
    0x080017e0   0x080017e0   0x00000020   Code   RO          412    i.RCC_APB1PeriphResetCmd  stm32f10x_rcc.o
    0x08001800   0x08001800   0x00000020   Code   RO          413    i.RCC_APB2PeriphClockCmd  stm32f10x_rcc.o
    0x08001820   0x08001820   0x00000020   Code   RO          414    i.RCC_APB2PeriphResetCmd  stm32f10x_rcc.o
    0x08001840   0x08001840   0x000000d4   Code   RO          421    i.RCC_GetClocksFreq  stm32f10x_rcc.o
    0x08001914   0x08001914   0x00000008   Code   RO         1510    i.SetSysClock       system_stm32f10x.o
    0x0800191c   0x0800191c   0x000000e0   Code   RO         1511    i.SetSysClockTo72   system_stm32f10x.o
    0x080019fc   0x080019fc   0x00000028   Code   RO          613    i.SysTick_CLKSourceConfig  misc.o
    0x08001a24   0x08001a24   0x00000010   Code   RO          221    i.SysTick_Handler   stm32f10x_it.o
    0x08001a34   0x08001a34   0x0000005c   Code   RO         1611    i.SysTick_Init      systick.o
    0x08001a90   0x08001a90   0x00000060   Code   RO         1513    i.SystemInit        system_stm32f10x.o
    0x08001af0   0x08001af0   0x0000001c   Code   RO         2093    i.TIM4_IRQHandler   timer4.o
    0x08001b0c   0x08001b0c   0x00000064   Code   RO         2094    i.TIMER4_Init       timer4.o
    0x08001b70   0x08001b70   0x00000018   Code   RO          955    i.TIM_ARRPreloadConfig  stm32f10x_tim.o
    0x08001b88   0x08001b88   0x00000006   Code   RO          962    i.TIM_ClearITPendingBit  stm32f10x_tim.o
    0x08001b8e   0x08001b8e   0x00000018   Code   RO          967    i.TIM_Cmd           stm32f10x_tim.o
    0x08001ba6   0x08001ba6   0x00000022   Code   RO          988    i.TIM_GetITStatus   stm32f10x_tim.o
    0x08001bc8   0x08001bc8   0x00000012   Code   RO          992    i.TIM_ITConfig      stm32f10x_tim.o
    0x08001bda   0x08001bda   0x00000002   PAD
    0x08001bdc   0x08001bdc   0x000000a4   Code   RO         1001    i.TIM_OC2Init       stm32f10x_tim.o
    0x08001c80   0x08001c80   0x0000001a   Code   RO         1004    i.TIM_OC2PreloadConfig  stm32f10x_tim.o
    0x08001c9a   0x08001c9a   0x00000002   PAD
    0x08001c9c   0x08001c9c   0x0000007c   Code   RO         1011    i.TIM_OC4Init       stm32f10x_tim.o
    0x08001d18   0x08001d18   0x0000001a   Code   RO         1013    i.TIM_OC4PreloadConfig  stm32f10x_tim.o
    0x08001d32   0x08001d32   0x00000004   Code   RO         1029    i.TIM_SetCompare2   stm32f10x_tim.o
    0x08001d36   0x08001d36   0x00000006   Code   RO         1031    i.TIM_SetCompare4   stm32f10x_tim.o
    0x08001d3c   0x08001d3c   0x000000a4   Code   RO         1038    i.TIM_TimeBaseInit  stm32f10x_tim.o
    0x08001de0   0x08001de0   0x000000b8   Code   RO         2064    i.UART1DMA_Init     dma.o
    0x08001e98   0x08001e98   0x000000dc   Code   RO         2260    i.UART2_INIT        uart2.o
    0x08001f74   0x08001f74   0x00000074   Code   RO         2261    i.UART2_TXFUNC      uart2.o
    0x08001fe8   0x08001fe8   0x000000b8   Code   RO         2187    i.UART3DMA_Init     uart3.o
    0x080020a0   0x080020a0   0x000000c8   Code   RO         2188    i.UART3_Init        uart3.o
    0x08002168   0x08002168   0x00000040   Code   RO         2189    i.UART3_Puts        uart3.o
    0x080021a8   0x080021a8   0x0000002c   Code   RO         2190    i.UART3_TxData      uart3.o
    0x080021d4   0x080021d4   0x000000c0   Code   RO         1706    i.UART_IDLEInit     uart.o
    0x08002294   0x08002294   0x000000b4   Code   RO         1787    i.USART1_IRQHandler  interrupt.o
    0x08002348   0x08002348   0x00000050   Code   RO         1788    i.USART2_IRQHandler  interrupt.o
    0x08002398   0x08002398   0x00000050   Code   RO         1789    i.USART3_IRQHandler  interrupt.o
    0x080023e8   0x080023e8   0x0000001e   Code   RO          700    i.USART_ClearITPendingBit  stm32f10x_usart.o
    0x08002406   0x08002406   0x00000018   Code   RO          703    i.USART_Cmd         stm32f10x_usart.o
    0x0800241e   0x0800241e   0x00000012   Code   RO          704    i.USART_DMACmd      stm32f10x_usart.o
    0x08002430   0x08002430   0x0000009c   Code   RO          705    i.USART_DeInit      stm32f10x_usart.o
    0x080024cc   0x080024cc   0x0000001a   Code   RO          706    i.USART_GetFlagStatus  stm32f10x_usart.o
    0x080024e6   0x080024e6   0x00000054   Code   RO          707    i.USART_GetITStatus  stm32f10x_usart.o
    0x0800253a   0x0800253a   0x0000004a   Code   RO          709    i.USART_ITConfig    stm32f10x_usart.o
    0x08002584   0x08002584   0x000000d8   Code   RO          710    i.USART_Init        stm32f10x_usart.o
    0x0800265c   0x0800265c   0x0000000a   Code   RO          717    i.USART_ReceiveData  stm32f10x_usart.o
    0x08002666   0x08002666   0x00000008   Code   RO          720    i.USART_SendData    stm32f10x_usart.o
    0x0800266e   0x0800266e   0x00000004   Code   RO          222    i.UsageFault_Handler  stm32f10x_it.o
    0x08002672   0x08002672   0x0000000e   Code   RO         2126    i.WIFI_Connect      esp8266.o
    0x08002680   0x08002680   0x000002b0   Code   RO         2127    i.WIFI_Connect_IOTServer  esp8266.o
    0x08002930   0x08002930   0x00000188   Code   RO         2128    i.WIFI_Connect_Server  esp8266.o
    0x08002ab8   0x08002ab8   0x000000a0   Code   RO         2129    i.WIFI_JoinAP       esp8266.o
    0x08002b58   0x08002b58   0x00000070   Code   RO         2130    i.WIFI_Reset        esp8266.o
    0x08002bc8   0x08002bc8   0x0000004c   Code   RO         2131    i.WIFI_ResetIO_Init  esp8266.o
    0x08002c14   0x08002c14   0x00000074   Code   RO         2132    i.WIFI_SendCmd      esp8266.o
    0x08002c88   0x08002c88   0x00000020   Code   RO         3320    i.__0printf         mc_w.l(printfa.o)
    0x08002ca8   0x08002ca8   0x00000028   Code   RO         3322    i.__0sprintf        mc_w.l(printfa.o)
    0x08002cd0   0x08002cd0   0x00000024   Code   RO         3326    i.__0vsprintf       mc_w.l(printfa.o)
    0x08002cf4   0x08002cf4   0x0000000e   Code   RO         3402    i.__scatterload_copy  mc_w.l(handlers.o)
    0x08002d02   0x08002d02   0x00000002   Code   RO         3403    i.__scatterload_null  mc_w.l(handlers.o)
    0x08002d04   0x08002d04   0x0000000e   Code   RO         3404    i.__scatterload_zeroinit  mc_w.l(handlers.o)
    0x08002d12   0x08002d12   0x00000002   PAD
    0x08002d14   0x08002d14   0x00000184   Code   RO         3327    i._fp_digits        mc_w.l(printfa.o)
    0x08002e98   0x08002e98   0x000006dc   Code   RO         3328    i._printf_core      mc_w.l(printfa.o)
    0x08003574   0x08003574   0x00000024   Code   RO         3329    i._printf_post_padding  mc_w.l(printfa.o)
    0x08003598   0x08003598   0x0000002e   Code   RO         3330    i._printf_pre_padding  mc_w.l(printfa.o)
    0x080035c6   0x080035c6   0x0000000a   Code   RO         3332    i._sputc            mc_w.l(printfa.o)
    0x080035d0   0x080035d0   0x00000040   Code   RO         1612    i.delay_ms          systick.o
    0x08003610   0x08003610   0x00000048   Code   RO         1613    i.delay_us          systick.o
    0x08003658   0x08003658   0x00000024   Code   RO         1710    i.fputc             uart.o
    0x0800367c   0x0800367c   0x0000007c   Code   RO            1    i.main              main.o
    0x080036f8   0x080036f8   0x00000098   Code   RO         2654    i.prvAddCurrentTaskToDelayedList  tasks.o
    0x08003790   0x08003790   0x000000b4   Code   RO         2655    i.prvAddNewTaskToReadyList  tasks.o
    0x08003844   0x08003844   0x00000064   Code   RO         2656    i.prvCheckTasksWaitingTermination  tasks.o
    0x080038a8   0x080038a8   0x00000012   Code   RO         2657    i.prvDeleteTCB      tasks.o
    0x080038ba   0x080038ba   0x00000002   PAD
    0x080038bc   0x080038bc   0x0000007c   Code   RO         2948    i.prvHeapInit       heap_4.o
    0x08003938   0x08003938   0x00000028   Code   RO         2658    i.prvIdleTask       tasks.o
    0x08003960   0x08003960   0x000000c4   Code   RO         2659    i.prvInitialiseNewTask  tasks.o
    0x08003a24   0x08003a24   0x00000068   Code   RO         2660    i.prvInitialiseTaskLists  tasks.o
    0x08003a8c   0x08003a8c   0x00000068   Code   RO         2949    i.prvInsertBlockIntoFreeList  heap_4.o
    0x08003af4   0x08003af4   0x00000034   Code   RO         2661    i.prvResetNextTaskUnblockTime  tasks.o
    0x08003b28   0x08003b28   0x00000070   Code   RO         2998    i.prvTaskExitError  port.o
    0x08003b98   0x08003b98   0x00000154   Code   RO         2950    i.pvPortMalloc      heap_4.o
    0x08003cec   0x08003cec   0x00000024   Code   RO         2999    i.pxPortInitialiseStack  port.o
    0x08003d10   0x08003d10   0x00000028   Code   RO         2469    i.uxListRemove      list.o
    0x08003d38   0x08003d38   0x0000001a   Code   RO         2470    i.vListInitialise   list.o
    0x08003d52   0x08003d52   0x00000006   Code   RO         2471    i.vListInitialiseItem  list.o
    0x08003d58   0x08003d58   0x00000034   Code   RO         2472    i.vListInsert       list.o
    0x08003d8c   0x08003d8c   0x00000018   Code   RO         2473    i.vListInsertEnd    list.o
    0x08003da4   0x08003da4   0x00000088   Code   RO         3001    i.vPortEnterCritical  port.o
    0x08003e2c   0x08003e2c   0x00000070   Code   RO         3002    i.vPortExitCritical  port.o
    0x08003e9c   0x08003e9c   0x000000b8   Code   RO         2951    i.vPortFree         heap_4.o
    0x08003f54   0x08003f54   0x00000020   Code   RO         3003    i.vPortSetupTimerInterrupt  port.o
    0x08003f74   0x08003f74   0x00000078   Code   RO         2668    i.vTaskDelay        tasks.o
    0x08003fec   0x08003fec   0x00000150   Code   RO            2    i.vTaskFor485       main.o
    0x0800413c   0x0800413c   0x00000338   Code   RO            3    i.vTaskForLed       main.o
    0x08004474   0x08004474   0x00000054   Code   RO            4    i.vTaskForTemp      main.o
    0x080044c8   0x080044c8   0x000000a8   Code   RO         2679    i.vTaskStartScheduler  tasks.o
    0x08004570   0x08004570   0x00000010   Code   RO         2681    i.vTaskSuspendAll   tasks.o
    0x08004580   0x08004580   0x000000ac   Code   RO         2682    i.vTaskSwitchContext  tasks.o
    0x0800462c   0x0800462c   0x000000a0   Code   RO         3005    i.xPortStartScheduler  port.o
    0x080046cc   0x080046cc   0x00000034   Code   RO         3006    i.xPortSysTickHandler  port.o
    0x08004700   0x08004700   0x00000060   Code   RO         2684    i.xTaskCreate       tasks.o
    0x08004760   0x08004760   0x00000020   Code   RO         2687    i.xTaskGetSchedulerState  tasks.o
    0x08004780   0x08004780   0x00000164   Code   RO         2690    i.xTaskIncrementTick  tasks.o
    0x080048e4   0x080048e4   0x00000124   Code   RO         2695    i.xTaskResumeAll    tasks.o
    0x08004a08   0x08004a08   0x00000022   Data   RO         2263    .constdata          uart2.o
    0x08004a2a   0x08004a2a   0x000006d0   Data   RO         2313    .constdata          oled.o
    0x080050fa   0x080050fa   0x00000002   PAD
    0x080050fc   0x080050fc   0x00000020   Data   RO         3400    Region$$Table       anon$$obj.o


    Execution Region RW_IRAM1 (Exec base: 0x20000000, Load base: 0x0800511c, Size: 0x0000bbe0, Max: 0x00010000, ABSOLUTE)

    Exec Addr    Load Addr    Size         Type   Attr      Idx    E Section Name        Object

    0x20000000   0x0800511c   0x00000014   Data   RW          441    .data               stm32f10x_rcc.o
    0x20000014   0x08005130   0x00000014   Data   RW         1514    .data               system_stm32f10x.o
    0x20000028   0x08005144   0x00000004   Data   RW         1615    .data               systick.o
    0x2000002c   0x08005148   0x00000040   Data   RW         1760    .data               init.o
    0x2000006c   0x08005188   0x00000005   Data   RW         1791    .data               interrupt.o
    0x20000071   0x0800518d   0x00000008   Data   RW         1999    .data               ds18b20.o
    0x20000079   0x08005195   0x00000003   PAD
    0x2000007c   0x08005198   0x0000000c   Data   RW         2067    .data               dma.o
    0x20000088   0x080051a4   0x00000004   Data   RW         2192    .data               uart3.o
    0x2000008c   0x080051a8   0x0000000c   Data   RW         2264    .data               uart2.o
    0x20000098   0x080051b4   0x0000003c   Data   RW         2698    .data               tasks.o
    0x200000d4   0x080051f0   0x00000018   Data   RW         2956    .data               heap_4.o
    0x200000ec   0x08005208   0x0000000c   Data   RW         3007    .data               port.o
    0x200000f8   0x08005214   0x00000004   Data   RW         3376    .data               mc_w.l(stdout.o)
    0x200000fc        -       0x00000400   Zero   RW         1790    .bss                interrupt.o
    0x200004fc        -       0x00001400   Zero   RW         2066    .bss                dma.o
    0x200018fc        -       0x00000800   Zero   RW         2191    .bss                uart3.o
    0x200020fc        -       0x00000400   Zero   RW         2262    .bss                uart2.o
    0x200024fc        -       0x000002e4   Zero   RW         2697    .bss                tasks.o
    0x200027e0        -       0x00009000   Zero   RW         2955    .bss                heap_4.o
    0x2000b7e0        -       0x00000400   Zero   RW         1544    STACK               startup_stm32f10x_hd.o


==============================================================================

Image component sizes


      Code (inc. data)   RO Data    RW Data    ZI Data      Debug   Object Name

         8          0          0          0          0        419   at24c02.o
        56          6          0          0          0        440   beep.o
         0          0          0          0          0         32   core_cm3.o
       184         16          0         12       5120       1492   dma.o
       624        104          0          8          0       4719   ds18b20.o
      1558        840          0          0          0       4020   esp8266.o
         0          0          0          0          0       1428   event_groups.o
       356         28          0          0          0       1884   exti.o
       752        176          0         24      36864       3811   heap_4.o
        88         12          0          0          0        455   iic.o
        24          4          0         64          0       1630   init.o
       416         72          0          5       1024       3130   interrupt.o
        60          8          0          0          0        439   key.o
        88          8          0          0          0        455   led.o
       148          0          0          0          0       3014   list.o
      1368        312          0          0          0     278010   main.o
       172         22          0          0          0       2237   misc.o
       388         12          0          0          0        745   motor.o
       638         26       1744          0          0       4651   oled.o
       790        246          0         12          0       9472   port.o
        36          8        304          0       1024        784   startup_stm32f10x_hd.o
       258         36          0          0          0       7000   stm32f10x_dma.o
       200         18          0          0          0       2292   stm32f10x_exti.o
       494         10          0          0          0       4700   stm32f10x_gpio.o
        36          0          0          0          0       2811   stm32f10x_it.o
       372         50          0         20          0       6356   stm32f10x_rcc.o
       620         62          0          0          0       8055   stm32f10x_tim.o
       646         28          0          0          0       8265   stm32f10x_usart.o
       328         28          0         20          0       2217   system_stm32f10x.o
       228         26          0          4          0       1741   systick.o
      2094        520          0         60        740      21438   tasks.o
       128         12          0          0          0        924   timer4.o
       228         14          0          0          0       2772   uart.o
       588         60         34         12       1024       4481   uart2.o
       492         42          0          4       2048       3029   uart3.o

    ----------------------------------------------------------------------
     14486       2806       2116        248      47844     399348   Object Totals
         0          0         32          0          0          0   (incl. Generated)
        20          0          2          3          0          0   (incl. Padding)

    ----------------------------------------------------------------------

      Code (inc. data)   RO Data    RW Data    ZI Data      Debug   Library Member Name

         0          0          0          0          0          0   entry.o
         0          0          0          0          0          0   entry10a.o
         0          0          0          0          0          0   entry11a.o
         8          4          0          0          0          0   entry2.o
         4          0          0          0          0          0   entry5.o
         0          0          0          0          0          0   entry7b.o
         0          0          0          0          0          0   entry8b.o
         8          4          0          0          0          0   entry9a.o
        30          0          0          0          0          0   handlers.o
        36          8          0          0          0         68   init.o
         0          0          0          0          0          0   iusefp.o
        30          0          0          0          0         68   llshl.o
        36          0          0          0          0         68   llsshr.o
        32          0          0          0          0         68   llushr.o
        36          0          0          0          0         68   memcpya.o
        36          0          0          0          0        108   memseta.o
      2344        102          0          0          0        684   printfa.o
         0          0          0          4          0          0   stdout.o
        36          0          0          0          0         80   strstr.o
        44          0          0          0          0         80   uidiv.o
        98          0          0          0          0         92   uldiv.o
        48          0          0          0          0         68   cdrcmple.o
        56          0          0          0          0         88   d2f.o
       334          0          0          0          0        148   dadd.o
       222          0          0          0          0        100   ddiv.o
       186          0          0          0          0        176   depilogue.o
        48          0          0          0          0         68   dfixul.o
        34          0          0          0          0         76   dflti.o
        26          0          0          0          0         76   dfltui.o
       228          0          0          0          0         96   dmul.o
        38          0          0          0          0         68   f2d.o
       110          0          0          0          0        168   fepilogue.o
        50          0          0          0          0         68   ffixi.o

    ----------------------------------------------------------------------
      4162        118          0          4          0       2584   Library Totals
         4          0          0          0          0          0   (incl. Padding)

    ----------------------------------------------------------------------

      Code (inc. data)   RO Data    RW Data    ZI Data      Debug   Library Name

      2778        118          0          4          0       1384   mc_w.l
      1380          0          0          0          0       1200   mf_w.l

    ----------------------------------------------------------------------
      4162        118          0          4          0       2584   Library Totals

    ----------------------------------------------------------------------

==============================================================================


      Code (inc. data)   RO Data    RW Data    ZI Data      Debug   

     18648       2924       2116        252      47844     393192   Grand Totals
     18648       2924       2116        252      47844     393192   ELF Image Totals
     18648       2924       2116        252          0          0   ROM Totals

==============================================================================

    Total RO  Size (Code + RO Data)                20764 (  20.28kB)
    Total RW  Size (RW Data + ZI Data)             48096 (  46.97kB)
    Total ROM Size (Code + RO Data + RW Data)      21016 (  20.52kB)

==============================================================================

